Archive member included to satisfy reference by file (symbol)

C:/ST/STM32CubeIDE_1.15.1/STM32CubeIDE/plugins/com.st.stm32cube.ide.mcu.externaltools.gnu-tools-for-stm32.12.3.rel1.win32_1.0.100.202403111256/tools/bin/../lib/gcc/arm-none-eabi/12.3.1/../../../../arm-none-eabi/lib/thumb/v7e-m+fp/hard\libc_nano.a(libc_a-exit.o)
                              C:/ST/STM32CubeIDE_1.15.1/STM32CubeIDE/plugins/com.st.stm32cube.ide.mcu.externaltools.gnu-tools-for-stm32.12.3.rel1.win32_1.0.100.202403111256/tools/bin/../lib/gcc/arm-none-eabi/12.3.1/../../../../arm-none-eabi/lib/thumb/v7e-m+fp/hard/crt0.o (exit)
C:/ST/STM32CubeIDE_1.15.1/STM32CubeIDE/plugins/com.st.stm32cube.ide.mcu.externaltools.gnu-tools-for-stm32.12.3.rel1.win32_1.0.100.202403111256/tools/bin/../lib/gcc/arm-none-eabi/12.3.1/../../../../arm-none-eabi/lib/thumb/v7e-m+fp/hard\libc_nano.a(libc_a-findfp.o)
                              C:/ST/STM32CubeIDE_1.15.1/STM32CubeIDE/plugins/com.st.stm32cube.ide.mcu.externaltools.gnu-tools-for-stm32.12.3.rel1.win32_1.0.100.202403111256/tools/bin/../lib/gcc/arm-none-eabi/12.3.1/../../../../arm-none-eabi/lib/thumb/v7e-m+fp/hard\libc_nano.a(libc_a-exit.o) (__stdio_exit_handler)
C:/ST/STM32CubeIDE_1.15.1/STM32CubeIDE/plugins/com.st.stm32cube.ide.mcu.externaltools.gnu-tools-for-stm32.12.3.rel1.win32_1.0.100.202403111256/tools/bin/../lib/gcc/arm-none-eabi/12.3.1/../../../../arm-none-eabi/lib/thumb/v7e-m+fp/hard\libc_nano.a(libc_a-fwalk.o)
                              C:/ST/STM32CubeIDE_1.15.1/STM32CubeIDE/plugins/com.st.stm32cube.ide.mcu.externaltools.gnu-tools-for-stm32.12.3.rel1.win32_1.0.100.202403111256/tools/bin/../lib/gcc/arm-none-eabi/12.3.1/../../../../arm-none-eabi/lib/thumb/v7e-m+fp/hard\libc_nano.a(libc_a-findfp.o) (_fwalk_sglue)
C:/ST/STM32CubeIDE_1.15.1/STM32CubeIDE/plugins/com.st.stm32cube.ide.mcu.externaltools.gnu-tools-for-stm32.12.3.rel1.win32_1.0.100.202403111256/tools/bin/../lib/gcc/arm-none-eabi/12.3.1/../../../../arm-none-eabi/lib/thumb/v7e-m+fp/hard\libc_nano.a(libc_a-stdio.o)
                              C:/ST/STM32CubeIDE_1.15.1/STM32CubeIDE/plugins/com.st.stm32cube.ide.mcu.externaltools.gnu-tools-for-stm32.12.3.rel1.win32_1.0.100.202403111256/tools/bin/../lib/gcc/arm-none-eabi/12.3.1/../../../../arm-none-eabi/lib/thumb/v7e-m+fp/hard\libc_nano.a(libc_a-findfp.o) (__sread)
C:/ST/STM32CubeIDE_1.15.1/STM32CubeIDE/plugins/com.st.stm32cube.ide.mcu.externaltools.gnu-tools-for-stm32.12.3.rel1.win32_1.0.100.202403111256/tools/bin/../lib/gcc/arm-none-eabi/12.3.1/../../../../arm-none-eabi/lib/thumb/v7e-m+fp/hard\libc_nano.a(libc_a-memset.o)
                              C:/ST/STM32CubeIDE_1.15.1/STM32CubeIDE/plugins/com.st.stm32cube.ide.mcu.externaltools.gnu-tools-for-stm32.12.3.rel1.win32_1.0.100.202403111256/tools/bin/../lib/gcc/arm-none-eabi/12.3.1/../../../../arm-none-eabi/lib/thumb/v7e-m+fp/hard/crt0.o (memset)
C:/ST/STM32CubeIDE_1.15.1/STM32CubeIDE/plugins/com.st.stm32cube.ide.mcu.externaltools.gnu-tools-for-stm32.12.3.rel1.win32_1.0.100.202403111256/tools/bin/../lib/gcc/arm-none-eabi/12.3.1/../../../../arm-none-eabi/lib/thumb/v7e-m+fp/hard\libc_nano.a(libc_a-closer.o)
                              C:/ST/STM32CubeIDE_1.15.1/STM32CubeIDE/plugins/com.st.stm32cube.ide.mcu.externaltools.gnu-tools-for-stm32.12.3.rel1.win32_1.0.100.202403111256/tools/bin/../lib/gcc/arm-none-eabi/12.3.1/../../../../arm-none-eabi/lib/thumb/v7e-m+fp/hard\libc_nano.a(libc_a-stdio.o) (_close_r)
C:/ST/STM32CubeIDE_1.15.1/STM32CubeIDE/plugins/com.st.stm32cube.ide.mcu.externaltools.gnu-tools-for-stm32.12.3.rel1.win32_1.0.100.202403111256/tools/bin/../lib/gcc/arm-none-eabi/12.3.1/../../../../arm-none-eabi/lib/thumb/v7e-m+fp/hard\libc_nano.a(libc_a-reent.o)
                              C:/ST/STM32CubeIDE_1.15.1/STM32CubeIDE/plugins/com.st.stm32cube.ide.mcu.externaltools.gnu-tools-for-stm32.12.3.rel1.win32_1.0.100.202403111256/tools/bin/../lib/gcc/arm-none-eabi/12.3.1/../../../../arm-none-eabi/lib/thumb/v7e-m+fp/hard\libc_nano.a(libc_a-closer.o) (errno)
C:/ST/STM32CubeIDE_1.15.1/STM32CubeIDE/plugins/com.st.stm32cube.ide.mcu.externaltools.gnu-tools-for-stm32.12.3.rel1.win32_1.0.100.202403111256/tools/bin/../lib/gcc/arm-none-eabi/12.3.1/../../../../arm-none-eabi/lib/thumb/v7e-m+fp/hard\libc_nano.a(libc_a-impure.o)
                              C:/ST/STM32CubeIDE_1.15.1/STM32CubeIDE/plugins/com.st.stm32cube.ide.mcu.externaltools.gnu-tools-for-stm32.12.3.rel1.win32_1.0.100.202403111256/tools/bin/../lib/gcc/arm-none-eabi/12.3.1/../../../../arm-none-eabi/lib/thumb/v7e-m+fp/hard\libc_nano.a(libc_a-reent.o) (_impure_ptr)
C:/ST/STM32CubeIDE_1.15.1/STM32CubeIDE/plugins/com.st.stm32cube.ide.mcu.externaltools.gnu-tools-for-stm32.12.3.rel1.win32_1.0.100.202403111256/tools/bin/../lib/gcc/arm-none-eabi/12.3.1/../../../../arm-none-eabi/lib/thumb/v7e-m+fp/hard\libc_nano.a(libc_a-lseekr.o)
[...]
Memory Configuration

Name             Origin             Length             Attributes
RAM              0x20000000         0x00020000         xrw
FLASH            0x08000000         0x00080000         xr
*default*        0x00000000         0xffffffff

Linker script and memory map

LOAD C:/ST/STM32CubeIDE_1.15.1/STM32CubeIDE/plugins/com.st.stm32cube.ide.mcu.externaltools.gnu-tools-for-stm32.12.3.rel1.win32_1.0.100.202403111256/tools/bin/../lib/gcc/arm-none-eabi/12.3.1/thumb/v7e-m+fp/hard/crti.o
LOAD C:/ST/STM32CubeIDE_1.15.1/STM32CubeIDE/plugins/com.st.stm32cube.ide.mcu.externaltools.gnu-tools-for-stm32.12.3.rel1.win32_1.0.100.202403111256/tools/bin/../lib/gcc/arm-none-eabi/12.3.1/thumb/v7e-m+fp/hard/crtbegin.o
LOAD C:/ST/STM32CubeIDE_1.15.1/STM32CubeIDE/plugins/com.st.stm32cube.ide.mcu.externaltools.gnu-tools-for-stm32.12.3.rel1.win32_1.0.100.202403111256/tools/bin/../lib/gcc/arm-none-eabi/12.3.1/../../../../arm-none-eabi/lib/thumb/v7e-m+fp/hard/crt0.o
LOAD ./Src/bsp.o
LOAD ./Src/fpu.o
LOAD ./Src/main.o
LOAD ./Src/syscalls.o
LOAD ./Src/sysmem.o
LOAD ./Src/timebase.o
LOAD ./Src/uart.o
LOAD ./Startup/startup_stm32f411retx.o
START GROUP
LOAD C:/ST/STM32CubeIDE_1.15.1/STM32CubeIDE/plugins/com.st.stm32cube.ide.mcu.externaltools.gnu-tools-for-stm32.12.3.rel1.win32_1.0.100.202403111256/tools/bin/../lib/gcc/arm-none-eabi/12.3.1/../../../../arm-none-eabi/lib/thumb/v7e-m+fp/hard\libc_nano.a
LOAD C:/ST/STM32CubeIDE_1.15.1/STM32CubeIDE/plugins/com.st.stm32cube.ide.mcu.externaltools.gnu-tools-for-stm32.12.3.rel1.win32_1.0.100.202403111256/tools/bin/../lib/gcc/arm-none-eabi/12.3.1/../../../../arm-none-eabi/lib/thumb/v7e-m+fp/hard\libm.a
END GROUP
START GROUP
LOAD C:/ST/STM32CubeIDE_1.15.1/STM32CubeIDE/plugins/com.st.stm32cube.ide.mcu.externaltools.gnu-tools-for-stm32.12.3.rel1.win32_1.0.100.202403111256/tools/bin/../lib/gcc/arm-none-eabi/12.3.1/thumb/v7e-m+fp/hard\libgcc.a
LOAD C:/ST/STM32CubeIDE_1.15.1/STM32CubeIDE/plugins/com.st.stm32cube.ide.mcu.externaltools.gnu-tools-for-stm32.12.3.rel1.win32_1.0.100.202403111256/tools/bin/../lib/gcc/arm-none-eabi/12.3.1/../../../../arm-none-eabi/lib/thumb/v7e-m+fp/hard\libc_nano.a
END GROUP
START GROUP
LOAD C:/ST/STM32CubeIDE_1.15.1/STM32CubeIDE/plugins/com.st.stm32cube.ide.mcu.externaltools.gnu-tools-for-stm32.12.3.rel1.win32_1.0.100.202403111256/tools/bin/../lib/gcc/arm-none-eabi/12.3.1/thumb/v7e-m+fp/hard\libgcc.a
LOAD C:/ST/STM32CubeIDE_1.15.1/STM32CubeIDE/plugins/com.st.stm32cube.ide.mcu.externaltools.gnu-tools-for-stm32.12.3.rel1.win32_1.0.100.202403111256/tools/bin/../lib/gcc/arm-none-eabi/12.3.1/../../../../arm-none-eabi/lib/thumb/v7e-m+fp/hard\libc_nano.a
LOAD C:/ST/STM32CubeIDE_1.15.1/STM32CubeIDE/plugins/com.st.stm32cube.ide.mcu.externaltools.gnu-tools-for-stm32.12.3.rel1.win32_1.0.100.202403111256/tools/bin/../lib/gcc/arm-none-eabi/12.3.1/../../../../arm-none-eabi/lib/thumb/v7e-m+fp/hard\libnosys.a
END GROUP
START GROUP
LOAD C:/ST/STM32CubeIDE_1.15.1/STM32CubeIDE/plugins/com.st.stm32cube.ide.mcu.externaltools.gnu-tools-for-stm32.12.3.rel1.win32_1.0.100.202403111256/tools/bin/../lib/gcc/arm-none-eabi/12.3.1/thumb/v7e-m+fp/hard\libgcc.a
LOAD C:/ST/STM32CubeIDE_1.15.1/STM32CubeIDE/plugins/com.st.stm32cube.ide.mcu.externaltools.gnu-tools-for-stm32.12.3.rel1.win32_1.0.100.202403111256/tools/bin/../lib/gcc/arm-none-eabi/12.3.1/../../../../arm-none-eabi/lib/thumb/v7e-m+fp/hard\libc_nano.a
LOAD C:/ST/STM32CubeIDE_1.15.1/STM32CubeIDE/plugins/com.st.stm32cube.ide.mcu.externaltools.gnu-tools-for-stm32.12.3.rel1.win32_1.0.100.202403111256/tools/bin/../lib/gcc/arm-none-eabi/12.3.1/../../../../arm-none-eabi/lib/thumb/v7e-m+fp/hard\libnosys.a
END GROUP
LOAD C:/ST/STM32CubeIDE_1.15.1/STM32CubeIDE/plugins/com.st.stm32cube.ide.mcu.externaltools.gnu-tools-for-stm32.12.3.rel1.win32_1.0.100.202403111256/tools/bin/../lib/gcc/arm-none-eabi/12.3.1/thumb/v7e-m+fp/hard/crtend.o
LOAD C:/ST/STM32CubeIDE_1.15.1/STM32CubeIDE/plugins/com.st.stm32cube.ide.mcu.externaltools.gnu-tools-for-stm32.12.3.rel1.win32_1.0.100.202403111256/tools/bin/../lib/gcc/arm-none-eabi/12.3.1/thumb/v7e-m+fp/hard/crtn.o
                0x20020000                        _estack = (ORIGIN (RAM) + LENGTH (RAM))
                0x00000200                        _Min_Heap_Size = 0x200
                0x00000400                        _Min_Stack_Size = 0x400

.isr_vector     0x08000000      0x198
                0x08000000                        . = ALIGN (0x4)
 *(.isr_vector)
 .isr_vector    0x08000000      0x198 ./Startup/startup_stm32f411retx.o
                0x08000000                g_pfnVectors
                0x08000198                        . = ALIGN (0x4)

.text           0x08000198      0x364
                0x08000198                        . = ALIGN (0x4)
 *(.text)
 .text          0x08000198       0x40 C:/ST/STM32CubeIDE_1.15.1/STM32CubeIDE/plugins/com.st.stm32cube.ide.mcu.externaltools.gnu-tools-for-stm32.12.3.rel1.win32_1.0.100.202403111256/tools/bin/../lib/gcc/arm-none-eabi/12.3.1/thumb/v7e-m+fp/hard/crtbegin.o
 *(.text*)
 .text.led_init
                0x080001d8       0x3c ./Src/bsp.o
                0x080001d8                led_init
 .text.button_init
                0x08000214       0x3c ./Src/bsp.o
                0x08000214                button_init
 .text.get_btn_state
                0x08000250       0x24 ./Src/bsp.o
                0x08000250                get_btn_state
 .text.fpu_enable
                0x08000274       0x54 ./Src/fpu.o
                0x08000274                fpu_enable
 .text.main     0x080002c8       0x2c ./Src/main.o
                0x080002c8                main
 .text.tick_increment
                0x080002f4       0x1c ./Src/timebase.o
 .text.timebase_init
                0x08000310       0x48 ./Src/timebase.o
                0x08000310                timebase_init
 .text.SysTick_Handler
                0x08000358        0xc ./Src/timebase.o
                0x08000358                SysTick_Handler
 .text.debug_uart_init
                0x08000364       0x94 ./Src/uart.o
                0x08000364                debug_uart_init
 .text.compute_uart_bd
                0x080003f8       0x26 ./Src/uart.o
 *fill*         0x0800041e        0x2 
 .text.uart_set_baudrate
                0x08000420       0x28 ./Src/uart.o
 .text.Reset_Handler
                0x08000448       0x50 ./Startup/startup_stm32f411retx.o
                0x08000448                Reset_Handler
 .text.Default_Handler
                0x08000498        0x2 ./Startup/startup_stm32f411retx.o
                0x08000498                RTC_Alarm_IRQHandler
                0x08000498                EXTI2_IRQHandler
                0x08000498                DebugMon_Handler
                0x08000498                SPI4_IRQHandler
                0x08000498                TIM1_CC_IRQHandler
                0x08000498                DMA2_Stream5_IRQHandler
                0x08000498                HardFault_Handler
                0x08000498                DMA1_Stream5_IRQHandler
                0x08000498                PVD_IRQHandler
                0x08000498                SDIO_IRQHandler
                0x08000498                TAMP_STAMP_IRQHandler
                0x08000498                PendSV_Handler
                0x08000498                NMI_Handler
                0x08000498                EXTI3_IRQHandler
                0x08000498                TIM1_UP_TIM10_IRQHandler
                0x08000498                I2C3_ER_IRQHandler
                0x08000498                EXTI0_IRQHandler
                0x08000498                I2C2_EV_IRQHandler
                0x08000498                DMA1_Stream2_IRQHandler
                0x08000498                FPU_IRQHandler
                0x08000498                UsageFault_Handler
                0x08000498                DMA2_Stream2_IRQHandler
                0x08000498                SPI1_IRQHandler
                0x08000498                TIM1_BRK_TIM9_IRQHandler
                0x08000498                DMA2_Stream3_IRQHandler
                0x08000498                USART6_IRQHandler
                0x08000498                DMA2_Stream0_IRQHandler
                0x08000498                TIM4_IRQHandler
                0x08000498                I2C1_EV_IRQHandler
                0x08000498                DMA1_Stream6_IRQHandler
                0x08000498                DMA1_Stream1_IRQHandler
                0x08000498                TIM3_IRQHandler
                0x08000498                RCC_IRQHandler
                0x08000498                Default_Handler
                0x08000498                EXTI15_10_IRQHandler
                0x08000498                ADC_IRQHandler
                0x08000498                DMA1_Stream7_IRQHandler
                0x08000498                SPI5_IRQHandler
                0x08000498                TIM5_IRQHandler
                0x08000498                DMA2_Stream7_IRQHandler
                0x08000498                I2C3_EV_IRQHandler
                0x08000498                EXTI9_5_IRQHandler
                0x08000498                RTC_WKUP_IRQHandler
                0x08000498                SPI2_IRQHandler
                0x08000498                MemManage_Handler
                0x08000498                DMA1_Stream0_IRQHandler
                0x08000498                SVC_Handler
                0x08000498                EXTI4_IRQHandler
                0x08000498                WWDG_IRQHandler
                0x08000498                TIM2_IRQHandler
                0x08000498                OTG_FS_WKUP_IRQHandler
                0x08000498                TIM1_TRG_COM_TIM11_IRQHandler
                0x08000498                EXTI1_IRQHandler
                0x08000498                USART2_IRQHandler
                0x08000498                I2C2_ER_IRQHandler
                0x08000498                DMA2_Stream1_IRQHandler
                0x08000498                FLASH_IRQHandler
                0x08000498                DMA2_Stream4_IRQHandler
                0x08000498                BusFault_Handler
                0x08000498                USART1_IRQHandler
                0x08000498                OTG_FS_IRQHandler
                0x08000498                SPI3_IRQHandler
                0x08000498                DMA1_Stream4_IRQHandler
                0x08000498                I2C1_ER_IRQHandler
                0x08000498                DMA2_Stream6_IRQHandler
                0x08000498                DMA1_Stream3_IRQHandler
 *fill*         0x0800049a        0x2 
 .text.__libc_init_array
                0x0800049c       0x48 C:/ST/STM32CubeIDE_1.15.1/STM32CubeIDE/plugins/com.st.stm32cube.ide.mcu.externaltools.gnu-tools-for-stm32.12.3.rel1.win32_1.0.100.202403111256/tools/bin/../lib/gcc/arm-none-eabi/12.3.1/../../../../arm-none-eabi/lib/thumb/v7e-m+fp/hard\libc_nano.a(libc_a-init.o)
                0x0800049c                __libc_init_array
 *(.glue_7)
 .glue_7        0x080004e4        0x0 linker stubs
 *(.glue_7t)
 .glue_7t       0x080004e4        0x0 linker stubs
 *(.eh_frame)
 .eh_frame      0x080004e4        0x0 C:/ST/STM32CubeIDE_1.15.1/STM32CubeIDE/plugins/com.st.stm32cube.ide.mcu.externaltools.gnu-tools-for-stm32.12.3.rel1.win32_1.0.100.202403111256/tools/bin/../lib/gcc/arm-none-eabi/12.3.1/thumb/v7e-m+fp/hard/crtbegin.o
 *(.init)
 .init          0x080004e4        0x4 C:/ST/STM32CubeIDE_1.15.1/STM32CubeIDE/plugins/com.st.stm32cube.ide.mcu.externaltools.gnu-tools-for-stm32.12.3.rel1.win32_1.0.100.202403111256/tools/bin/../lib/gcc/arm-none-eabi/12.3.1/thumb/v7e-m+fp/hard/crti.o
                0x080004e4                _init
 .init          0x080004e8        0x8 C:/ST/STM32CubeIDE_1.15.1/STM32CubeIDE/plugins/com.st.stm32cube.ide.mcu.externaltools.gnu-tools-for-stm32.12.3.rel1.win32_1.0.100.202403111256/tools/bin/../lib/gcc/arm-none-eabi/12.3.1/thumb/v7e-m+fp/hard/crtn.o
 *(.fini)
 .fini          0x080004f0        0x4 C:/ST/STM32CubeIDE_1.15.1/STM32CubeIDE/plugins/com.st.stm32cube.ide.mcu.externaltools.gnu-tools-for-stm32.12.3.rel1.win32_1.0.100.202403111256/tools/bin/../lib/gcc/arm-none-eabi/12.3.1/thumb/v7e-m+fp/hard/crti.o
                0x080004f0                _fini
 .fini          0x080004f4        0x8 C:/ST/STM32CubeIDE_1.15.1/STM32CubeIDE/plugins/com.st.stm32cube.ide.mcu.externaltools.gnu-tools-for-stm32.12.3.rel1.win32_1.0.100.202403111256/tools/bin/../lib/gcc/arm-none-eabi/12.3.1/thumb/v7e-m+fp/hard/crtn.o
                0x080004fc                        . = ALIGN (0x4)
                0x080004fc                        _etext = .

.vfp11_veneer   0x080004fc        0x0
 .vfp11_veneer  0x080004fc        0x0 linker stubs

.v4_bx          0x080004fc        0x0
 .v4_bx         0x080004fc        0x0 linker stubs

.iplt           0x080004fc        0x0
 .iplt          0x080004fc        0x0 C:/ST/STM32CubeIDE_1.15.1/STM32CubeIDE/plugins/com.st.stm32cube.ide.mcu.externaltools.gnu-tools-for-stm32.12.3.rel1.win32_1.0.100.202403111256/tools/bin/../lib/gcc/arm-none-eabi/12.3.1/thumb/v7e-m+fp/hard/crtbegin.o

.rel.dyn        0x080004fc        0x0
 .rel.iplt      0x080004fc        0x0 C:/ST/STM32CubeIDE_1.15.1/STM32CubeIDE/plugins/com.st.stm32cube.ide.mcu.externaltools.gnu-tools-for-stm32.12.3.rel1.win32_1.0.100.202403111256/tools/bin/../lib/gcc/arm-none-eabi/12.3.1/thumb/v7e-m+fp/hard/crtbegin.o

.rodata         0x080004fc        0x0
                0x080004fc                        . = ALIGN (0x4)
 *(.rodata)
 *(.rodata*)
                0x080004fc                        . = ALIGN (0x4)

.ARM.extab      0x080004fc        0x0
                0x080004fc                        . = ALIGN (0x4)
 *(.ARM.extab* .gnu.linkonce.armextab.*)
                0x080004fc                        . = ALIGN (0x4)

.ARM            0x080004fc        0x0
                0x080004fc                        . = ALIGN (0x4)
                0x080004fc                        __exidx_start = .
 *(.ARM.exidx*)
                0x080004fc                        __exidx_end = .
                0x080004fc                        . = ALIGN (0x4)

.preinit_array  0x080004fc        0x0
                0x080004fc                        . = ALIGN (0x4)
                0x080004fc                        PROVIDE (__preinit_array_start = .)
 *(.preinit_array*)
                0x080004fc                        PROVIDE (__preinit_array_end = .)
                0x080004fc                        . = ALIGN (0x4)

.init_array     0x080004fc        0x4
                0x080004fc                        . = ALIGN (0x4)
                0x080004fc                        PROVIDE (__init_array_start = .)
 *(SORT_BY_NAME(.init_array.*))
 *(.init_array*)
 .init_array    0x080004fc        0x4 C:/ST/STM32CubeIDE_1.15.1/STM32CubeIDE/plugins/com.st.stm32cube.ide.mcu.externaltools.gnu-tools-for-stm32.12.3.rel1.win32_1.0.100.202403111256/tools/bin/../lib/gcc/arm-none-eabi/12.3.1/thumb/v7e-m+fp/hard/crtbegin.o
                0x08000500                        PROVIDE (__init_array_end = .)
                0x08000500                        . = ALIGN (0x4)

.fini_array     0x08000500        0x4
                0x08000500                        . = ALIGN (0x4)
                [!provide]                        PROVIDE (__fini_array_start = .)
 *(SORT_BY_NAME(.fini_array.*))
 *(.fini_array*)
 .fini_array    0x08000500        0x4 C:/ST/STM32CubeIDE_1.15.1/STM32CubeIDE/plugins/com.st.stm32cube.ide.mcu.externaltools.gnu-tools-for-stm32.12.3.rel1.win32_1.0.100.202403111256/tools/bin/../lib/gcc/arm-none-eabi/12.3.1/thumb/v7e-m+fp/hard/crtbegin.o
                [!provide]                        PROVIDE (__fini_array_end = .)
                0x08000504                        . = ALIGN (0x4)
                0x08000504                        _sidata = LOADADDR (.data)

.data           0x20000000        0x0 load address 0x08000504
                0x20000000                        . = ALIGN (0x4)
                0x20000000                        _sdata = .
 *(.data)
 *(.data*)
 *(.RamFunc)
 *(.RamFunc*)
                0x20000000                        . = ALIGN (0x4)
                0x20000000                        _edata = .

.igot.plt       0x20000000        0x0 load address 0x08000504
 .igot.plt      0x20000000        0x0 C:/ST/STM32CubeIDE_1.15.1/STM32CubeIDE/plugins/com.st.stm32cube.ide.mcu.externaltools.gnu-tools-for-stm32.12.3.rel1.win32_1.0.100.202403111256/tools/bin/../lib/gcc/arm-none-eabi/12.3.1/thumb/v7e-m+fp/hard/crtbegin.o
                0x20000000                        . = ALIGN (0x4)

.bss            0x20000000       0x24 load address 0x08000504
                0x20000000                        _sbss = .
                0x20000000                        __bss_start__ = _sbss
 *(.bss)
 .bss           0x20000000       0x1c C:/ST/STM32CubeIDE_1.15.1/STM32CubeIDE/plugins/com.st.stm32cube.ide.mcu.externaltools.gnu-tools-for-stm32.12.3.rel1.win32_1.0.100.202403111256/tools/bin/../lib/gcc/arm-none-eabi/12.3.1/thumb/v7e-m+fp/hard/crtbegin.o
 *(.bss*)
 .bss.btn_state
                0x2000001c        0x1 ./Src/main.o
                0x2000001c                btn_state
 *fill*         0x2000001d        0x3 
 .bss.g_curr_tick
                0x20000020        0x4 ./Src/timebase.o
                0x20000020                g_curr_tick
 *(COMMON)
                0x20000024                        . = ALIGN (0x4)
                0x20000024                        _ebss = .
                0x20000024                        __bss_end__ = _ebss

._user_heap_stack
                0x20000024      0x604 load address 0x08000504
                0x20000028                        . = ALIGN (0x8)
 *fill*         0x20000024        0x4 
                [!provide]                        PROVIDE (end = .)
                0x20000028                        PROVIDE (_end = .)
                0x20000228                        . = (. + _Min_Heap_Size)
 *fill*         0x20000028      0x200 
                0x20000628                        . = (. + _Min_Stack_Size)
 *fill*         0x20000228      0x400 
                0x20000628                        . = ALIGN (0x8)

/DISCARD/
 libc.a(*)
 libm.a(*)
 libgcc.a(*)

.ARM.attributes
                0x00000000       0x30
 *(.ARM.attributes)
 .ARM.attributes
                0x00000000       0x22 C:/ST/STM32CubeIDE_1.15.1/STM32CubeIDE/plugins/com.st.stm32cube.ide.mcu.externaltools.gnu-tools-for-stm32.12.3.rel1.win32_1.0.100.202403111256/tools/bin/../lib/gcc/arm-none-eabi/12.3.1/thumb/v7e-m+fp/hard/crti.o
 .ARM.attributes
                0x00000022       0x34 C:/ST/STM32CubeIDE_1.15.1/STM32CubeIDE/plugins/com.st.stm32cube.ide.mcu.externaltools.gnu-tools-for-stm32.12.3.rel1.win32_1.0.100.202403111256/tools/bin/../lib/gcc/arm-none-eabi/12.3.1/thumb/v7e-m+fp/hard/crtbegin.o
 .ARM.attributes
                0x00000056       0x34 ./Src/bsp.o
 .ARM.attributes
                0x0000008a       0x34 ./Src/fpu.o
 .ARM.attributes
                0x000000be       0x34 ./Src/main.o
 .ARM.attributes
                0x000000f2       0x34 ./Src/timebase.o
 .ARM.attributes
                0x00000126       0x34 ./Src/uart.o
 .ARM.attributes
                0x0000015a       0x21 ./Startup/startup_stm32f411retx.o
 .ARM.attributes
                0x0000017b       0x34 C:/ST/STM32CubeIDE_1.15.1/STM32CubeIDE/plugins/com.st.stm32cube.ide.mcu.externaltools.gnu-tools-for-stm32.12.3.rel1.win32_1.0.100.202403111256/tools/bin/../lib/gcc/arm-none-eabi/12.3.1/../../../../arm-none-eabi/lib/thumb/v7e-m+fp/hard\libc_nano.a(libc_a-init.o)
 .ARM.attributes
                0x000001af       0x22 C:/ST/STM32CubeIDE_1.15.1/STM32CubeIDE/plugins/com.st.stm32cube.ide.mcu.externaltools.gnu-tools-for-stm32.12.3.rel1.win32_1.0.100.202403111256/tools/bin/../lib/gcc/arm-none-eabi/12.3.1/thumb/v7e-m+fp/hard/crtn.o
OUTPUT(4_system_drivers-gpio.elf elf32-littlearm)
LOAD linker stubs
LOAD C:/ST/STM32CubeIDE_1.15.1/STM32CubeIDE/plugins/com.st.stm32cube.ide.mcu.externaltools.gnu-tools-for-stm32.12.3.rel1.win32_1.0.100.202403111256/tools/bin/../lib/gcc/arm-none-eabi/12.3.1/../../../../arm-none-eabi/lib/thumb/v7e-m+fp/hard\libc.a
LOAD C:/ST/STM32CubeIDE_1.15.1/STM32CubeIDE/plugins/com.st.stm32cube.ide.mcu.externaltools.gnu-tools-for-stm32.12.3.rel1.win32_1.0.100.202403111256/tools/bin/../lib/gcc/arm-none-eabi/12.3.1/../../../../arm-none-eabi/lib/thumb/v7e-m+fp/hard\libm.a
LOAD C:/ST/STM32CubeIDE_1.15.1/STM32CubeIDE/plugins/com.st.stm32cube.ide.mcu.externaltools.gnu-tools-for-stm32.12.3.rel1.win32_1.0.100.202403111256/tools/bin/../lib/gcc/arm-none-eabi/12.3.1/thumb/v7e-m+fp/hard\libgcc.a

.debug_info     0x00000000      0xc78
 .debug_info    0x00000000      0x333 ./Src/bsp.o
 .debug_info    0x00000333      0x249 ./Src/fpu.o
 .debug_info    0x0000057c       0xdd ./Src/main.o
 .debug_info    0x00000659      0x1d7 ./Src/timebase.o
 .debug_info    0x00000830      0x418 ./Src/uart.o
 .debug_info    0x00000c48       0x30 ./Startup/startup_stm32f411retx.o

.debug_abbrev   0x00000000      0x4de
 .debug_abbrev  0x00000000       0xd2 ./Src/bsp.o
 .debug_abbrev  0x000000d2       0xb8 ./Src/fpu.o
 .debug_abbrev  0x0000018a       0x81 ./Src/main.o
 .debug_abbrev  0x0000020b      0x16e ./Src/timebase.o
 .debug_abbrev  0x00000379      0x141 ./Src/uart.o
 .debug_abbrev  0x000004ba       0x24 ./Startup/startup_stm32f411retx.o

.debug_aranges  0x00000000      0x128
 .debug_aranges
                0x00000000       0x40 ./Src/bsp.o
 .debug_aranges
                0x00000040       0x20 ./Src/fpu.o
 .debug_aranges
                0x00000060       0x20 ./Src/main.o
 .debug_aranges
                0x00000080       0x40 ./Src/timebase.o
 .debug_aranges
                0x000000c0       0x40 ./Src/uart.o
 .debug_aranges
                0x00000100       0x28 ./Startup/startup_stm32f411retx.o

.debug_rnglists
                0x00000000       0xc1
 .debug_rnglists
                0x00000000       0x2b ./Src/bsp.o
 .debug_rnglists
                0x0000002b       0x13 ./Src/fpu.o
 .debug_rnglists
                0x0000003e       0x13 ./Src/main.o
 .debug_rnglists
                0x00000051       0x2b ./Src/timebase.o
 .debug_rnglists
                0x0000007c       0x2c ./Src/uart.o
 .debug_rnglists
                0x000000a8       0x19 ./Startup/startup_stm32f411retx.o

.debug_macro    0x00000000     0xecc8
 .debug_macro   0x00000000      0x105 ./Src/bsp.o
 .debug_macro   0x00000105      0xac0 ./Src/bsp.o
 .debug_macro   0x00000bc5       0x22 ./Src/bsp.o
 .debug_macro   0x00000be7       0x8e ./Src/bsp.o
 .debug_macro   0x00000c75       0x51 ./Src/bsp.o
 .debug_macro   0x00000cc6      0x103 ./Src/bsp.o
 .debug_macro   0x00000dc9       0x6a ./Src/bsp.o
 .debug_macro   0x00000e33      0x1df ./Src/bsp.o
 .debug_macro   0x00001012       0x22 ./Src/bsp.o
 .debug_macro   0x00001034       0x28 ./Src/bsp.o
 .debug_macro   0x0000105c       0x28 ./Src/bsp.o
 .debug_macro   0x00001084       0x1c ./Src/bsp.o
 .debug_macro   0x000010a0       0x22 ./Src/bsp.o
 .debug_macro   0x000010c2       0xd9 ./Src/bsp.o
 .debug_macro   0x0000119b     0x102d ./Src/bsp.o
 .debug_macro   0x000021c8      0x11f ./Src/bsp.o
 .debug_macro   0x000022e7     0xb937 ./Src/bsp.o
 .debug_macro   0x0000dc1e       0x43 ./Src/bsp.o
 .debug_macro   0x0000dc61       0xce ./Src/fpu.o
 .debug_macro   0x0000dd2f      0x1e8 ./Src/main.o
 .debug_macro   0x0000df17       0x5b ./Src/main.o
 .debug_macro   0x0000df72       0x2a ./Src/main.o
 .debug_macro   0x0000df9c       0x94 ./Src/main.o
 .debug_macro   0x0000e030       0x43 ./Src/main.o
 .debug_macro   0x0000e073       0x34 ./Src/main.o
 .debug_macro   0x0000e0a7       0x16 ./Src/main.o
 .debug_macro   0x0000e0bd       0x57 ./Src/main.o
 .debug_macro   0x0000e114       0x9e ./Src/main.o
 .debug_macro   0x0000e1b2      0x369 ./Src/main.o
 .debug_macro   0x0000e51b      0x10b ./Src/main.o
 .debug_macro   0x0000e626       0x10 ./Src/main.o
 .debug_macro   0x0000e636       0x16 ./Src/main.o
 .debug_macro   0x0000e64c       0x43 ./Src/main.o
 .debug_macro   0x0000e68f       0x34 ./Src/main.o
 .debug_macro   0x0000e6c3       0x10 ./Src/main.o
 .debug_macro   0x0000e6d3       0x58 ./Src/main.o
 .debug_macro   0x0000e72b       0x8e ./Src/main.o
 .debug_macro   0x0000e7b9       0x1c ./Src/main.o
 .debug_macro   0x0000e7d5      0x177 ./Src/main.o
 .debug_macro   0x0000e94c       0x16 ./Src/main.o
 .debug_macro   0x0000e962       0x16 ./Src/main.o
 .debug_macro   0x0000e978      0x146 ./Src/main.o
 .debug_macro   0x0000eabe      0x102 ./Src/timebase.o
 .debug_macro   0x0000ebc0      0x108 ./Src/uart.o

.debug_line     0x00000000     0x1fda
 .debug_line    0x00000000      0x611 ./Src/bsp.o
 .debug_line    0x00000611      0x57d ./Src/fpu.o
 .debug_line    0x00000b8e      0x717 ./Src/main.o
 .debug_line    0x000012a5      0x65d ./Src/timebase.o
 .debug_line    0x00001902      0x65d ./Src/uart.o
 .debug_line    0x00001f5f       0x7b ./Startup/startup_stm32f411retx.o

.debug_str      0x00000000    0x53405
 .debug_str     0x00000000    0x4f6ec ./Src/bsp.o
                              0x4f860 (size before relaxing)
 .debug_str     0x0004f6ec       0x76 ./Src/fpu.o
                              0x4f6bb (size before relaxing)
 .debug_str     0x0004f762     0x3a49 ./Src/main.o
                              0x531a3 (size before relaxing)
 .debug_str     0x000531ab      0x12e ./Src/timebase.o
                              0x4f77f (size before relaxing)
 .debug_str     0x000532d9       0xed ./Src/uart.o
                              0x4f89e (size before relaxing)
 .debug_str     0x000533c6       0x3f ./Startup/startup_stm32f411retx.o
                                 0x8b (size before relaxing)

.comment        0x00000000       0x43
 .comment       0x00000000       0x43 ./Src/bsp.o
                                 0x44 (size before relaxing)
 .comment       0x00000043       0x44 ./Src/fpu.o
 .comment       0x00000043       0x44 ./Src/main.o
 .comment       0x00000043       0x44 ./Src/timebase.o
 .comment       0x00000043       0x44 ./Src/uart.o

.debug_frame    0x00000000      0x2ac
 .debug_frame   0x00000000       0xb0 ./Src/bsp.o
 .debug_frame   0x000000b0       0x30 ./Src/fpu.o
 .debug_frame   0x000000e0       0x2c ./Src/main.o
 .debug_frame   0x0000010c       0xb0 ./Src/timebase.o
 .debug_frame   0x000001bc       0xc4 ./Src/uart.o
 .debug_frame   0x00000280       0x2c C:/ST/STM32CubeIDE_1.15.1/STM32CubeIDE/plugins/com.st.stm32cube.ide.mcu.externaltools.gnu-tools-for-stm32.12.3.rel1.win32_1.0.100.202403111256/tools/bin/../lib/gcc/arm-none-eabi/12.3.1/../../../../arm-none-eabi/lib/thumb/v7e-m+fp/hard\libc_nano.a(libc_a-init.o)

.debug_line_str
                0x00000000       0x6f
 .debug_line_str
                0x00000000       0x6f ./Startup/startup_stm32f411retx.o
