18:03:59 **** Build of configuration Debug for project 10_w5500_dns_http-c ****
make -j8 all 
arm-none-eabi-gcc "../Wiznet_W5500/dhcp.c" -mcpu=cortex-m4 -std=gnu11 -g3 -DDEBUG -DSTM32 -DSTM32F4 -DSTM32F411RETx -DSTM32F411xE -c -I"C:/Users/Ninsaw/Documents/FirmwareUpdateOverETH/10_w5500_dns_http-c/chip_headers/CMSIS/Include" -I"C:/Users/Ninsaw/Documents/FirmwareUpdateOverETH/10_w5500_dns_http-c/chip_headers/CMSIS/Device/ST/STM32F4xx/Include" -I"C:/Users/Ninsaw/Documents/FirmwareUpdateOverETH/10_w5500_dns_http-c/Inc" -I"C:/Users/Ninsaw/Documents/FirmwareUpdateOverETH/10_w5500_dns_http-c/Wiznet_W5500" -O0 -ffunction-sections -fdata-sections -Wall -fstack-usage -fcyclomatic-complexity -MMD -MP -MF"Wiznet_W5500/dhcp.d" -MT"Wiznet_W5500/dhcp.o" --specs=nano.specs -mfpu=fpv4-sp-d16 -mfloat-abi=hard -mthumb -o "Wiznet_W5500/dhcp.o"
arm-none-eabi-gcc "../Wiznet_W5500/httpParser.c" -mcpu=cortex-m4 -std=gnu11 -g3 -DDEBUG -DSTM32 -DSTM32F4 -DSTM32F411RETx -DSTM32F411xE -c -I"C:/Users/Ninsaw/Documents/FirmwareUpdateOverETH/10_w5500_dns_http-c/chip_headers/CMSIS/Include" -I"C:/Users/Ninsaw/Documents/FirmwareUpdateOverETH/10_w5500_dns_http-c/chip_headers/CMSIS/Device/ST/STM32F4xx/Include" -I"C:/Users/Ninsaw/Documents/FirmwareUpdateOverETH/10_w5500_dns_http-c/Inc" -I"C:/Users/Ninsaw/Documents/FirmwareUpdateOverETH/10_w5500_dns_http-c/Wiznet_W5500" -O0 -ffunction-sections -fdata-sections -Wall -fstack-usage -fcyclomatic-complexity -MMD -MP -MF"Wiznet_W5500/httpParser.d" -MT"Wiznet_W5500/httpParser.o" --specs=nano.specs -mfpu=fpv4-sp-d16 -mfloat-abi=hard -mthumb -o "Wiznet_W5500/httpParser.o"
arm-none-eabi-gcc "../Wiznet_W5500/httpServer.c" -mcpu=cortex-m4 -std=gnu11 -g3 -DDEBUG -DSTM32 -DSTM32F4 -DSTM32F411RETx -DSTM32F411xE -c -I"C:/Users/Ninsaw/Documents/FirmwareUpdateOverETH/10_w5500_dns_http-c/chip_headers/CMSIS/Include" -I"C:/Users/Ninsaw/Documents/FirmwareUpdateOverETH/10_w5500_dns_http-c/chip_headers/CMSIS/Device/ST/STM32F4xx/Include" -I"C:/Users/Ninsaw/Documents/FirmwareUpdateOverETH/10_w5500_dns_http-c/Inc" -I"C:/Users/Ninsaw/Documents/FirmwareUpdateOverETH/10_w5500_dns_http-c/Wiznet_W5500" -O0 -ffunction-sections -fdata-sections -Wall -fstack-usage -fcyclomatic-complexity -MMD -MP -MF"Wiznet_W5500/httpServer.d" -MT"Wiznet_W5500/httpServer.o" --specs=nano.specs -mfpu=fpv4-sp-d16 -mfloat-abi=hard -mthumb -o "Wiznet_W5500/httpServer.o"
arm-none-eabi-gcc "../Wiznet_W5500/httpUtil.c" -mcpu=cortex-m4 -std=gnu11 -g3 -DDEBUG -DSTM32 -DSTM32F4 -DSTM32F411RETx -DSTM32F411xE -c -I"C:/Users/Ninsaw/Documents/FirmwareUpdateOverETH/10_w5500_dns_http-c/chip_headers/CMSIS/Include" -I"C:/Users/Ninsaw/Documents/FirmwareUpdateOverETH/10_w5500_dns_http-c/chip_headers/CMSIS/Device/ST/STM32F4xx/Include" -I"C:/Users/Ninsaw/Documents/FirmwareUpdateOverETH/10_w5500_dns_http-c/Inc" -I"C:/Users/Ninsaw/Documents/FirmwareUpdateOverETH/10_w5500_dns_http-c/Wiznet_W5500" -O0 -ffunction-sections -fdata-sections -Wall -fstack-usage -fcyclomatic-complexity -MMD -MP -MF"Wiznet_W5500/httpUtil.d" -MT"Wiznet_W5500/httpUtil.o" --specs=nano.specs -mfpu=fpv4-sp-d16 -mfloat-abi=hard -mthumb -o "Wiznet_W5500/httpUtil.o"
arm-none-eabi-gcc "../Wiznet_W5500/socket.c" -mcpu=cortex-m4 -std=gnu11 -g3 -DDEBUG -DSTM32 -DSTM32F4 -DSTM32F411RETx -DSTM32F411xE -c -I"C:/Users/Ninsaw/Documents/FirmwareUpdateOverETH/10_w5500_dns_http-c/chip_headers/CMSIS/Include" -I"C:/Users/Ninsaw/Documents/FirmwareUpdateOverETH/10_w5500_dns_http-c/chip_headers/CMSIS/Device/ST/STM32F4xx/Include" -I"C:/Users/Ninsaw/Documents/FirmwareUpdateOverETH/10_w5500_dns_http-c/Inc" -I"C:/Users/Ninsaw/Documents/FirmwareUpdateOverETH/10_w5500_dns_http-c/Wiznet_W5500" -O0 -ffunction-sections -fdata-sections -Wall -fstack-usage -fcyclomatic-complexity -MMD -MP -MF"Wiznet_W5500/socket.d" -MT"Wiznet_W5500/socket.o" --specs=nano.specs -mfpu=fpv4-sp-d16 -mfloat-abi=hard -mthumb -o "Wiznet_W5500/socket.o"
arm-none-eabi-gcc "../Wiznet_W5500/w5500.c" -mcpu=cortex-m4 -std=gnu11 -g3 -DDEBUG -DSTM32 -DSTM32F4 -DSTM32F411RETx -DSTM32F411xE -c -I"C:/Users/Ninsaw/Documents/FirmwareUpdateOverETH/10_w5500_dns_http-c/chip_headers/CMSIS/Include" -I"C:/Users/Ninsaw/Documents/FirmwareUpdateOverETH/10_w5500_dns_http-c/chip_headers/CMSIS/Device/ST/STM32F4xx/Include" -I"C:/Users/Ninsaw/Documents/FirmwareUpdateOverETH/10_w5500_dns_http-c/Inc" -I"C:/Users/Ninsaw/Documents/FirmwareUpdateOverETH/10_w5500_dns_http-c/Wiznet_W5500" -O0 -ffunction-sections -fdata-sections -Wall -fstack-usage -fcyclomatic-complexity -MMD -MP -MF"Wiznet_W5500/w5500.d" -MT"Wiznet_W5500/w5500.o" --specs=nano.specs -mfpu=fpv4-sp-d16 -mfloat-abi=hard -mthumb -o "Wiznet_W5500/w5500.o"
arm-none-eabi-gcc "../Wiznet_W5500/wizchip_conf.c" -mcpu=cortex-m4 -std=gnu11 -g3 -DDEBUG -DSTM32 -DSTM32F4 -DSTM32F411RETx -DSTM32F411xE -c -I"C:/Users/Ninsaw/Documents/FirmwareUpdateOverETH/10_w5500_dns_http-c/chip_headers/CMSIS/Include" -I"C:/Users/Ninsaw/Documents/FirmwareUpdateOverETH/10_w5500_dns_http-c/chip_headers/CMSIS/Device/ST/STM32F4xx/Include" -I"C:/Users/Ninsaw/Documents/FirmwareUpdateOverETH/10_w5500_dns_http-c/Inc" -I"C:/Users/Ninsaw/Documents/FirmwareUpdateOverETH/10_w5500_dns_http-c/Wiznet_W5500" -O0 -ffunction-sections -fdata-sections -Wall -fstack-usage -fcyclomatic-complexity -MMD -MP -MF"Wiznet_W5500/wizchip_conf.d" -MT"Wiznet_W5500/wizchip_conf.o" --specs=nano.specs -mfpu=fpv4-sp-d16 -mfloat-abi=hard -mthumb -o "Wiznet_W5500/wizchip_conf.o"
arm-none-eabi-gcc "../Src/adc.c" -mcpu=cortex-m4 -std=gnu11 -g3 -DDEBUG -DSTM32 -DSTM32F4 -DSTM32F411RETx -DSTM32F411xE -c -I"C:/Users/Ninsaw/Documents/FirmwareUpdateOverETH/10_w5500_dns_http-c/chip_headers/CMSIS/Include" -I"C:/Users/Ninsaw/Documents/FirmwareUpdateOverETH/10_w5500_dns_http-c/chip_headers/CMSIS/Device/ST/STM32F4xx/Include" -I"C:/Users/Ninsaw/Documents/FirmwareUpdateOverETH/10_w5500_dns_http-c/Inc" -I"C:/Users/Ninsaw/Documents/FirmwareUpdateOverETH/10_w5500_dns_http-c/Wiznet_W5500" -O0 -ffunction-sections -fdata-sections -Wall -fstack-usage -fcyclomatic-complexity -MMD -MP -MF"Src/adc.d" -MT"Src/adc.o" --specs=nano.specs -mfpu=fpv4-sp-d16 -mfloat-abi=hard -mthumb -o "Src/adc.o"
../Wiznet_W5500/dhcp.c: In function 'parseDHCPMSG':
../Wiznet_W5500/dhcp.c:604:4: warning: this 'else' clause does not guard... [-Wmisleading-indentation]
  604 |    else return 0;
      |    ^~~~
../Wiznet_W5500/dhcp.c:605:9: note: ...this statement, but the latter is misleadingly indented as if it were guarded by the 'else'
  605 |         if (svr_port == DHCP_SERVER_PORT) {
      |         ^~
../Wiznet_W5500/httpUtil.c: In function 'predefined_get_cgi_processor':
../Wiznet_W5500/httpUtil.c:70:1: warning: control reaches end of non-void function [-Wreturn-type]
   70 | }
      | ^
../Wiznet_W5500/httpUtil.c: In function 'predefined_set_cgi_processor':
../Wiznet_W5500/httpUtil.c:75:1: warning: control reaches end of non-void function [-Wreturn-type]
   75 | }
      | ^
arm-none-eabi-gcc "../Src/bsp.c" -mcpu=cortex-m4 -std=gnu11 -g3 -DDEBUG -DSTM32 -DSTM32F4 -DSTM32F411RETx -DSTM32F411xE -c -I"C:/Users/Ninsaw/Documents/FirmwareUpdateOverETH/10_w5500_dns_http-c/chip_headers/CMSIS/Include" -I"C:/Users/Ninsaw/Documents/FirmwareUpdateOverETH/10_w5500_dns_http-c/chip_headers/CMSIS/Device/ST/STM32F4xx/Include" -I"C:/Users/Ninsaw/Documents/FirmwareUpdateOverETH/10_w5500_dns_http-c/Inc" -I"C:/Users/Ninsaw/Documents/FirmwareUpdateOverETH/10_w5500_dns_http-c/Wiznet_W5500" -O0 -ffunction-sections -fdata-sections -Wall -fstack-usage -fcyclomatic-complexity -MMD -MP -MF"Src/bsp.d" -MT"Src/bsp.o" --specs=nano.specs -mfpu=fpv4-sp-d16 -mfloat-abi=hard -mthumb -o "Src/bsp.o"
arm-none-eabi-gcc "../Src/dns.c" -mcpu=cortex-m4 -std=gnu11 -g3 -DDEBUG -DSTM32 -DSTM32F4 -DSTM32F411RETx -DSTM32F411xE -c -I"C:/Users/Ninsaw/Documents/FirmwareUpdateOverETH/10_w5500_dns_http-c/chip_headers/CMSIS/Include" -I"C:/Users/Ninsaw/Documents/FirmwareUpdateOverETH/10_w5500_dns_http-c/chip_headers/CMSIS/Device/ST/STM32F4xx/Include" -I"C:/Users/Ninsaw/Documents/FirmwareUpdateOverETH/10_w5500_dns_http-c/Inc" -I"C:/Users/Ninsaw/Documents/FirmwareUpdateOverETH/10_w5500_dns_http-c/Wiznet_W5500" -O0 -ffunction-sections -fdata-sections -Wall -fstack-usage -fcyclomatic-complexity -MMD -MP -MF"Src/dns.d" -MT"Src/dns.o" --specs=nano.specs -mfpu=fpv4-sp-d16 -mfloat-abi=hard -mthumb -o "Src/dns.o"
arm-none-eabi-gcc "../Src/fpu.c" -mcpu=cortex-m4 -std=gnu11 -g3 -DDEBUG -DSTM32 -DSTM32F4 -DSTM32F411RETx -DSTM32F411xE -c -I"C:/Users/Ninsaw/Documents/FirmwareUpdateOverETH/10_w5500_dns_http-c/chip_headers/CMSIS/Include" -I"C:/Users/Ninsaw/Documents/FirmwareUpdateOverETH/10_w5500_dns_http-c/chip_headers/CMSIS/Device/ST/STM32F4xx/Include" -I"C:/Users/Ninsaw/Documents/FirmwareUpdateOverETH/10_w5500_dns_http-c/Inc" -I"C:/Users/Ninsaw/Documents/FirmwareUpdateOverETH/10_w5500_dns_http-c/Wiznet_W5500" -O0 -ffunction-sections -fdata-sections -Wall -fstack-usage -fcyclomatic-complexity -MMD -MP -MF"Src/fpu.d" -MT"Src/fpu.o" --specs=nano.specs -mfpu=fpv4-sp-d16 -mfloat-abi=hard -mthumb -o "Src/fpu.o"
arm-none-eabi-gcc "../Src/httpClient.c" -mcpu=cortex-m4 -std=gnu11 -g3 -DDEBUG -DSTM32 -DSTM32F4 -DSTM32F411RETx -DSTM32F411xE -c -I"C:/Users/Ninsaw/Documents/FirmwareUpdateOverETH/10_w5500_dns_http-c/chip_headers/CMSIS/Include" -I"C:/Users/Ninsaw/Documents/FirmwareUpdateOverETH/10_w5500_dns_http-c/chip_headers/CMSIS/Device/ST/STM32F4xx/Include" -I"C:/Users/Ninsaw/Documents/FirmwareUpdateOverETH/10_w5500_dns_http-c/Inc" -I"C:/Users/Ninsaw/Documents/FirmwareUpdateOverETH/10_w5500_dns_http-c/Wiznet_W5500" -O0 -ffunction-sections -fdata-sections -Wall -fstack-usage -fcyclomatic-complexity -MMD -MP -MF"Src/httpClient.d" -MT"Src/httpClient.o" --specs=nano.specs -mfpu=fpv4-sp-d16 -mfloat-abi=hard -mthumb -o "Src/httpClient.o"
arm-none-eabi-gcc "../Src/main.c" -mcpu=cortex-m4 -std=gnu11 -g3 -DDEBUG -DSTM32 -DSTM32F4 -DSTM32F411RETx -DSTM32F411xE -c -I"C:/Users/Ninsaw/Documents/FirmwareUpdateOverETH/10_w5500_dns_http-c/chip_headers/CMSIS/Include" -I"C:/Users/Ninsaw/Documents/FirmwareUpdateOverETH/10_w5500_dns_http-c/chip_headers/CMSIS/Device/ST/STM32F4xx/Include" -I"C:/Users/Ninsaw/Documents/FirmwareUpdateOverETH/10_w5500_dns_http-c/Inc" -I"C:/Users/Ninsaw/Documents/FirmwareUpdateOverETH/10_w5500_dns_http-c/Wiznet_W5500" -O0 -ffunction-sections -fdata-sections -Wall -fstack-usage -fcyclomatic-complexity -MMD -MP -MF"Src/main.d" -MT"Src/main.o" --specs=nano.specs -mfpu=fpv4-sp-d16 -mfloat-abi=hard -mthumb -o "Src/main.o"
arm-none-eabi-gcc "../Src/spi.c" -mcpu=cortex-m4 -std=gnu11 -g3 -DDEBUG -DSTM32 -DSTM32F4 -DSTM32F411RETx -DSTM32F411xE -c -I"C:/Users/Ninsaw/Documents/FirmwareUpdateOverETH/10_w5500_dns_http-c/chip_headers/CMSIS/Include" -I"C:/Users/Ninsaw/Documents/FirmwareUpdateOverETH/10_w5500_dns_http-c/chip_headers/CMSIS/Device/ST/STM32F4xx/Include" -I"C:/Users/Ninsaw/Documents/FirmwareUpdateOverETH/10_w5500_dns_http-c/Inc" -I"C:/Users/Ninsaw/Documents/FirmwareUpdateOverETH/10_w5500_dns_http-c/Wiznet_W5500" -O0 -ffunction-sections -fdata-sections -Wall -fstack-usage -fcyclomatic-complexity -MMD -MP -MF"Src/spi.d" -MT"Src/spi.o" --specs=nano.specs -mfpu=fpv4-sp-d16 -mfloat-abi=hard -mthumb -o "Src/spi.o"
arm-none-eabi-gcc "../Src/syscalls.c" -mcpu=cortex-m4 -std=gnu11 -g3 -DDEBUG -DSTM32 -DSTM32F4 -DSTM32F411RETx -DSTM32F411xE -c -I"C:/Users/Ninsaw/Documents/FirmwareUpdateOverETH/10_w5500_dns_http-c/chip_headers/CMSIS/Include" -I"C:/Users/Ninsaw/Documents/FirmwareUpdateOverETH/10_w5500_dns_http-c/chip_headers/CMSIS/Device/ST/STM32F4xx/Include" -I"C:/Users/Ninsaw/Documents/FirmwareUpdateOverETH/10_w5500_dns_http-c/Inc" -I"C:/Users/Ninsaw/Documents/FirmwareUpdateOverETH/10_w5500_dns_http-c/Wiznet_W5500" -O0 -ffunction-sections -fdata-sections -Wall -fstack-usage -fcyclomatic-complexity -MMD -MP -MF"Src/syscalls.d" -MT"Src/syscalls.o" --specs=nano.specs -mfpu=fpv4-sp-d16 -mfloat-abi=hard -mthumb -o "Src/syscalls.o"
arm-none-eabi-gcc "../Src/sysmem.c" -mcpu=cortex-m4 -std=gnu11 -g3 -DDEBUG -DSTM32 -DSTM32F4 -DSTM32F411RETx -DSTM32F411xE -c -I"C:/Users/Ninsaw/Documents/FirmwareUpdateOverETH/10_w5500_dns_http-c/chip_headers/CMSIS/Include" -I"C:/Users/Ninsaw/Documents/FirmwareUpdateOverETH/10_w5500_dns_http-c/chip_headers/CMSIS/Device/ST/STM32F4xx/Include" -I"C:/Users/Ninsaw/Documents/FirmwareUpdateOverETH/10_w5500_dns_http-c/Inc" -I"C:/Users/Ninsaw/Documents/FirmwareUpdateOverETH/10_w5500_dns_http-c/Wiznet_W5500" -O0 -ffunction-sections -fdata-sections -Wall -fstack-usage -fcyclomatic-complexity -MMD -MP -MF"Src/sysmem.d" -MT"Src/sysmem.o" --specs=nano.specs -mfpu=fpv4-sp-d16 -mfloat-abi=hard -mthumb -o "Src/sysmem.o"
arm-none-eabi-gcc "../Src/timebase.c" -mcpu=cortex-m4 -std=gnu11 -g3 -DDEBUG -DSTM32 -DSTM32F4 -DSTM32F411RETx -DSTM32F411xE -c -I"C:/Users/Ninsaw/Documents/FirmwareUpdateOverETH/10_w5500_dns_http-c/chip_headers/CMSIS/Include" -I"C:/Users/Ninsaw/Documents/FirmwareUpdateOverETH/10_w5500_dns_http-c/chip_headers/CMSIS/Device/ST/STM32F4xx/Include" -I"C:/Users/Ninsaw/Documents/FirmwareUpdateOverETH/10_w5500_dns_http-c/Inc" -I"C:/Users/Ninsaw/Documents/FirmwareUpdateOverETH/10_w5500_dns_http-c/Wiznet_W5500" -O0 -ffunction-sections -fdata-sections -Wall -fstack-usage -fcyclomatic-complexity -MMD -MP -MF"Src/timebase.d" -MT"Src/timebase.o" --specs=nano.specs -mfpu=fpv4-sp-d16 -mfloat-abi=hard -mthumb -o "Src/timebase.o"
arm-none-eabi-gcc "../Src/uart.c" -mcpu=cortex-m4 -std=gnu11 -g3 -DDEBUG -DSTM32 -DSTM32F4 -DSTM32F411RETx -DSTM32F411xE -c -I"C:/Users/Ninsaw/Documents/FirmwareUpdateOverETH/10_w5500_dns_http-c/chip_headers/CMSIS/Include" -I"C:/Users/Ninsaw/Documents/FirmwareUpdateOverETH/10_w5500_dns_http-c/chip_headers/CMSIS/Device/ST/STM32F4xx/Include" -I"C:/Users/Ninsaw/Documents/FirmwareUpdateOverETH/10_w5500_dns_http-c/Inc" -I"C:/Users/Ninsaw/Documents/FirmwareUpdateOverETH/10_w5500_dns_http-c/Wiznet_W5500" -O0 -ffunction-sections -fdata-sections -Wall -fstack-usage -fcyclomatic-complexity -MMD -MP -MF"Src/uart.d" -MT"Src/uart.o" --specs=nano.specs -mfpu=fpv4-sp-d16 -mfloat-abi=hard -mthumb -o "Src/uart.o"
arm-none-eabi-gcc "../Src/w5500_driver.c" -mcpu=cortex-m4 -std=gnu11 -g3 -DDEBUG -DSTM32 -DSTM32F4 -DSTM32F411RETx -DSTM32F411xE -c -I"C:/Users/Ninsaw/Documents/FirmwareUpdateOverETH/10_w5500_dns_http-c/chip_headers/CMSIS/Include" -I"C:/Users/Ninsaw/Documents/FirmwareUpdateOverETH/10_w5500_dns_http-c/chip_headers/CMSIS/Device/ST/STM32F4xx/Include" -I"C:/Users/Ninsaw/Documents/FirmwareUpdateOverETH/10_w5500_dns_http-c/Inc" -I"C:/Users/Ninsaw/Documents/FirmwareUpdateOverETH/10_w5500_dns_http-c/Wiznet_W5500" -O0 -ffunction-sections -fdata-sections -Wall -fstack-usage -fcyclomatic-complexity -MMD -MP -MF"Src/w5500_driver.d" -MT"Src/w5500_driver.o" --specs=nano.specs -mfpu=fpv4-sp-d16 -mfloat-abi=hard -mthumb -o "Src/w5500_driver.o"
../Src/spi.c: In function 'spi_transmit':
../Src/spi.c:215:25: warning: variable 'tmpreg_ovr' set but not used [-Wunused-but-set-variable]
  215 |           __IO uint32_t tmpreg_ovr = 0x00U;
      |                         ^~~~~~~~~~
../Src/spi.c: In function 'spi_transmit_receive':
../Src/spi.c:339:32: warning: variable 'tmp_state' set but not used [-Wunused-but-set-variable]
  339 |           SPI_StateTypeDef     tmp_state;
      |                                ^~~~~~~~~
../Src/spi.c:338:32: warning: variable 'tmp_mode' set but not used [-Wunused-but-set-variable]
  338 |           uint32_t             tmp_mode;
      |                                ^~~~~~~~
../Src/httpClient.c: In function 'httpc_connection_handler':
../Src/httpClient.c:93:33: warning: implicit declaration of function 'printf' [-Wimplicit-function-declaration]
   93 |                                 printf(" > HTTP CLIENT: CONNECTED TO - %d.%d.%d.%d : %d\r\n",destip[0], destip[1], destip[2], destip[3], destport);
      |                                 ^~~~~~
../Src/httpClient.c:15:1: note: include '<stdio.h>' or provide a declaration of 'printf'
   14 | #include "httpClient.h"
  +++ |+#include <stdio.h>
   15 | 
../Src/httpClient.c:93:33: warning: incompatible implicit declaration of built-in function 'printf' [-Wbuiltin-declaration-mismatch]
   93 |                                 printf(" > HTTP CLIENT: CONNECTED TO - %d.%d.%d.%d : %d\r\n",destip[0], destip[1], destip[2], destip[3], destport);
      |                                 ^~~~~~
../Src/httpClient.c:93:33: note: include '<stdio.h>' or provide a declaration of 'printf'
../Src/httpClient.c:115:25: warning: incompatible implicit declaration of built-in function 'printf' [-Wbuiltin-declaration-mismatch]
  115 |                         printf(" > HTTP CLIENT: source_port = %d\r\n", source_port);
      |                         ^~~~~~
../Src/httpClient.c:115:25: note: include '<stdio.h>' or provide a declaration of 'printf'
../Src/httpClient.c: In function 'httpc_add_customHeader_field':
../Src/httpClient.c:166:23: warning: implicit declaration of function 'sprintf' [-Wimplicit-function-declaration]
  166 |                 len = sprintf((char *)customHeader_buf, "%s: %s\r\n", name, value);
      |                       ^~~~~~~
../Src/httpClient.c:166:23: note: include '<stdio.h>' or provide a declaration of 'sprintf'
../Src/httpClient.c:166:23: warning: incompatible implicit declaration of built-in function 'sprintf' [-Wbuiltin-declaration-mismatch]
../Src/httpClient.c:166:23: note: include '<stdio.h>' or provide a declaration of 'sprintf'
../Src/httpClient.c:170:23: warning: incompatible implicit declaration of built-in function 'sprintf' [-Wbuiltin-declaration-mismatch]
  170 |                 len = sprintf((char *)customHeader_buf, "%s%s: %s\r\n", customHeader_buf, name, value);
      |                       ^~~~~~~
../Src/httpClient.c:170:23: note: include '<stdio.h>' or provide a declaration of 'sprintf'
../Src/httpClient.c: In function 'httpc_send_header':
../Src/httpClient.c:185:23: warning: incompatible implicit declaration of built-in function 'sprintf' [-Wbuiltin-declaration-mismatch]
  185 |                 len = sprintf((char *)buf, "%s %s HTTP/1.1\r\n", req->method, req->uri);
      |                       ^~~~~~~
../Src/httpClient.c:185:23: note: include '<stdio.h>' or provide a declaration of 'sprintf'
../Src/httpClient.c:218:17: warning: incompatible implicit declaration of built-in function 'printf' [-Wbuiltin-declaration-mismatch]
  218 |                 printf(" >> HTTP Request header - Method: %s, URI: %s, Content-Length: %d\r\n", req->method, req->uri, content_len);
      |                 ^~~~~~
../Src/httpClient.c:218:17: note: include '<stdio.h>' or provide a declaration of 'printf'
../Src/httpClient.c: In function 'httpc_send_body':
../Src/httpClient.c:250:25: warning: incompatible implicit declaration of built-in function 'printf' [-Wbuiltin-declaration-mismatch]
  250 |                         printf(" >> HTTP Request Body\r\n");
      |                         ^~~~~~
../Src/httpClient.c:250:25: note: include '<stdio.h>' or provide a declaration of 'printf'
../Src/httpClient.c: In function 'httpc_send':
../Src/httpClient.c:279:31: warning: incompatible implicit declaration of built-in function 'sprintf' [-Wbuiltin-declaration-mismatch]
  279 |                         len = sprintf((char *)buf, "%s %s HTTP/1.1\r\n", req->method, req->uri);
      |                               ^~~~~~~
../Src/httpClient.c:279:31: note: include '<stdio.h>' or provide a declaration of 'sprintf'
../Src/httpClient.c:317:17: warning: incompatible implicit declaration of built-in function 'printf' [-Wbuiltin-declaration-mismatch]
  317 |                 printf(" >> HTTP Request - Method: %s, URI: %s, Content-Length: %d\r\n", req->method, req->uri, content_len);
      |                 ^~~~~~
../Src/httpClient.c:317:17: note: include '<stdio.h>' or provide a declaration of 'printf'
../Src/httpClient.c: In function 'httpc_disconnect':
../Src/httpClient.c:359:17: warning: incompatible implicit declaration of built-in function 'printf' [-Wbuiltin-declaration-mismatch]
  359 |                 printf(" > HTTP CLIENT: Try to disconnect\r\n");
      |                 ^~~~~~
../Src/httpClient.c:359:17: note: include '<stdio.h>' or provide a declaration of 'printf'
../Src/httpClient.c: In function 'httpc_add_customHeader_field':
../Src/httpClient.c:170:23: warning: 'sprintf' argument 3 overlaps destination object 'customHeader_buf' [-Wrestrict]
  170 |                 len = sprintf((char *)customHeader_buf, "%s%s: %s\r\n", customHeader_buf, name, value);
      |                       ^~~~~~~~~~~~~~~~~~~~~~~~~~~~~~~~~~~~~~~~~~~~~~~~~~~~~~~~~~~~~~~~~~~~~~~~~~~~~~~~
../Src/httpClient.c:158:49: note: destination object referenced by 'restrict'-qualified argument 1 was declared here
  158 | uint16_t httpc_add_customHeader_field(uint8_t * customHeader_buf, const char * name, const char * value)
      |                                       ~~~~~~~~~~^~~~~~~~~~~~~~~~
arm-none-eabi-gcc -o "10_w5500_dns_http-c.elf" @"objects.list"   -mcpu=cortex-m4 -T"C:\Users\Ninsaw\Documents\FirmwareUpdateOverETH\10_w5500_dns_http-c\STM32F411RETX_FLASH.ld" --specs=nosys.specs -Wl,-Map="10_w5500_dns_http-c.map" -Wl,--gc-sections -static --specs=nano.specs -mfpu=fpv4-sp-d16 -mfloat-abi=hard -mthumb -Wl,--start-group -lc -lm -Wl,--end-group
C:/ST/STM32CubeIDE_1.15.1/STM32CubeIDE/plugins/com.st.stm32cube.ide.mcu.externaltools.gnu-tools-for-stm32.12.3.rel1.win32_1.0.100.202403111256/tools/bin/../lib/gcc/arm-none-eabi/12.3.1/../../../../arm-none-eabi/bin/ld.exe: warning: 10_w5500_dns_http-c.elf has a LOAD segment with RWX permissions
Finished building target: 10_w5500_dns_http-c.elf
 
arm-none-eabi-size  10_w5500_dns_http-c.elf 
arm-none-eabi-objdump -h -S 10_w5500_dns_http-c.elf  > "10_w5500_dns_http-c.list"
   text	   data	    bss	    dec	    hex	filename
  25540	    216	  10288	  36044	   8ccc	10_w5500_dns_http-c.elf
Finished building: default.size.stdout
 
Finished building: 10_w5500_dns_http-c.list
 

18:04:02 Build Finished. 0 errors, 20 warnings. (took 3s.332ms)

