18:04:05 **** Build of configuration Debug for project 2_system_drivers-uart ****
make -j8 all 
arm-none-eabi-gcc "../Src/fpu.c" -mcpu=cortex-m4 -std=gnu11 -g3 -DDEBUG -DSTM32 -DSTM32F4 -DSTM32F411RETx -DSTM32F411xE -c -I../Inc -I"C:/Users/Ninsaw/Documents/FirmwareUpdateOverETH/2_system_drivers-uart/chip_headers/CMSIS/Include" -I"C:/Users/Ninsaw/Documents/FirmwareUpdateOverETH/2_system_drivers-uart/chip_headers/CMSIS/Device/ST/STM32F4xx/Include" -O0 -ffunction-sections -fdata-sections -Wall -fstack-usage -fcyclomatic-complexity -MMD -MP -MF"Src/fpu.d" -MT"Src/fpu.o" --specs=nano.specs -mfpu=fpv4-sp-d16 -mfloat-abi=hard -mthumb -o "Src/fpu.o"
arm-none-eabi-gcc "../Src/main.c" -mcpu=cortex-m4 -std=gnu11 -g3 -DDEBUG -DSTM32 -DSTM32F4 -DSTM32F411RETx -DSTM32F411xE -c -I../Inc -I"C:/Users/Ninsaw/Documents/FirmwareUpdateOverETH/2_system_drivers-uart/chip_headers/CMSIS/Include" -I"C:/Users/Ninsaw/Documents/FirmwareUpdateOverETH/2_system_drivers-uart/chip_headers/CMSIS/Device/ST/STM32F4xx/Include" -O0 -ffunction-sections -fdata-sections -Wall -fstack-usage -fcyclomatic-complexity -MMD -MP -MF"Src/main.d" -MT"Src/main.o" --specs=nano.specs -mfpu=fpv4-sp-d16 -mfloat-abi=hard -mthumb -o "Src/main.o"
arm-none-eabi-gcc "../Src/syscalls.c" -mcpu=cortex-m4 -std=gnu11 -g3 -DDEBUG -DSTM32 -DSTM32F4 -DSTM32F411RETx -DSTM32F411xE -c -I../Inc -I"C:/Users/Ninsaw/Documents/FirmwareUpdateOverETH/2_system_drivers-uart/chip_headers/CMSIS/Include" -I"C:/Users/Ninsaw/Documents/FirmwareUpdateOverETH/2_system_drivers-uart/chip_headers/CMSIS/Device/ST/STM32F4xx/Include" -O0 -ffunction-sections -fdata-sections -Wall -fstack-usage -fcyclomatic-complexity -MMD -MP -MF"Src/syscalls.d" -MT"Src/syscalls.o" --specs=nano.specs -mfpu=fpv4-sp-d16 -mfloat-abi=hard -mthumb -o "Src/syscalls.o"
arm-none-eabi-gcc "../Src/sysmem.c" -mcpu=cortex-m4 -std=gnu11 -g3 -DDEBUG -DSTM32 -DSTM32F4 -DSTM32F411RETx -DSTM32F411xE -c -I../Inc -I"C:/Users/Ninsaw/Documents/FirmwareUpdateOverETH/2_system_drivers-uart/chip_headers/CMSIS/Include" -I"C:/Users/Ninsaw/Documents/FirmwareUpdateOverETH/2_system_drivers-uart/chip_headers/CMSIS/Device/ST/STM32F4xx/Include" -O0 -ffunction-sections -fdata-sections -Wall -fstack-usage -fcyclomatic-complexity -MMD -MP -MF"Src/sysmem.d" -MT"Src/sysmem.o" --specs=nano.specs -mfpu=fpv4-sp-d16 -mfloat-abi=hard -mthumb -o "Src/sysmem.o"
arm-none-eabi-gcc "../Src/uart.c" -mcpu=cortex-m4 -std=gnu11 -g3 -DDEBUG -DSTM32 -DSTM32F4 -DSTM32F411RETx -DSTM32F411xE -c -I../Inc -I"C:/Users/Ninsaw/Documents/FirmwareUpdateOverETH/2_system_drivers-uart/chip_headers/CMSIS/Include" -I"C:/Users/Ninsaw/Documents/FirmwareUpdateOverETH/2_system_drivers-uart/chip_headers/CMSIS/Device/ST/STM32F4xx/Include" -O0 -ffunction-sections -fdata-sections -Wall -fstack-usage -fcyclomatic-complexity -MMD -MP -MF"Src/uart.d" -MT"Src/uart.o" --specs=nano.specs -mfpu=fpv4-sp-d16 -mfloat-abi=hard -mthumb -o "Src/uart.o"
arm-none-eabi-gcc -o "2_system_drivers-uart.elf" @"objects.list"   -mcpu=cortex-m4 -T"C:\Users\Ninsaw\Documents\FirmwareUpdateOverETH\2_system_drivers-uart\STM32F411RETX_FLASH.ld" --specs=nosys.specs -Wl,-Map="2_system_drivers-uart.map" -Wl,--gc-sections -static --specs=nano.specs -mfpu=fpv4-sp-d16 -mfloat-abi=hard -mthumb -Wl,--start-group -lc -lm -Wl,--end-group
C:/ST/STM32CubeIDE_1.15.1/STM32CubeIDE/plugins/com.st.stm32cube.ide.mcu.externaltools.gnu-tools-for-stm32.12.3.rel1.win32_1.0.100.202403111256/tools/bin/../lib/gcc/arm-none-eabi/12.3.1/../../../../arm-none-eabi/bin/ld.exe: warning: 2_system_drivers-uart.elf has a LOAD segment with RWX permissions
Finished building target: 2_system_drivers-uart.elf
 
arm-none-eabi-size  2_system_drivers-uart.elf 
arm-none-eabi-objdump -h -S 2_system_drivers-uart.elf  > "2_system_drivers-uart.list"
   text	   data	    bss	    dec	    hex	filename
   5260	    100	   1900	   7260	   1c5c	2_system_drivers-uart.elf
arm-none-eabi-objcopy  -O binary 2_system_drivers-uart.elf  "2_system_drivers-uart.bin"
Finished building: default.size.stdout
 
Finished building: 2_system_drivers-uart.list
 
Finished building: 2_system_drivers-uart.bin
 

18:04:07 Build Finished. 0 errors, 1 warnings. (took 1s.302ms)

