15:51:23 **** Incremental Build of configuration Debug for project 9_w5500_comm_driver ****
make -j8 all 
arm-none-eabi-gcc "../Wiznet_W5500/dhcp.c" -mcpu=cortex-m4 -std=gnu11 -g3 -DDEBUG -DSTM32 -DSTM32F4 -DSTM32F411RETx -DSTM32F411xE -c -I"C:/Users/Ninsaw/Documents/Externel_Ethernet/9_w5500_comm_driver/chip_headers/CMSIS/Include" -I"C:/Users/Ninsaw/Documents/Externel_Ethernet/9_w5500_comm_driver/chip_headers/CMSIS/Device/ST/STM32F4xx/Include" -I"C:/Users/Ninsaw/Documents/Externel_Ethernet/9_w5500_comm_driver/Inc" -I"C:/Users/Ninsaw/Documents/Externel_Ethernet/9_w5500_comm_driver/Wiznet_W5500" -O0 -ffunction-sections -fdata-sections -Wall -fstack-usage -fcyclomatic-complexity -MMD -MP -MF"Wiznet_W5500/dhcp.d" -MT"Wiznet_W5500/dhcp.o" --specs=nano.specs -mfpu=fpv4-sp-d16 -mfloat-abi=hard -mthumb -o "Wiznet_W5500/dhcp.o"
arm-none-eabi-gcc "../Wiznet_W5500/httpParser.c" -mcpu=cortex-m4 -std=gnu11 -g3 -DDEBUG -DSTM32 -DSTM32F4 -DSTM32F411RETx -DSTM32F411xE -c -I"C:/Users/Ninsaw/Documents/Externel_Ethernet/9_w5500_comm_driver/chip_headers/CMSIS/Include" -I"C:/Users/Ninsaw/Documents/Externel_Ethernet/9_w5500_comm_driver/chip_headers/CMSIS/Device/ST/STM32F4xx/Include" -I"C:/Users/Ninsaw/Documents/Externel_Ethernet/9_w5500_comm_driver/Inc" -I"C:/Users/Ninsaw/Documents/Externel_Ethernet/9_w5500_comm_driver/Wiznet_W5500" -O0 -ffunction-sections -fdata-sections -Wall -fstack-usage -fcyclomatic-complexity -MMD -MP -MF"Wiznet_W5500/httpParser.d" -MT"Wiznet_W5500/httpParser.o" --specs=nano.specs -mfpu=fpv4-sp-d16 -mfloat-abi=hard -mthumb -o "Wiznet_W5500/httpParser.o"
arm-none-eabi-gcc "../Wiznet_W5500/httpServer.c" -mcpu=cortex-m4 -std=gnu11 -g3 -DDEBUG -DSTM32 -DSTM32F4 -DSTM32F411RETx -DSTM32F411xE -c -I"C:/Users/Ninsaw/Documents/Externel_Ethernet/9_w5500_comm_driver/chip_headers/CMSIS/Include" -I"C:/Users/Ninsaw/Documents/Externel_Ethernet/9_w5500_comm_driver/chip_headers/CMSIS/Device/ST/STM32F4xx/Include" -I"C:/Users/Ninsaw/Documents/Externel_Ethernet/9_w5500_comm_driver/Inc" -I"C:/Users/Ninsaw/Documents/Externel_Ethernet/9_w5500_comm_driver/Wiznet_W5500" -O0 -ffunction-sections -fdata-sections -Wall -fstack-usage -fcyclomatic-complexity -MMD -MP -MF"Wiznet_W5500/httpServer.d" -MT"Wiznet_W5500/httpServer.o" --specs=nano.specs -mfpu=fpv4-sp-d16 -mfloat-abi=hard -mthumb -o "Wiznet_W5500/httpServer.o"
arm-none-eabi-gcc "../Wiznet_W5500/httpUtil.c" -mcpu=cortex-m4 -std=gnu11 -g3 -DDEBUG -DSTM32 -DSTM32F4 -DSTM32F411RETx -DSTM32F411xE -c -I"C:/Users/Ninsaw/Documents/Externel_Ethernet/9_w5500_comm_driver/chip_headers/CMSIS/Include" -I"C:/Users/Ninsaw/Documents/Externel_Ethernet/9_w5500_comm_driver/chip_headers/CMSIS/Device/ST/STM32F4xx/Include" -I"C:/Users/Ninsaw/Documents/Externel_Ethernet/9_w5500_comm_driver/Inc" -I"C:/Users/Ninsaw/Documents/Externel_Ethernet/9_w5500_comm_driver/Wiznet_W5500" -O0 -ffunction-sections -fdata-sections -Wall -fstack-usage -fcyclomatic-complexity -MMD -MP -MF"Wiznet_W5500/httpUtil.d" -MT"Wiznet_W5500/httpUtil.o" --specs=nano.specs -mfpu=fpv4-sp-d16 -mfloat-abi=hard -mthumb -o "Wiznet_W5500/httpUtil.o"
arm-none-eabi-gcc "../Wiznet_W5500/socket.c" -mcpu=cortex-m4 -std=gnu11 -g3 -DDEBUG -DSTM32 -DSTM32F4 -DSTM32F411RETx -DSTM32F411xE -c -I"C:/Users/Ninsaw/Documents/Externel_Ethernet/9_w5500_comm_driver/chip_headers/CMSIS/Include" -I"C:/Users/Ninsaw/Documents/Externel_Ethernet/9_w5500_comm_driver/chip_headers/CMSIS/Device/ST/STM32F4xx/Include" -I"C:/Users/Ninsaw/Documents/Externel_Ethernet/9_w5500_comm_driver/Inc" -I"C:/Users/Ninsaw/Documents/Externel_Ethernet/9_w5500_comm_driver/Wiznet_W5500" -O0 -ffunction-sections -fdata-sections -Wall -fstack-usage -fcyclomatic-complexity -MMD -MP -MF"Wiznet_W5500/socket.d" -MT"Wiznet_W5500/socket.o" --specs=nano.specs -mfpu=fpv4-sp-d16 -mfloat-abi=hard -mthumb -o "Wiznet_W5500/socket.o"
arm-none-eabi-gcc "../Wiznet_W5500/w5500.c" -mcpu=cortex-m4 -std=gnu11 -g3 -DDEBUG -DSTM32 -DSTM32F4 -DSTM32F411RETx -DSTM32F411xE -c -I"C:/Users/Ninsaw/Documents/Externel_Ethernet/9_w5500_comm_driver/chip_headers/CMSIS/Include" -I"C:/Users/Ninsaw/Documents/Externel_Ethernet/9_w5500_comm_driver/chip_headers/CMSIS/Device/ST/STM32F4xx/Include" -I"C:/Users/Ninsaw/Documents/Externel_Ethernet/9_w5500_comm_driver/Inc" -I"C:/Users/Ninsaw/Documents/Externel_Ethernet/9_w5500_comm_driver/Wiznet_W5500" -O0 -ffunction-sections -fdata-sections -Wall -fstack-usage -fcyclomatic-complexity -MMD -MP -MF"Wiznet_W5500/w5500.d" -MT"Wiznet_W5500/w5500.o" --specs=nano.specs -mfpu=fpv4-sp-d16 -mfloat-abi=hard -mthumb -o "Wiznet_W5500/w5500.o"
arm-none-eabi-gcc "../Wiznet_W5500/wizchip_conf.c" -mcpu=cortex-m4 -std=gnu11 -g3 -DDEBUG -DSTM32 -DSTM32F4 -DSTM32F411RETx -DSTM32F411xE -c -I"C:/Users/Ninsaw/Documents/Externel_Ethernet/9_w5500_comm_driver/chip_headers/CMSIS/Include" -I"C:/Users/Ninsaw/Documents/Externel_Ethernet/9_w5500_comm_driver/chip_headers/CMSIS/Device/ST/STM32F4xx/Include" -I"C:/Users/Ninsaw/Documents/Externel_Ethernet/9_w5500_comm_driver/Inc" -I"C:/Users/Ninsaw/Documents/Externel_Ethernet/9_w5500_comm_driver/Wiznet_W5500" -O0 -ffunction-sections -fdata-sections -Wall -fstack-usage -fcyclomatic-complexity -MMD -MP -MF"Wiznet_W5500/wizchip_conf.d" -MT"Wiznet_W5500/wizchip_conf.o" --specs=nano.specs -mfpu=fpv4-sp-d16 -mfloat-abi=hard -mthumb -o "Wiznet_W5500/wizchip_conf.o"
arm-none-eabi-gcc -mcpu=cortex-m4 -g3 -c -x assembler-with-cpp -MMD -MP -MF"Startup/startup_stm32f411retx.d" -MT"Startup/startup_stm32f411retx.o" --specs=nano.specs -mfpu=fpv4-sp-d16 -mfloat-abi=hard -mthumb -o "Startup/startup_stm32f411retx.o" "../Startup/startup_stm32f411retx.s"
../Wiznet_W5500/dhcp.c: In function 'parseDHCPMSG':
../Wiznet_W5500/dhcp.c:604:4: warning: this 'else' clause does not guard... [-Wmisleading-indentation]
  604 |    else return 0;
      |    ^~~~
../Wiznet_W5500/dhcp.c:605:9: note: ...this statement, but the latter is misleadingly indented as if it were guarded by the 'else'
  605 |         if (svr_port == DHCP_SERVER_PORT) {
      |         ^~
arm-none-eabi-gcc "../Src/adc.c" -mcpu=cortex-m4 -std=gnu11 -g3 -DDEBUG -DSTM32 -DSTM32F4 -DSTM32F411RETx -DSTM32F411xE -c -I"C:/Users/Ninsaw/Documents/Externel_Ethernet/9_w5500_comm_driver/chip_headers/CMSIS/Include" -I"C:/Users/Ninsaw/Documents/Externel_Ethernet/9_w5500_comm_driver/chip_headers/CMSIS/Device/ST/STM32F4xx/Include" -I"C:/Users/Ninsaw/Documents/Externel_Ethernet/9_w5500_comm_driver/Inc" -I"C:/Users/Ninsaw/Documents/Externel_Ethernet/9_w5500_comm_driver/Wiznet_W5500" -O0 -ffunction-sections -fdata-sections -Wall -fstack-usage -fcyclomatic-complexity -MMD -MP -MF"Src/adc.d" -MT"Src/adc.o" --specs=nano.specs -mfpu=fpv4-sp-d16 -mfloat-abi=hard -mthumb -o "Src/adc.o"
../Wiznet_W5500/httpUtil.c: In function 'predefined_get_cgi_processor':
../Wiznet_W5500/httpUtil.c:70:1: warning: control reaches end of non-void function [-Wreturn-type]
   70 | }
      | ^
../Wiznet_W5500/httpUtil.c: In function 'predefined_set_cgi_processor':
../Wiznet_W5500/httpUtil.c:75:1: warning: control reaches end of non-void function [-Wreturn-type]
   75 | }
      | ^
arm-none-eabi-gcc "../Src/bsp.c" -mcpu=cortex-m4 -std=gnu11 -g3 -DDEBUG -DSTM32 -DSTM32F4 -DSTM32F411RETx -DSTM32F411xE -c -I"C:/Users/Ninsaw/Documents/Externel_Ethernet/9_w5500_comm_driver/chip_headers/CMSIS/Include" -I"C:/Users/Ninsaw/Documents/Externel_Ethernet/9_w5500_comm_driver/chip_headers/CMSIS/Device/ST/STM32F4xx/Include" -I"C:/Users/Ninsaw/Documents/Externel_Ethernet/9_w5500_comm_driver/Inc" -I"C:/Users/Ninsaw/Documents/Externel_Ethernet/9_w5500_comm_driver/Wiznet_W5500" -O0 -ffunction-sections -fdata-sections -Wall -fstack-usage -fcyclomatic-complexity -MMD -MP -MF"Src/bsp.d" -MT"Src/bsp.o" --specs=nano.specs -mfpu=fpv4-sp-d16 -mfloat-abi=hard -mthumb -o "Src/bsp.o"
arm-none-eabi-gcc "../Src/fpu.c" -mcpu=cortex-m4 -std=gnu11 -g3 -DDEBUG -DSTM32 -DSTM32F4 -DSTM32F411RETx -DSTM32F411xE -c -I"C:/Users/Ninsaw/Documents/Externel_Ethernet/9_w5500_comm_driver/chip_headers/CMSIS/Include" -I"C:/Users/Ninsaw/Documents/Externel_Ethernet/9_w5500_comm_driver/chip_headers/CMSIS/Device/ST/STM32F4xx/Include" -I"C:/Users/Ninsaw/Documents/Externel_Ethernet/9_w5500_comm_driver/Inc" -I"C:/Users/Ninsaw/Documents/Externel_Ethernet/9_w5500_comm_driver/Wiznet_W5500" -O0 -ffunction-sections -fdata-sections -Wall -fstack-usage -fcyclomatic-complexity -MMD -MP -MF"Src/fpu.d" -MT"Src/fpu.o" --specs=nano.specs -mfpu=fpv4-sp-d16 -mfloat-abi=hard -mthumb -o "Src/fpu.o"
arm-none-eabi-gcc "../Src/main.c" -mcpu=cortex-m4 -std=gnu11 -g3 -DDEBUG -DSTM32 -DSTM32F4 -DSTM32F411RETx -DSTM32F411xE -c -I"C:/Users/Ninsaw/Documents/Externel_Ethernet/9_w5500_comm_driver/chip_headers/CMSIS/Include" -I"C:/Users/Ninsaw/Documents/Externel_Ethernet/9_w5500_comm_driver/chip_headers/CMSIS/Device/ST/STM32F4xx/Include" -I"C:/Users/Ninsaw/Documents/Externel_Ethernet/9_w5500_comm_driver/Inc" -I"C:/Users/Ninsaw/Documents/Externel_Ethernet/9_w5500_comm_driver/Wiznet_W5500" -O0 -ffunction-sections -fdata-sections -Wall -fstack-usage -fcyclomatic-complexity -MMD -MP -MF"Src/main.d" -MT"Src/main.o" --specs=nano.specs -mfpu=fpv4-sp-d16 -mfloat-abi=hard -mthumb -o "Src/main.o"
arm-none-eabi-gcc "../Src/spi.c" -mcpu=cortex-m4 -std=gnu11 -g3 -DDEBUG -DSTM32 -DSTM32F4 -DSTM32F411RETx -DSTM32F411xE -c -I"C:/Users/Ninsaw/Documents/Externel_Ethernet/9_w5500_comm_driver/chip_headers/CMSIS/Include" -I"C:/Users/Ninsaw/Documents/Externel_Ethernet/9_w5500_comm_driver/chip_headers/CMSIS/Device/ST/STM32F4xx/Include" -I"C:/Users/Ninsaw/Documents/Externel_Ethernet/9_w5500_comm_driver/Inc" -I"C:/Users/Ninsaw/Documents/Externel_Ethernet/9_w5500_comm_driver/Wiznet_W5500" -O0 -ffunction-sections -fdata-sections -Wall -fstack-usage -fcyclomatic-complexity -MMD -MP -MF"Src/spi.d" -MT"Src/spi.o" --specs=nano.specs -mfpu=fpv4-sp-d16 -mfloat-abi=hard -mthumb -o "Src/spi.o"
arm-none-eabi-gcc "../Src/syscalls.c" -mcpu=cortex-m4 -std=gnu11 -g3 -DDEBUG -DSTM32 -DSTM32F4 -DSTM32F411RETx -DSTM32F411xE -c -I"C:/Users/Ninsaw/Documents/Externel_Ethernet/9_w5500_comm_driver/chip_headers/CMSIS/Include" -I"C:/Users/Ninsaw/Documents/Externel_Ethernet/9_w5500_comm_driver/chip_headers/CMSIS/Device/ST/STM32F4xx/Include" -I"C:/Users/Ninsaw/Documents/Externel_Ethernet/9_w5500_comm_driver/Inc" -I"C:/Users/Ninsaw/Documents/Externel_Ethernet/9_w5500_comm_driver/Wiznet_W5500" -O0 -ffunction-sections -fdata-sections -Wall -fstack-usage -fcyclomatic-complexity -MMD -MP -MF"Src/syscalls.d" -MT"Src/syscalls.o" --specs=nano.specs -mfpu=fpv4-sp-d16 -mfloat-abi=hard -mthumb -o "Src/syscalls.o"
arm-none-eabi-gcc "../Src/sysmem.c" -mcpu=cortex-m4 -std=gnu11 -g3 -DDEBUG -DSTM32 -DSTM32F4 -DSTM32F411RETx -DSTM32F411xE -c -I"C:/Users/Ninsaw/Documents/Externel_Ethernet/9_w5500_comm_driver/chip_headers/CMSIS/Include" -I"C:/Users/Ninsaw/Documents/Externel_Ethernet/9_w5500_comm_driver/chip_headers/CMSIS/Device/ST/STM32F4xx/Include" -I"C:/Users/Ninsaw/Documents/Externel_Ethernet/9_w5500_comm_driver/Inc" -I"C:/Users/Ninsaw/Documents/Externel_Ethernet/9_w5500_comm_driver/Wiznet_W5500" -O0 -ffunction-sections -fdata-sections -Wall -fstack-usage -fcyclomatic-complexity -MMD -MP -MF"Src/sysmem.d" -MT"Src/sysmem.o" --specs=nano.specs -mfpu=fpv4-sp-d16 -mfloat-abi=hard -mthumb -o "Src/sysmem.o"
arm-none-eabi-gcc "../Src/timebase.c" -mcpu=cortex-m4 -std=gnu11 -g3 -DDEBUG -DSTM32 -DSTM32F4 -DSTM32F411RETx -DSTM32F411xE -c -I"C:/Users/Ninsaw/Documents/Externel_Ethernet/9_w5500_comm_driver/chip_headers/CMSIS/Include" -I"C:/Users/Ninsaw/Documents/Externel_Ethernet/9_w5500_comm_driver/chip_headers/CMSIS/Device/ST/STM32F4xx/Include" -I"C:/Users/Ninsaw/Documents/Externel_Ethernet/9_w5500_comm_driver/Inc" -I"C:/Users/Ninsaw/Documents/Externel_Ethernet/9_w5500_comm_driver/Wiznet_W5500" -O0 -ffunction-sections -fdata-sections -Wall -fstack-usage -fcyclomatic-complexity -MMD -MP -MF"Src/timebase.d" -MT"Src/timebase.o" --specs=nano.specs -mfpu=fpv4-sp-d16 -mfloat-abi=hard -mthumb -o "Src/timebase.o"
../Src/spi.c: In function 'spi_transmit':
../Src/spi.c:215:25: warning: variable 'tmpreg_ovr' set but not used [-Wunused-but-set-variable]
  215 |           __IO uint32_t tmpreg_ovr = 0x00U;
      |                         ^~~~~~~~~~
../Src/spi.c: In function 'spi_transmit_receive':
../Src/spi.c:339:32: warning: variable 'tmp_state' set but not used [-Wunused-but-set-variable]
  339 |           SPI_StateTypeDef     tmp_state;
      |                                ^~~~~~~~~
../Src/spi.c:338:32: warning: variable 'tmp_mode' set but not used [-Wunused-but-set-variable]
  338 |           uint32_t             tmp_mode;
      |                                ^~~~~~~~
arm-none-eabi-gcc "../Src/uart.c" -mcpu=cortex-m4 -std=gnu11 -g3 -DDEBUG -DSTM32 -DSTM32F4 -DSTM32F411RETx -DSTM32F411xE -c -I"C:/Users/Ninsaw/Documents/Externel_Ethernet/9_w5500_comm_driver/chip_headers/CMSIS/Include" -I"C:/Users/Ninsaw/Documents/Externel_Ethernet/9_w5500_comm_driver/chip_headers/CMSIS/Device/ST/STM32F4xx/Include" -I"C:/Users/Ninsaw/Documents/Externel_Ethernet/9_w5500_comm_driver/Inc" -I"C:/Users/Ninsaw/Documents/Externel_Ethernet/9_w5500_comm_driver/Wiznet_W5500" -O0 -ffunction-sections -fdata-sections -Wall -fstack-usage -fcyclomatic-complexity -MMD -MP -MF"Src/uart.d" -MT"Src/uart.o" --specs=nano.specs -mfpu=fpv4-sp-d16 -mfloat-abi=hard -mthumb -o "Src/uart.o"
arm-none-eabi-gcc "../Src/w5500_driver.c" -mcpu=cortex-m4 -std=gnu11 -g3 -DDEBUG -DSTM32 -DSTM32F4 -DSTM32F411RETx -DSTM32F411xE -c -I"C:/Users/Ninsaw/Documents/Externel_Ethernet/9_w5500_comm_driver/chip_headers/CMSIS/Include" -I"C:/Users/Ninsaw/Documents/Externel_Ethernet/9_w5500_comm_driver/chip_headers/CMSIS/Device/ST/STM32F4xx/Include" -I"C:/Users/Ninsaw/Documents/Externel_Ethernet/9_w5500_comm_driver/Inc" -I"C:/Users/Ninsaw/Documents/Externel_Ethernet/9_w5500_comm_driver/Wiznet_W5500" -O0 -ffunction-sections -fdata-sections -Wall -fstack-usage -fcyclomatic-complexity -MMD -MP -MF"Src/w5500_driver.d" -MT"Src/w5500_driver.o" --specs=nano.specs -mfpu=fpv4-sp-d16 -mfloat-abi=hard -mthumb -o "Src/w5500_driver.o"
arm-none-eabi-gcc -o "9_w5500_comm_driver.elf" @"objects.list"   -mcpu=cortex-m4 -T"C:\Users\Ninsaw\Documents\Externel_Ethernet\9_w5500_comm_driver\STM32F411RETX_FLASH.ld" --specs=nosys.specs -Wl,-Map="9_w5500_comm_driver.map" -Wl,--gc-sections -static --specs=nano.specs -mfpu=fpv4-sp-d16 -mfloat-abi=hard -mthumb -Wl,--start-group -lc -lm -Wl,--end-group
C:/ST/STM32CubeIDE_1.15.1/STM32CubeIDE/plugins/com.st.stm32cube.ide.mcu.externaltools.gnu-tools-for-stm32.12.3.rel1.win32_1.0.100.202403111256/tools/bin/../lib/gcc/arm-none-eabi/12.3.1/../../../../arm-none-eabi/bin/ld.exe: warning: 9_w5500_comm_driver.elf has a LOAD segment with RWX permissions
Finished building target: 9_w5500_comm_driver.elf
 
arm-none-eabi-size  9_w5500_comm_driver.elf 
arm-none-eabi-objdump -h -S 9_w5500_comm_driver.elf  > "9_w5500_comm_driver.list"
   text	   data	    bss	    dec	    hex	filename
  22880	    200	   3272	  26352	   66f0	9_w5500_comm_driver.elf
Finished building: default.size.stdout
 
Finished building: 9_w5500_comm_driver.list
 

15:51:27 Build Finished. 0 errors, 7 warnings. (took 4s.152ms)

