19:03:32 **** Build of configuration Debug for project 13_w5500_eth_bootloader ****
make -j8 all 
arm-none-eabi-gcc "../Wiznet_W5500/dhcp.c" -mcpu=cortex-m4 -std=gnu11 -g3 -DDEBUG -DSTM32 -DSTM32F4 -DSTM32F411RETx -DSTM32F411xE -c -I"C:/Users/Ninsaw/Documents/FirmwareUpdateOverETH/13_w5500_eth_bootloader/chip_headers/CMSIS/Include" -I"C:/Users/Ninsaw/Documents/FirmwareUpdateOverETH/13_w5500_eth_bootloader/chip_headers/CMSIS/Device/ST/STM32F4xx/Include" -I"C:/Users/Ninsaw/Documents/FirmwareUpdateOverETH/13_w5500_eth_bootloader/Inc" -I"C:/Users/Ninsaw/Documents/FirmwareUpdateOverETH/13_w5500_eth_bootloader/Wiznet_W5500" -O0 -ffunction-sections -fdata-sections -Wall -fstack-usage -fcyclomatic-complexity -MMD -MP -MF"Wiznet_W5500/dhcp.d" -MT"Wiznet_W5500/dhcp.o" --specs=nano.specs -mfpu=fpv4-sp-d16 -mfloat-abi=hard -mthumb -o "Wiznet_W5500/dhcp.o"
arm-none-eabi-gcc "../Wiznet_W5500/httpParser.c" -mcpu=cortex-m4 -std=gnu11 -g3 -DDEBUG -DSTM32 -DSTM32F4 -DSTM32F411RETx -DSTM32F411xE -c -I"C:/Users/Ninsaw/Documents/FirmwareUpdateOverETH/13_w5500_eth_bootloader/chip_headers/CMSIS/Include" -I"C:/Users/Ninsaw/Documents/FirmwareUpdateOverETH/13_w5500_eth_bootloader/chip_headers/CMSIS/Device/ST/STM32F4xx/Include" -I"C:/Users/Ninsaw/Documents/FirmwareUpdateOverETH/13_w5500_eth_bootloader/Inc" -I"C:/Users/Ninsaw/Documents/FirmwareUpdateOverETH/13_w5500_eth_bootloader/Wiznet_W5500" -O0 -ffunction-sections -fdata-sections -Wall -fstack-usage -fcyclomatic-complexity -MMD -MP -MF"Wiznet_W5500/httpParser.d" -MT"Wiznet_W5500/httpParser.o" --specs=nano.specs -mfpu=fpv4-sp-d16 -mfloat-abi=hard -mthumb -o "Wiznet_W5500/httpParser.o"
arm-none-eabi-gcc "../Wiznet_W5500/httpServer.c" -mcpu=cortex-m4 -std=gnu11 -g3 -DDEBUG -DSTM32 -DSTM32F4 -DSTM32F411RETx -DSTM32F411xE -c -I"C:/Users/Ninsaw/Documents/FirmwareUpdateOverETH/13_w5500_eth_bootloader/chip_headers/CMSIS/Include" -I"C:/Users/Ninsaw/Documents/FirmwareUpdateOverETH/13_w5500_eth_bootloader/chip_headers/CMSIS/Device/ST/STM32F4xx/Include" -I"C:/Users/Ninsaw/Documents/FirmwareUpdateOverETH/13_w5500_eth_bootloader/Inc" -I"C:/Users/Ninsaw/Documents/FirmwareUpdateOverETH/13_w5500_eth_bootloader/Wiznet_W5500" -O0 -ffunction-sections -fdata-sections -Wall -fstack-usage -fcyclomatic-complexity -MMD -MP -MF"Wiznet_W5500/httpServer.d" -MT"Wiznet_W5500/httpServer.o" --specs=nano.specs -mfpu=fpv4-sp-d16 -mfloat-abi=hard -mthumb -o "Wiznet_W5500/httpServer.o"
arm-none-eabi-gcc "../Wiznet_W5500/httpUtil.c" -mcpu=cortex-m4 -std=gnu11 -g3 -DDEBUG -DSTM32 -DSTM32F4 -DSTM32F411RETx -DSTM32F411xE -c -I"C:/Users/Ninsaw/Documents/FirmwareUpdateOverETH/13_w5500_eth_bootloader/chip_headers/CMSIS/Include" -I"C:/Users/Ninsaw/Documents/FirmwareUpdateOverETH/13_w5500_eth_bootloader/chip_headers/CMSIS/Device/ST/STM32F4xx/Include" -I"C:/Users/Ninsaw/Documents/FirmwareUpdateOverETH/13_w5500_eth_bootloader/Inc" -I"C:/Users/Ninsaw/Documents/FirmwareUpdateOverETH/13_w5500_eth_bootloader/Wiznet_W5500" -O0 -ffunction-sections -fdata-sections -Wall -fstack-usage -fcyclomatic-complexity -MMD -MP -MF"Wiznet_W5500/httpUtil.d" -MT"Wiznet_W5500/httpUtil.o" --specs=nano.specs -mfpu=fpv4-sp-d16 -mfloat-abi=hard -mthumb -o "Wiznet_W5500/httpUtil.o"
arm-none-eabi-gcc "../Wiznet_W5500/socket.c" -mcpu=cortex-m4 -std=gnu11 -g3 -DDEBUG -DSTM32 -DSTM32F4 -DSTM32F411RETx -DSTM32F411xE -c -I"C:/Users/Ninsaw/Documents/FirmwareUpdateOverETH/13_w5500_eth_bootloader/chip_headers/CMSIS/Include" -I"C:/Users/Ninsaw/Documents/FirmwareUpdateOverETH/13_w5500_eth_bootloader/chip_headers/CMSIS/Device/ST/STM32F4xx/Include" -I"C:/Users/Ninsaw/Documents/FirmwareUpdateOverETH/13_w5500_eth_bootloader/Inc" -I"C:/Users/Ninsaw/Documents/FirmwareUpdateOverETH/13_w5500_eth_bootloader/Wiznet_W5500" -O0 -ffunction-sections -fdata-sections -Wall -fstack-usage -fcyclomatic-complexity -MMD -MP -MF"Wiznet_W5500/socket.d" -MT"Wiznet_W5500/socket.o" --specs=nano.specs -mfpu=fpv4-sp-d16 -mfloat-abi=hard -mthumb -o "Wiznet_W5500/socket.o"
arm-none-eabi-gcc "../Wiznet_W5500/w5500.c" -mcpu=cortex-m4 -std=gnu11 -g3 -DDEBUG -DSTM32 -DSTM32F4 -DSTM32F411RETx -DSTM32F411xE -c -I"C:/Users/Ninsaw/Documents/FirmwareUpdateOverETH/13_w5500_eth_bootloader/chip_headers/CMSIS/Include" -I"C:/Users/Ninsaw/Documents/FirmwareUpdateOverETH/13_w5500_eth_bootloader/chip_headers/CMSIS/Device/ST/STM32F4xx/Include" -I"C:/Users/Ninsaw/Documents/FirmwareUpdateOverETH/13_w5500_eth_bootloader/Inc" -I"C:/Users/Ninsaw/Documents/FirmwareUpdateOverETH/13_w5500_eth_bootloader/Wiznet_W5500" -O0 -ffunction-sections -fdata-sections -Wall -fstack-usage -fcyclomatic-complexity -MMD -MP -MF"Wiznet_W5500/w5500.d" -MT"Wiznet_W5500/w5500.o" --specs=nano.specs -mfpu=fpv4-sp-d16 -mfloat-abi=hard -mthumb -o "Wiznet_W5500/w5500.o"
arm-none-eabi-gcc "../Wiznet_W5500/wizchip_conf.c" -mcpu=cortex-m4 -std=gnu11 -g3 -DDEBUG -DSTM32 -DSTM32F4 -DSTM32F411RETx -DSTM32F411xE -c -I"C:/Users/Ninsaw/Documents/FirmwareUpdateOverETH/13_w5500_eth_bootloader/chip_headers/CMSIS/Include" -I"C:/Users/Ninsaw/Documents/FirmwareUpdateOverETH/13_w5500_eth_bootloader/chip_headers/CMSIS/Device/ST/STM32F4xx/Include" -I"C:/Users/Ninsaw/Documents/FirmwareUpdateOverETH/13_w5500_eth_bootloader/Inc" -I"C:/Users/Ninsaw/Documents/FirmwareUpdateOverETH/13_w5500_eth_bootloader/Wiznet_W5500" -O0 -ffunction-sections -fdata-sections -Wall -fstack-usage -fcyclomatic-complexity -MMD -MP -MF"Wiznet_W5500/wizchip_conf.d" -MT"Wiznet_W5500/wizchip_conf.o" --specs=nano.specs -mfpu=fpv4-sp-d16 -mfloat-abi=hard -mthumb -o "Wiznet_W5500/wizchip_conf.o"
arm-none-eabi-gcc "../Src/adc.c" -mcpu=cortex-m4 -std=gnu11 -g3 -DDEBUG -DSTM32 -DSTM32F4 -DSTM32F411RETx -DSTM32F411xE -c -I"C:/Users/Ninsaw/Documents/FirmwareUpdateOverETH/13_w5500_eth_bootloader/chip_headers/CMSIS/Include" -I"C:/Users/Ninsaw/Documents/FirmwareUpdateOverETH/13_w5500_eth_bootloader/chip_headers/CMSIS/Device/ST/STM32F4xx/Include" -I"C:/Users/Ninsaw/Documents/FirmwareUpdateOverETH/13_w5500_eth_bootloader/Inc" -I"C:/Users/Ninsaw/Documents/FirmwareUpdateOverETH/13_w5500_eth_bootloader/Wiznet_W5500" -O0 -ffunction-sections -fdata-sections -Wall -fstack-usage -fcyclomatic-complexity -MMD -MP -MF"Src/adc.d" -MT"Src/adc.o" --specs=nano.specs -mfpu=fpv4-sp-d16 -mfloat-abi=hard -mthumb -o "Src/adc.o"
../Wiznet_W5500/dhcp.c: In function 'parseDHCPMSG':
../Wiznet_W5500/dhcp.c:604:4: warning: this 'else' clause does not guard... [-Wmisleading-indentation]
  604 |    else return 0;
      |    ^~~~
../Wiznet_W5500/dhcp.c:605:9: note: ...this statement, but the latter is misleadingly indented as if it were guarded by the 'else'
  605 |         if (svr_port == DHCP_SERVER_PORT) {
      |         ^~
../Wiznet_W5500/httpUtil.c: In function 'predefined_get_cgi_processor':
../Wiznet_W5500/httpUtil.c:70:1: warning: control reaches end of non-void function [-Wreturn-type]
   70 | }
      | ^
../Wiznet_W5500/httpUtil.c: In function 'predefined_set_cgi_processor':
../Wiznet_W5500/httpUtil.c:75:1: warning: control reaches end of non-void function [-Wreturn-type]
   75 | }
      | ^
arm-none-eabi-gcc "../Src/bsp.c" -mcpu=cortex-m4 -std=gnu11 -g3 -DDEBUG -DSTM32 -DSTM32F4 -DSTM32F411RETx -DSTM32F411xE -c -I"C:/Users/Ninsaw/Documents/FirmwareUpdateOverETH/13_w5500_eth_bootloader/chip_headers/CMSIS/Include" -I"C:/Users/Ninsaw/Documents/FirmwareUpdateOverETH/13_w5500_eth_bootloader/chip_headers/CMSIS/Device/ST/STM32F4xx/Include" -I"C:/Users/Ninsaw/Documents/FirmwareUpdateOverETH/13_w5500_eth_bootloader/Inc" -I"C:/Users/Ninsaw/Documents/FirmwareUpdateOverETH/13_w5500_eth_bootloader/Wiznet_W5500" -O0 -ffunction-sections -fdata-sections -Wall -fstack-usage -fcyclomatic-complexity -MMD -MP -MF"Src/bsp.d" -MT"Src/bsp.o" --specs=nano.specs -mfpu=fpv4-sp-d16 -mfloat-abi=hard -mthumb -o "Src/bsp.o"
arm-none-eabi-gcc "../Src/dns.c" -mcpu=cortex-m4 -std=gnu11 -g3 -DDEBUG -DSTM32 -DSTM32F4 -DSTM32F411RETx -DSTM32F411xE -c -I"C:/Users/Ninsaw/Documents/FirmwareUpdateOverETH/13_w5500_eth_bootloader/chip_headers/CMSIS/Include" -I"C:/Users/Ninsaw/Documents/FirmwareUpdateOverETH/13_w5500_eth_bootloader/chip_headers/CMSIS/Device/ST/STM32F4xx/Include" -I"C:/Users/Ninsaw/Documents/FirmwareUpdateOverETH/13_w5500_eth_bootloader/Inc" -I"C:/Users/Ninsaw/Documents/FirmwareUpdateOverETH/13_w5500_eth_bootloader/Wiznet_W5500" -O0 -ffunction-sections -fdata-sections -Wall -fstack-usage -fcyclomatic-complexity -MMD -MP -MF"Src/dns.d" -MT"Src/dns.o" --specs=nano.specs -mfpu=fpv4-sp-d16 -mfloat-abi=hard -mthumb -o "Src/dns.o"
arm-none-eabi-gcc "../Src/firmware_updater.c" -mcpu=cortex-m4 -std=gnu11 -g3 -DDEBUG -DSTM32 -DSTM32F4 -DSTM32F411RETx -DSTM32F411xE -c -I"C:/Users/Ninsaw/Documents/FirmwareUpdateOverETH/13_w5500_eth_bootloader/chip_headers/CMSIS/Include" -I"C:/Users/Ninsaw/Documents/FirmwareUpdateOverETH/13_w5500_eth_bootloader/chip_headers/CMSIS/Device/ST/STM32F4xx/Include" -I"C:/Users/Ninsaw/Documents/FirmwareUpdateOverETH/13_w5500_eth_bootloader/Inc" -I"C:/Users/Ninsaw/Documents/FirmwareUpdateOverETH/13_w5500_eth_bootloader/Wiznet_W5500" -O0 -ffunction-sections -fdata-sections -Wall -fstack-usage -fcyclomatic-complexity -MMD -MP -MF"Src/firmware_updater.d" -MT"Src/firmware_updater.o" --specs=nano.specs -mfpu=fpv4-sp-d16 -mfloat-abi=hard -mthumb -o "Src/firmware_updater.o"
arm-none-eabi-gcc "../Src/flash_driver.c" -mcpu=cortex-m4 -std=gnu11 -g3 -DDEBUG -DSTM32 -DSTM32F4 -DSTM32F411RETx -DSTM32F411xE -c -I"C:/Users/Ninsaw/Documents/FirmwareUpdateOverETH/13_w5500_eth_bootloader/chip_headers/CMSIS/Include" -I"C:/Users/Ninsaw/Documents/FirmwareUpdateOverETH/13_w5500_eth_bootloader/chip_headers/CMSIS/Device/ST/STM32F4xx/Include" -I"C:/Users/Ninsaw/Documents/FirmwareUpdateOverETH/13_w5500_eth_bootloader/Inc" -I"C:/Users/Ninsaw/Documents/FirmwareUpdateOverETH/13_w5500_eth_bootloader/Wiznet_W5500" -O0 -ffunction-sections -fdata-sections -Wall -fstack-usage -fcyclomatic-complexity -MMD -MP -MF"Src/flash_driver.d" -MT"Src/flash_driver.o" --specs=nano.specs -mfpu=fpv4-sp-d16 -mfloat-abi=hard -mthumb -o "Src/flash_driver.o"
arm-none-eabi-gcc "../Src/fpu.c" -mcpu=cortex-m4 -std=gnu11 -g3 -DDEBUG -DSTM32 -DSTM32F4 -DSTM32F411RETx -DSTM32F411xE -c -I"C:/Users/Ninsaw/Documents/FirmwareUpdateOverETH/13_w5500_eth_bootloader/chip_headers/CMSIS/Include" -I"C:/Users/Ninsaw/Documents/FirmwareUpdateOverETH/13_w5500_eth_bootloader/chip_headers/CMSIS/Device/ST/STM32F4xx/Include" -I"C:/Users/Ninsaw/Documents/FirmwareUpdateOverETH/13_w5500_eth_bootloader/Inc" -I"C:/Users/Ninsaw/Documents/FirmwareUpdateOverETH/13_w5500_eth_bootloader/Wiznet_W5500" -O0 -ffunction-sections -fdata-sections -Wall -fstack-usage -fcyclomatic-complexity -MMD -MP -MF"Src/fpu.d" -MT"Src/fpu.o" --specs=nano.specs -mfpu=fpv4-sp-d16 -mfloat-abi=hard -mthumb -o "Src/fpu.o"
arm-none-eabi-gcc "../Src/httpClient.c" -mcpu=cortex-m4 -std=gnu11 -g3 -DDEBUG -DSTM32 -DSTM32F4 -DSTM32F411RETx -DSTM32F411xE -c -I"C:/Users/Ninsaw/Documents/FirmwareUpdateOverETH/13_w5500_eth_bootloader/chip_headers/CMSIS/Include" -I"C:/Users/Ninsaw/Documents/FirmwareUpdateOverETH/13_w5500_eth_bootloader/chip_headers/CMSIS/Device/ST/STM32F4xx/Include" -I"C:/Users/Ninsaw/Documents/FirmwareUpdateOverETH/13_w5500_eth_bootloader/Inc" -I"C:/Users/Ninsaw/Documents/FirmwareUpdateOverETH/13_w5500_eth_bootloader/Wiznet_W5500" -O0 -ffunction-sections -fdata-sections -Wall -fstack-usage -fcyclomatic-complexity -MMD -MP -MF"Src/httpClient.d" -MT"Src/httpClient.o" --specs=nano.specs -mfpu=fpv4-sp-d16 -mfloat-abi=hard -mthumb -o "Src/httpClient.o"
arm-none-eabi-gcc "../Src/main.c" -mcpu=cortex-m4 -std=gnu11 -g3 -DDEBUG -DSTM32 -DSTM32F4 -DSTM32F411RETx -DSTM32F411xE -c -I"C:/Users/Ninsaw/Documents/FirmwareUpdateOverETH/13_w5500_eth_bootloader/chip_headers/CMSIS/Include" -I"C:/Users/Ninsaw/Documents/FirmwareUpdateOverETH/13_w5500_eth_bootloader/chip_headers/CMSIS/Device/ST/STM32F4xx/Include" -I"C:/Users/Ninsaw/Documents/FirmwareUpdateOverETH/13_w5500_eth_bootloader/Inc" -I"C:/Users/Ninsaw/Documents/FirmwareUpdateOverETH/13_w5500_eth_bootloader/Wiznet_W5500" -O0 -ffunction-sections -fdata-sections -Wall -fstack-usage -fcyclomatic-complexity -MMD -MP -MF"Src/main.d" -MT"Src/main.o" --specs=nano.specs -mfpu=fpv4-sp-d16 -mfloat-abi=hard -mthumb -o "Src/main.o"
arm-none-eabi-gcc "../Src/spi.c" -mcpu=cortex-m4 -std=gnu11 -g3 -DDEBUG -DSTM32 -DSTM32F4 -DSTM32F411RETx -DSTM32F411xE -c -I"C:/Users/Ninsaw/Documents/FirmwareUpdateOverETH/13_w5500_eth_bootloader/chip_headers/CMSIS/Include" -I"C:/Users/Ninsaw/Documents/FirmwareUpdateOverETH/13_w5500_eth_bootloader/chip_headers/CMSIS/Device/ST/STM32F4xx/Include" -I"C:/Users/Ninsaw/Documents/FirmwareUpdateOverETH/13_w5500_eth_bootloader/Inc" -I"C:/Users/Ninsaw/Documents/FirmwareUpdateOverETH/13_w5500_eth_bootloader/Wiznet_W5500" -O0 -ffunction-sections -fdata-sections -Wall -fstack-usage -fcyclomatic-complexity -MMD -MP -MF"Src/spi.d" -MT"Src/spi.o" --specs=nano.specs -mfpu=fpv4-sp-d16 -mfloat-abi=hard -mthumb -o "Src/spi.o"
../Src/firmware_updater.c: In function 'extract_content_length':
../Src/firmware_updater.c:55:26: warning: implicit declaration of function 'strstr' [-Wimplicit-function-declaration]
   55 |      const char *start = strstr(recv_buffer, content_length_str);
      |                          ^~~~~~
../Src/firmware_updater.c:3:1: note: include '<string.h>' or provide a declaration of 'strstr'
    2 | #include "stm32f4xx.h"
  +++ |+#include <string.h>
    3 | 
../Src/firmware_updater.c:55:26: warning: incompatible implicit declaration of built-in function 'strstr' [-Wbuiltin-declaration-mismatch]
   55 |      const char *start = strstr(recv_buffer, content_length_str);
      |                          ^~~~~~
../Src/firmware_updater.c:55:26: note: include '<string.h>' or provide a declaration of 'strstr'
../Src/firmware_updater.c:62:15: warning: implicit declaration of function 'strlen' [-Wimplicit-function-declaration]
   62 |      start += strlen(content_length_str);
      |               ^~~~~~
../Src/firmware_updater.c:62:15: note: include '<string.h>' or provide a declaration of 'strlen'
../Src/firmware_updater.c:62:15: warning: incompatible implicit declaration of built-in function 'strlen' [-Wbuiltin-declaration-mismatch]
../Src/firmware_updater.c:62:15: note: include '<string.h>' or provide a declaration of 'strlen'
../Src/firmware_updater.c:80:6: warning: implicit declaration of function 'strncpy' [-Wimplicit-function-declaration]
   80 |      strncpy(content_length_value, start, length);
      |      ^~~~~~~
../Src/firmware_updater.c:80:6: note: include '<string.h>' or provide a declaration of 'strncpy'
../Src/firmware_updater.c:80:6: warning: incompatible implicit declaration of built-in function 'strncpy' [-Wbuiltin-declaration-mismatch]
../Src/firmware_updater.c:80:6: note: include '<string.h>' or provide a declaration of 'strncpy'
../Src/firmware_updater.c:84:31: warning: implicit declaration of function 'atoi' [-Wimplicit-function-declaration]
   84 |      int32_t content_length = atoi(content_length_value);
      |                               ^~~~
../Src/firmware_updater.c: In function 'get_firmware_binary':
../Src/firmware_updater.c:97:39: warning: incompatible implicit declaration of built-in function 'strstr' [-Wbuiltin-declaration-mismatch]
   97 |      const char *substring_position = strstr(source_buffer, substring);
      |                                       ^~~~~~
../Src/firmware_updater.c:97:39: note: include '<string.h>' or provide a declaration of 'strstr'
../Src/firmware_updater.c:106:52: warning: incompatible implicit declaration of built-in function 'strlen' [-Wbuiltin-declaration-mismatch]
  106 |      const char *data_start = substring_position + strlen(substring);
      |                                                    ^~~~~~
../Src/firmware_updater.c:106:52: note: include '<string.h>' or provide a declaration of 'strlen'
../Src/firmware_updater.c:113:6: warning: implicit declaration of function 'memcpy' [-Wimplicit-function-declaration]
  113 |      memcpy(dest_buffer, data_start, data_length);
      |      ^~~~~~
../Src/firmware_updater.c:113:6: note: include '<string.h>' or provide a declaration of 'memcpy'
../Src/firmware_updater.c:113:6: warning: incompatible implicit declaration of built-in function 'memcpy' [-Wbuiltin-declaration-mismatch]
../Src/firmware_updater.c:113:6: note: include '<string.h>' or provide a declaration of 'memcpy'
../Src/firmware_updater.c: In function 'firmware_update':
../Src/firmware_updater.c:122:11: warning: implicit declaration of function 'flash_write_data_byte' [-Wimplicit-function-declaration]
  122 |           flash_write_data_byte(NEW_FIRMWARE_START_ADDRESS, (uint8_t *)firmware_buffer,firmware_size);
      |           ^~~~~~~~~~~~~~~~~~~~~
../Src/httpClient.c: In function 'httpc_connection_handler':
../Src/httpClient.c:93:33: warning: implicit declaration of function 'printf' [-Wimplicit-function-declaration]
   93 |                                 printf(" > HTTP CLIENT: CONNECTED TO - %d.%d.%d.%d : %d\r\n",destip[0], destip[1], destip[2], destip[3], destport);
      |                                 ^~~~~~
../Src/httpClient.c:15:1: note: include '<stdio.h>' or provide a declaration of 'printf'
   14 | #include "httpClient.h"
  +++ |+#include <stdio.h>
   15 | 
../Src/httpClient.c:93:33: warning: incompatible implicit declaration of built-in function 'printf' [-Wbuiltin-declaration-mismatch]
   93 |                                 printf(" > HTTP CLIENT: CONNECTED TO - %d.%d.%d.%d : %d\r\n",destip[0], destip[1], destip[2], destip[3], destport);
      |                                 ^~~~~~
../Src/httpClient.c:93:33: note: include '<stdio.h>' or provide a declaration of 'printf'
../Src/httpClient.c:115:25: warning: incompatible implicit declaration of built-in function 'printf' [-Wbuiltin-declaration-mismatch]
  115 |                         printf(" > HTTP CLIENT: source_port = %d\r\n", source_port);
      |                         ^~~~~~
../Src/httpClient.c:115:25: note: include '<stdio.h>' or provide a declaration of 'printf'
../Src/httpClient.c: In function 'httpc_add_customHeader_field':
../Src/httpClient.c:166:23: warning: implicit declaration of function 'sprintf' [-Wimplicit-function-declaration]
  166 |                 len = sprintf((char *)customHeader_buf, "%s: %s\r\n", name, value);
      |                       ^~~~~~~
../Src/httpClient.c:166:23: note: include '<stdio.h>' or provide a declaration of 'sprintf'
../Src/httpClient.c:166:23: warning: incompatible implicit declaration of built-in function 'sprintf' [-Wbuiltin-declaration-mismatch]
../Src/httpClient.c:166:23: note: include '<stdio.h>' or provide a declaration of 'sprintf'
../Src/httpClient.c:170:23: warning: incompatible implicit declaration of built-in function 'sprintf' [-Wbuiltin-declaration-mismatch]
  170 |                 len = sprintf((char *)customHeader_buf, "%s%s: %s\r\n", customHeader_buf, name, value);
      |                       ^~~~~~~
../Src/httpClient.c:170:23: note: include '<stdio.h>' or provide a declaration of 'sprintf'
../Src/httpClient.c: In function 'httpc_send_header':
../Src/httpClient.c:185:23: warning: incompatible implicit declaration of built-in function 'sprintf' [-Wbuiltin-declaration-mismatch]
  185 |                 len = sprintf((char *)buf, "%s %s HTTP/1.1\r\n", req->method, req->uri);
      |                       ^~~~~~~
../Src/httpClient.c:185:23: note: include '<stdio.h>' or provide a declaration of 'sprintf'
../Src/httpClient.c:218:17: warning: incompatible implicit declaration of built-in function 'printf' [-Wbuiltin-declaration-mismatch]
  218 |                 printf(" >> HTTP Request header - Method: %s, URI: %s, Content-Length: %d\r\n", req->method, req->uri, content_len);
      |                 ^~~~~~
../Src/httpClient.c:218:17: note: include '<stdio.h>' or provide a declaration of 'printf'
../Src/httpClient.c: In function 'httpc_send_body':
../Src/httpClient.c:250:25: warning: incompatible implicit declaration of built-in function 'printf' [-Wbuiltin-declaration-mismatch]
arm-none-eabi-gcc "../Src/syscalls.c" -mcpu=cortex-m4 -std=gnu11 -g3 -DDEBUG -DSTM32 -DSTM32F4 -DSTM32F411RETx -DSTM32F411xE -c -I"C:/Users/Ninsaw/Documents/FirmwareUpdateOverETH/13_w5500_eth_bootloader/chip_headers/CMSIS/Include" -I"C:/Users/Ninsaw/Documents/FirmwareUpdateOverETH/13_w5500_eth_bootloader/chip_headers/CMSIS/Device/ST/STM32F4xx/Include" -I"C:/Users/Ninsaw/Documents/FirmwareUpdateOverETH/13_w5500_eth_bootloader/Inc" -I"C:/Users/Ninsaw/Documents/FirmwareUpdateOverETH/13_w5500_eth_bootloader/Wiznet_W5500" -O0 -ffunction-sections -fdata-sections -Wall -fstack-usage -fcyclomatic-complexity -MMD -MP -MF"Src/syscalls.d" -MT"Src/syscalls.o" --specs=nano.specs -mfpu=fpv4-sp-d16 -mfloat-abi=hard -mthumb -o "Src/syscalls.o"
  250 |                         printf(" >> HTTP Request Body\r\n");
      |                         ^~~~~~
../Src/httpClient.c:250:25: note: include '<stdio.h>' or provide a declaration of 'printf'
../Src/httpClient.c: In function 'httpc_send':
../Src/httpClient.c:279:31: warning: incompatible implicit declaration of built-in function 'sprintf' [-Wbuiltin-declaration-mismatch]
  279 |                         len = sprintf((char *)buf, "%s %s HTTP/1.1\r\n", req->method, req->uri);
      |                               ^~~~~~~
../Src/httpClient.c:279:31: note: include '<stdio.h>' or provide a declaration of 'sprintf'
../Src/httpClient.c:317:17: warning: incompatible implicit declaration of built-in function 'printf' [-Wbuiltin-declaration-mismatch]
  317 |                 printf(" >> HTTP Request - Method: %s, URI: %s, Content-Length: %d\r\n", req->method, req->uri, content_len);
      |                 ^~~~~~
../Src/httpClient.c:317:17: note: include '<stdio.h>' or provide a declaration of 'printf'
../Src/httpClient.c: In function 'httpc_disconnect':
../Src/httpClient.c:359:17: warning: incompatible implicit declaration of built-in function 'printf' [-Wbuiltin-declaration-mismatch]
  359 |                 printf(" > HTTP CLIENT: Try to disconnect\r\n");
      |                 ^~~~~~
../Src/httpClient.c:359:17: note: include '<stdio.h>' or provide a declaration of 'printf'
../Src/httpClient.c: In function 'httpc_add_customHeader_field':
../Src/httpClient.c:170:23: warning: 'sprintf' argument 3 overlaps destination object 'customHeader_buf' [-Wrestrict]
  170 |                 len = sprintf((char *)customHeader_buf, "%s%s: %s\r\n", customHeader_buf, name, value);
      |                       ^~~~~~~~~~~~~~~~~~~~~~~~~~~~~~~~~~~~~~~~~~~~~~~~~~~~~~~~~~~~~~~~~~~~~~~~~~~~~~~~
../Src/httpClient.c:158:49: note: destination object referenced by 'restrict'-qualified argument 1 was declared here
  158 | uint16_t httpc_add_customHeader_field(uint8_t * customHeader_buf, const char * name, const char * value)
      |                                       ~~~~~~~~~~^~~~~~~~~~~~~~~~
../Src/spi.c: In function 'spi_transmit':
../Src/spi.c:215:25: warning: variable 'tmpreg_ovr' set but not used [-Wunused-but-set-variable]
arm-none-eabi-gcc "../Src/sysmem.c" -mcpu=cortex-m4 -std=gnu11 -g3 -DDEBUG -DSTM32 -DSTM32F4 -DSTM32F411RETx -DSTM32F411xE -c -I"C:/Users/Ninsaw/Documents/FirmwareUpdateOverETH/13_w5500_eth_bootloader/chip_headers/CMSIS/Include" -I"C:/Users/Ninsaw/Documents/FirmwareUpdateOverETH/13_w5500_eth_bootloader/chip_headers/CMSIS/Device/ST/STM32F4xx/Include" -I"C:/Users/Ninsaw/Documents/FirmwareUpdateOverETH/13_w5500_eth_bootloader/Inc" -I"C:/Users/Ninsaw/Documents/FirmwareUpdateOverETH/13_w5500_eth_bootloader/Wiznet_W5500" -O0 -ffunction-sections -fdata-sections -Wall -fstack-usage -fcyclomatic-complexity -MMD -MP -MF"Src/sysmem.d" -MT"Src/sysmem.o" --specs=nano.specs -mfpu=fpv4-sp-d16 -mfloat-abi=hard -mthumb -o "Src/sysmem.o"
  215 |           __IO uint32_t tmpreg_ovr = 0x00U;
      |                         ^~~~~~~~~~
../Src/spi.c: In function 'spi_transmit_receive':
../Src/spi.c:339:32: warning: variable 'tmp_state' set but not used [-Wunused-but-set-variable]
  339 |           SPI_StateTypeDef     tmp_state;
      |                                ^~~~~~~~~
../Src/spi.c:338:32: warning: variable 'tmp_mode' set but not used [-Wunused-but-set-variable]
  338 |           uint32_t             tmp_mode;
      |                                ^~~~~~~~
arm-none-eabi-gcc "../Src/timebase.c" -mcpu=cortex-m4 -std=gnu11 -g3 -DDEBUG -DSTM32 -DSTM32F4 -DSTM32F411RETx -DSTM32F411xE -c -I"C:/Users/Ninsaw/Documents/FirmwareUpdateOverETH/13_w5500_eth_bootloader/chip_headers/CMSIS/Include" -I"C:/Users/Ninsaw/Documents/FirmwareUpdateOverETH/13_w5500_eth_bootloader/chip_headers/CMSIS/Device/ST/STM32F4xx/Include" -I"C:/Users/Ninsaw/Documents/FirmwareUpdateOverETH/13_w5500_eth_bootloader/Inc" -I"C:/Users/Ninsaw/Documents/FirmwareUpdateOverETH/13_w5500_eth_bootloader/Wiznet_W5500" -O0 -ffunction-sections -fdata-sections -Wall -fstack-usage -fcyclomatic-complexity -MMD -MP -MF"Src/timebase.d" -MT"Src/timebase.o" --specs=nano.specs -mfpu=fpv4-sp-d16 -mfloat-abi=hard -mthumb -o "Src/timebase.o"
arm-none-eabi-gcc "../Src/uart.c" -mcpu=cortex-m4 -std=gnu11 -g3 -DDEBUG -DSTM32 -DSTM32F4 -DSTM32F411RETx -DSTM32F411xE -c -I"C:/Users/Ninsaw/Documents/FirmwareUpdateOverETH/13_w5500_eth_bootloader/chip_headers/CMSIS/Include" -I"C:/Users/Ninsaw/Documents/FirmwareUpdateOverETH/13_w5500_eth_bootloader/chip_headers/CMSIS/Device/ST/STM32F4xx/Include" -I"C:/Users/Ninsaw/Documents/FirmwareUpdateOverETH/13_w5500_eth_bootloader/Inc" -I"C:/Users/Ninsaw/Documents/FirmwareUpdateOverETH/13_w5500_eth_bootloader/Wiznet_W5500" -O0 -ffunction-sections -fdata-sections -Wall -fstack-usage -fcyclomatic-complexity -MMD -MP -MF"Src/uart.d" -MT"Src/uart.o" --specs=nano.specs -mfpu=fpv4-sp-d16 -mfloat-abi=hard -mthumb -o "Src/uart.o"
arm-none-eabi-gcc "../Src/w5500_driver.c" -mcpu=cortex-m4 -std=gnu11 -g3 -DDEBUG -DSTM32 -DSTM32F4 -DSTM32F411RETx -DSTM32F411xE -c -I"C:/Users/Ninsaw/Documents/FirmwareUpdateOverETH/13_w5500_eth_bootloader/chip_headers/CMSIS/Include" -I"C:/Users/Ninsaw/Documents/FirmwareUpdateOverETH/13_w5500_eth_bootloader/chip_headers/CMSIS/Device/ST/STM32F4xx/Include" -I"C:/Users/Ninsaw/Documents/FirmwareUpdateOverETH/13_w5500_eth_bootloader/Inc" -I"C:/Users/Ninsaw/Documents/FirmwareUpdateOverETH/13_w5500_eth_bootloader/Wiznet_W5500" -O0 -ffunction-sections -fdata-sections -Wall -fstack-usage -fcyclomatic-complexity -MMD -MP -MF"Src/w5500_driver.d" -MT"Src/w5500_driver.o" --specs=nano.specs -mfpu=fpv4-sp-d16 -mfloat-abi=hard -mthumb -o "Src/w5500_driver.o"
arm-none-eabi-gcc -o "13_w5500_eth_bootloader.elf" @"objects.list"   -mcpu=cortex-m4 -T"C:\Users\Ninsaw\Documents\FirmwareUpdateOverETH\13_w5500_eth_bootloader\STM32F411RETX_FLASH.ld" --specs=nosys.specs -Wl,-Map="13_w5500_eth_bootloader.map" -Wl,--gc-sections -static --specs=nano.specs -mfpu=fpv4-sp-d16 -mfloat-abi=hard -mthumb -Wl,--start-group -lc -lm -Wl,--end-group
C:/ST/STM32CubeIDE_1.15.1/STM32CubeIDE/plugins/com.st.stm32cube.ide.mcu.externaltools.gnu-tools-for-stm32.12.3.rel1.win32_1.0.100.202403111256/tools/bin/../lib/gcc/arm-none-eabi/12.3.1/../../../../arm-none-eabi/bin/ld.exe: warning: 13_w5500_eth_bootloader.elf has a LOAD segment with RWX permissions
Finished building target: 13_w5500_eth_bootloader.elf
 
arm-none-eabi-size  13_w5500_eth_bootloader.elf 
arm-none-eabi-objdump -h -S 13_w5500_eth_bootloader.elf  > "13_w5500_eth_bootloader.list"
   text	   data	    bss	    dec	    hex	filename
  33912	    260	  31340	  65512	   ffe8	13_w5500_eth_bootloader.elf
Finished building: default.size.stdout
 
Finished building: 13_w5500_eth_bootloader.list
 
19:03:47 **** Incremental Build of configuration Debug for project 13_w5500_eth_bootloader ****
make -j8 all 
arm-none-eabi-size  13_w5500_eth_bootloader.elf 
   text	   data	    bss	    dec	    hex	filename
  33912	    260	  31340	  65512	   ffe8	13_w5500_eth_bootloader.elf
Finished building: default.size.stdout
 
