../Src/httpClient.c:38:9:httpc_init	32	static
../Src/httpClient.c:67:9:httpc_connection_handler	40	static
../Src/httpClient.c:141:9:httpc_connect	16	static
../Src/httpClient.c:158:10:httpc_add_customHeader_field	48	static
../Src/httpClient.c:177:10:httpc_send_header	32	static
../Src/httpClient.c:233:10:httpc_send_body	24	static
../Src/httpClient.c:266:10:httpc_send	32	static
../Src/httpClient.c:333:10:httpc_recv	24	static
../Src/httpClient.c:352:9:httpc_disconnect	16	static
../Src/httpClient.c:376:10:get_httpc_any_port	8	static
