Archive member included to satisfy reference by file (symbol)

C:/ST/STM32CubeIDE_1.15.1/STM32CubeIDE/plugins/com.st.stm32cube.ide.mcu.externaltools.gnu-tools-for-stm32.12.3.rel1.win32_1.0.100.202403111256/tools/bin/../lib/gcc/arm-none-eabi/12.3.1/../../../../arm-none-eabi/lib/thumb/v7e-m+fp/hard\libc_nano.a(libc_a-exit.o)
                              C:/ST/STM32CubeIDE_1.15.1/STM32CubeIDE/plugins/com.st.stm32cube.ide.mcu.externaltools.gnu-tools-for-stm32.12.3.rel1.win32_1.0.100.202403111256/tools/bin/../lib/gcc/arm-none-eabi/12.3.1/../../../../arm-none-eabi/lib/thumb/v7e-m+fp/hard/crt0.o (exit)
C:/ST/STM32CubeIDE_1.15.1/STM32CubeIDE/plugins/com.st.stm32cube.ide.mcu.externaltools.gnu-tools-for-stm32.12.3.rel1.win32_1.0.100.202403111256/tools/bin/../lib/gcc/arm-none-eabi/12.3.1/../../../../arm-none-eabi/lib/thumb/v7e-m+fp/hard\libc_nano.a(libc_a-malloc.o)
                              ./Wiznet_W5500/httpServer.o (malloc)
C:/ST/STM32CubeIDE_1.15.1/STM32CubeIDE/plugins/com.st.stm32cube.ide.mcu.externaltools.gnu-tools-for-stm32.12.3.rel1.win32_1.0.100.202403111256/tools/bin/../lib/gcc/arm-none-eabi/12.3.1/../../../../arm-none-eabi/lib/thumb/v7e-m+fp/hard\libc_nano.a(libc_a-mallocr.o)
                              C:/ST/STM32CubeIDE_1.15.1/STM32CubeIDE/plugins/com.st.stm32cube.ide.mcu.externaltools.gnu-tools-for-stm32.12.3.rel1.win32_1.0.100.202403111256/tools/bin/../lib/gcc/arm-none-eabi/12.3.1/../../../../arm-none-eabi/lib/thumb/v7e-m+fp/hard\libc_nano.a(libc_a-malloc.o) (_malloc_r)
C:/ST/STM32CubeIDE_1.15.1/STM32CubeIDE/plugins/com.st.stm32cube.ide.mcu.externaltools.gnu-tools-for-stm32.12.3.rel1.win32_1.0.100.202403111256/tools/bin/../lib/gcc/arm-none-eabi/12.3.1/../../../../arm-none-eabi/lib/thumb/v7e-m+fp/hard\libc_nano.a(libc_a-mlock.o)
                              C:/ST/STM32CubeIDE_1.15.1/STM32CubeIDE/plugins/com.st.stm32cube.ide.mcu.externaltools.gnu-tools-for-stm32.12.3.rel1.win32_1.0.100.202403111256/tools/bin/../lib/gcc/arm-none-eabi/12.3.1/../../../../arm-none-eabi/lib/thumb/v7e-m+fp/hard\libc_nano.a(libc_a-mallocr.o) (__malloc_lock)
C:/ST/STM32CubeIDE_1.15.1/STM32CubeIDE/plugins/com.st.stm32cube.ide.mcu.externaltools.gnu-tools-for-stm32.12.3.rel1.win32_1.0.100.202403111256/tools/bin/../lib/gcc/arm-none-eabi/12.3.1/../../../../arm-none-eabi/lib/thumb/v7e-m+fp/hard\libc_nano.a(libc_a-rand.o)
                              ./Src/httpClient.o (rand)
C:/ST/STM32CubeIDE_1.15.1/STM32CubeIDE/plugins/com.st.stm32cube.ide.mcu.externaltools.gnu-tools-for-stm32.12.3.rel1.win32_1.0.100.202403111256/tools/bin/../lib/gcc/arm-none-eabi/12.3.1/../../../../arm-none-eabi/lib/thumb/v7e-m+fp/hard\libc_nano.a(libc_a-findfp.o)
                              C:/ST/STM32CubeIDE_1.15.1/STM32CubeIDE/plugins/com.st.stm32cube.ide.mcu.externaltools.gnu-tools-for-stm32.12.3.rel1.win32_1.0.100.202403111256/tools/bin/../lib/gcc/arm-none-eabi/12.3.1/../../../../arm-none-eabi/lib/thumb/v7e-m+fp/hard\libc_nano.a(libc_a-exit.o) (__stdio_exit_handler)
C:/ST/STM32CubeIDE_1.15.1/STM32CubeIDE/plugins/com.st.stm32cube.ide.mcu.externaltools.gnu-tools-for-stm32.12.3.rel1.win32_1.0.100.202403111256/tools/bin/../lib/gcc/arm-none-eabi/12.3.1/../../../../arm-none-eabi/lib/thumb/v7e-m+fp/hard\libc_nano.a(libc_a-fwalk.o)
                              C:/ST/STM32CubeIDE_1.15.1/STM32CubeIDE/plugins/com.st.stm32cube.ide.mcu.externaltools.gnu-tools-for-stm32.12.3.rel1.win32_1.0.100.202403111256/tools/bin/../lib/gcc/arm-none-eabi/12.3.1/../../../../arm-none-eabi/lib/thumb/v7e-m+fp/hard\libc_nano.a(libc_a-findfp.o) (_fwalk_sglue)
C:/ST/STM32CubeIDE_1.15.1/STM32CubeIDE/plugins/com.st.stm32cube.ide.mcu.externaltools.gnu-tools-for-stm32.12.3.rel1.win32_1.0.100.202403111256/tools/bin/../lib/gcc/arm-none-eabi/12.3.1/../../../../arm-none-eabi/lib/thumb/v7e-m+fp/hard\libc_nano.a(libc_a-printf.o)
                              ./Src/httpClient.o (printf)
C:/ST/STM32CubeIDE_1.15.1/STM32CubeIDE/plugins/com.st.stm32cube.ide.mcu.externaltools.gnu-tools-for-stm32.12.3.rel1.win32_1.0.100.202403111256/tools/bin/../lib/gcc/arm-none-eabi/12.3.1/../../../../arm-none-eabi/lib/thumb/v7e-m+fp/hard\libc_nano.a(libc_a-putchar.o)
                              ./Src/httpClient.o (putchar)
C:/ST/STM32CubeIDE_1.15.1/STM32CubeIDE/plugins/com.st.stm32cube.ide.mcu.externaltools.gnu-tools-for-stm32.12.3.rel1.win32_1.0.100.202403111256/tools/bin/../lib/gcc/arm-none-eabi/12.3.1/../../../../arm-none-eabi/lib/thumb/v7e-m+fp/hard\libc_nano.a(libc_a-puts.o)
                              ./Src/httpClient.o (puts)
C:/ST/STM32CubeIDE_1.15.1/STM32CubeIDE/plugins/com.st.stm32cube.ide.mcu.externaltools.gnu-tools-for-stm32.12.3.rel1.win32_1.0.100.202403111256/tools/bin/../lib/gcc/arm-none-eabi/12.3.1/../../../../arm-none-eabi/lib/thumb/v7e-m+fp/hard\libc_nano.a(libc_a-sprintf.o)
                              ./Src/httpClient.o (sprintf)
[...]
Memory Configuration

Name             Origin             Length             Attributes
RAM              0x20000000         0x00020000         xrw
FLASH            0x08000000         0x00080000         xr
*default*        0x00000000         0xffffffff

Linker script and memory map

LOAD C:/ST/STM32CubeIDE_1.15.1/STM32CubeIDE/plugins/com.st.stm32cube.ide.mcu.externaltools.gnu-tools-for-stm32.12.3.rel1.win32_1.0.100.202403111256/tools/bin/../lib/gcc/arm-none-eabi/12.3.1/thumb/v7e-m+fp/hard/crti.o
LOAD C:/ST/STM32CubeIDE_1.15.1/STM32CubeIDE/plugins/com.st.stm32cube.ide.mcu.externaltools.gnu-tools-for-stm32.12.3.rel1.win32_1.0.100.202403111256/tools/bin/../lib/gcc/arm-none-eabi/12.3.1/thumb/v7e-m+fp/hard/crtbegin.o
LOAD C:/ST/STM32CubeIDE_1.15.1/STM32CubeIDE/plugins/com.st.stm32cube.ide.mcu.externaltools.gnu-tools-for-stm32.12.3.rel1.win32_1.0.100.202403111256/tools/bin/../lib/gcc/arm-none-eabi/12.3.1/../../../../arm-none-eabi/lib/thumb/v7e-m+fp/hard/crt0.o
LOAD ./Src/adc.o
LOAD ./Src/bsp.o
LOAD ./Src/dns.o
LOAD ./Src/fpu.o
LOAD ./Src/httpClient.o
LOAD ./Src/main.o
LOAD ./Src/spi.o
LOAD ./Src/syscalls.o
LOAD ./Src/sysmem.o
LOAD ./Src/timebase.o
LOAD ./Src/uart.o
LOAD ./Src/w5500_driver.o
LOAD ./Startup/startup_stm32f411retx.o
LOAD ./Wiznet_W5500/dhcp.o
LOAD ./Wiznet_W5500/httpParser.o
LOAD ./Wiznet_W5500/httpServer.o
LOAD ./Wiznet_W5500/httpUtil.o
LOAD ./Wiznet_W5500/socket.o
LOAD ./Wiznet_W5500/w5500.o
LOAD ./Wiznet_W5500/wizchip_conf.o
START GROUP
LOAD C:/ST/STM32CubeIDE_1.15.1/STM32CubeIDE/plugins/com.st.stm32cube.ide.mcu.externaltools.gnu-tools-for-stm32.12.3.rel1.win32_1.0.100.202403111256/tools/bin/../lib/gcc/arm-none-eabi/12.3.1/../../../../arm-none-eabi/lib/thumb/v7e-m+fp/hard\libc_nano.a
LOAD C:/ST/STM32CubeIDE_1.15.1/STM32CubeIDE/plugins/com.st.stm32cube.ide.mcu.externaltools.gnu-tools-for-stm32.12.3.rel1.win32_1.0.100.202403111256/tools/bin/../lib/gcc/arm-none-eabi/12.3.1/../../../../arm-none-eabi/lib/thumb/v7e-m+fp/hard\libm.a
END GROUP
START GROUP
LOAD C:/ST/STM32CubeIDE_1.15.1/STM32CubeIDE/plugins/com.st.stm32cube.ide.mcu.externaltools.gnu-tools-for-stm32.12.3.rel1.win32_1.0.100.202403111256/tools/bin/../lib/gcc/arm-none-eabi/12.3.1/thumb/v7e-m+fp/hard\libgcc.a
LOAD C:/ST/STM32CubeIDE_1.15.1/STM32CubeIDE/plugins/com.st.stm32cube.ide.mcu.externaltools.gnu-tools-for-stm32.12.3.rel1.win32_1.0.100.202403111256/tools/bin/../lib/gcc/arm-none-eabi/12.3.1/../../../../arm-none-eabi/lib/thumb/v7e-m+fp/hard\libc_nano.a
END GROUP
START GROUP
LOAD C:/ST/STM32CubeIDE_1.15.1/STM32CubeIDE/plugins/com.st.stm32cube.ide.mcu.externaltools.gnu-tools-for-stm32.12.3.rel1.win32_1.0.100.202403111256/tools/bin/../lib/gcc/arm-none-eabi/12.3.1/thumb/v7e-m+fp/hard\libgcc.a
LOAD C:/ST/STM32CubeIDE_1.15.1/STM32CubeIDE/plugins/com.st.stm32cube.ide.mcu.externaltools.gnu-tools-for-stm32.12.3.rel1.win32_1.0.100.202403111256/tools/bin/../lib/gcc/arm-none-eabi/12.3.1/../../../../arm-none-eabi/lib/thumb/v7e-m+fp/hard\libc_nano.a
LOAD C:/ST/STM32CubeIDE_1.15.1/STM32CubeIDE/plugins/com.st.stm32cube.ide.mcu.externaltools.gnu-tools-for-stm32.12.3.rel1.win32_1.0.100.202403111256/tools/bin/../lib/gcc/arm-none-eabi/12.3.1/../../../../arm-none-eabi/lib/thumb/v7e-m+fp/hard\libnosys.a
END GROUP
START GROUP
LOAD C:/ST/STM32CubeIDE_1.15.1/STM32CubeIDE/plugins/com.st.stm32cube.ide.mcu.externaltools.gnu-tools-for-stm32.12.3.rel1.win32_1.0.100.202403111256/tools/bin/../lib/gcc/arm-none-eabi/12.3.1/thumb/v7e-m+fp/hard\libgcc.a
LOAD C:/ST/STM32CubeIDE_1.15.1/STM32CubeIDE/plugins/com.st.stm32cube.ide.mcu.externaltools.gnu-tools-for-stm32.12.3.rel1.win32_1.0.100.202403111256/tools/bin/../lib/gcc/arm-none-eabi/12.3.1/../../../../arm-none-eabi/lib/thumb/v7e-m+fp/hard\libc_nano.a
LOAD C:/ST/STM32CubeIDE_1.15.1/STM32CubeIDE/plugins/com.st.stm32cube.ide.mcu.externaltools.gnu-tools-for-stm32.12.3.rel1.win32_1.0.100.202403111256/tools/bin/../lib/gcc/arm-none-eabi/12.3.1/../../../../arm-none-eabi/lib/thumb/v7e-m+fp/hard\libnosys.a
END GROUP
LOAD C:/ST/STM32CubeIDE_1.15.1/STM32CubeIDE/plugins/com.st.stm32cube.ide.mcu.externaltools.gnu-tools-for-stm32.12.3.rel1.win32_1.0.100.202403111256/tools/bin/../lib/gcc/arm-none-eabi/12.3.1/thumb/v7e-m+fp/hard/crtend.o
LOAD C:/ST/STM32CubeIDE_1.15.1/STM32CubeIDE/plugins/com.st.stm32cube.ide.mcu.externaltools.gnu-tools-for-stm32.12.3.rel1.win32_1.0.100.202403111256/tools/bin/../lib/gcc/arm-none-eabi/12.3.1/thumb/v7e-m+fp/hard/crtn.o
                0x20020000                        _estack = (ORIGIN (RAM) + LENGTH (RAM))
                0x00000200                        _Min_Heap_Size = 0x200
                0x00000400                        _Min_Stack_Size = 0x400

.isr_vector     0x08000000      0x198
                0x08000000                        . = ALIGN (0x4)
 *(.isr_vector)
 .isr_vector    0x08000000      0x198 ./Startup/startup_stm32f411retx.o
                0x08000000                g_pfnVectors
                0x08000198                        . = ALIGN (0x4)

.text           0x080001a0     0x5fd4
                0x080001a0                        . = ALIGN (0x4)
 *(.text)
 .text          0x080001a0       0x40 C:/ST/STM32CubeIDE_1.15.1/STM32CubeIDE/plugins/com.st.stm32cube.ide.mcu.externaltools.gnu-tools-for-stm32.12.3.rel1.win32_1.0.100.202403111256/tools/bin/../lib/gcc/arm-none-eabi/12.3.1/thumb/v7e-m+fp/hard/crtbegin.o
 .text          0x080001e0       0x10 C:/ST/STM32CubeIDE_1.15.1/STM32CubeIDE/plugins/com.st.stm32cube.ide.mcu.externaltools.gnu-tools-for-stm32.12.3.rel1.win32_1.0.100.202403111256/tools/bin/../lib/gcc/arm-none-eabi/12.3.1/../../../../arm-none-eabi/lib/thumb/v7e-m+fp/hard\libc_nano.a(libc_a-strlen.o)
                0x080001e0                strlen
 .text          0x080001f0       0xa0 C:/ST/STM32CubeIDE_1.15.1/STM32CubeIDE/plugins/com.st.stm32cube.ide.mcu.externaltools.gnu-tools-for-stm32.12.3.rel1.win32_1.0.100.202403111256/tools/bin/../lib/gcc/arm-none-eabi/12.3.1/../../../../arm-none-eabi/lib/thumb/v7e-m+fp/hard\libc_nano.a(libc_a-memchr.o)
                0x080001f0                memchr
 *(.text*)
 .text.pa1_adc_init
                0x08000290       0x64 ./Src/adc.o
                0x08000290                pa1_adc_init
 .text.start_conversion
                0x080002f4       0x2c ./Src/adc.o
                0x080002f4                start_conversion
 .text.led_init
                0x08000320       0x3c ./Src/bsp.o
                0x08000320                led_init
 .text.button_init
                0x0800035c       0x3c ./Src/bsp.o
                0x0800035c                button_init
 .text.get16    0x08000398       0x2e ./Src/dns.o
                0x08000398                get16
 .text.put16    0x080003c6       0x36 ./Src/dns.o
                0x080003c6                put16
 .text.parse_name
                0x080003fc      0x10e ./Src/dns.o
                0x080003fc                parse_name
 .text.dns_question
                0x0800050a       0x4a ./Src/dns.o
                0x0800050a                dns_question
 .text.dns_answer
                0x08000554      0x228 ./Src/dns.o
                0x08000554                dns_answer
 .text.parseDNSMSG
                0x0800077c      0x18e ./Src/dns.o
                0x0800077c                parseDNSMSG
 *fill*         0x0800090a        0x2 
 .text.dns_makequery
                0x0800090c      0x17c ./Src/dns.o
                0x0800090c                dns_makequery
 .text.check_DNS_timeout
                0x08000a88       0x4c ./Src/dns.o
                0x08000a88                check_DNS_timeout
 .text.DNS_init
                0x08000ad4       0x38 ./Src/dns.o
                0x08000ad4                DNS_init
 .text.DNS_run  0x08000b0c      0x10c ./Src/dns.o
                0x08000b0c                DNS_run
 .text.fpu_enable
                0x08000c18       0x54 ./Src/fpu.o
                0x08000c18                fpu_enable
 .text.check_cable_connection
                0x08000c6c       0x4c ./Src/main.o
                0x08000c6c                check_cable_connection
 .text.display_phy_config
                0x08000cb8       0x98 ./Src/main.o
                0x08000cb8                display_phy_config
 .text.main     0x08000d50       0x98 ./Src/main.o
                0x08000d50                main
 .text.process_dns
                0x08000de8       0x70 ./Src/main.o
                0x08000de8                process_dns
 .text.spi1_gpio_init
                0x08000e58      0x108 ./Src/spi.o
                0x08000e58                spi1_gpio_init
 .text.spi_init
                0x08000f60       0xd0 ./Src/spi.o
                0x08000f60                spi_init
 .text.spi_transmit
                0x08001030      0x240 ./Src/spi.o
                0x08001030                spi_transmit
 .text.spi_receive
                0x08001270      0x1da ./Src/spi.o
                0x08001270                spi_receive
 .text.spi_transmit_receive
                0x0800144a      0x292 ./Src/spi.o
                0x0800144a                spi_transmit_receive
 .text._read    0x080016dc       0x3a ./Src/syscalls.o
                0x080016dc                _read
 .text._write   0x08001716       0x38 ./Src/syscalls.o
                0x08001716                _write
 .text._close   0x0800174e       0x18 ./Src/syscalls.o
                0x0800174e                _close
 .text._fstat   0x08001766       0x20 ./Src/syscalls.o
                0x08001766                _fstat
 .text._isatty  0x08001786       0x16 ./Src/syscalls.o
                0x08001786                _isatty
 .text._lseek   0x0800179c       0x1a ./Src/syscalls.o
                0x0800179c                _lseek
 *fill*         0x080017b6        0x2 
 .text._sbrk    0x080017b8       0x6c ./Src/sysmem.o
                0x080017b8                _sbrk
 .text.delay    0x08001824       0x3c ./Src/timebase.o
                0x08001824                delay
 .text.get_tick
                0x08001860       0x2c ./Src/timebase.o
                0x08001860                get_tick
 .text.tick_increment
                0x0800188c       0x1c ./Src/timebase.o
 .text.timebase_init
                0x080018a8       0x48 ./Src/timebase.o
                0x080018a8                timebase_init
 .text.SysTick_Handler
                0x080018f0        0xc ./Src/timebase.o
                0x080018f0                SysTick_Handler
 .text.__io_putchar
                0x080018fc       0x18 ./Src/uart.o
                0x080018fc                __io_putchar
 .text.debug_uart_init
                0x08001914       0x94 ./Src/uart.o
                0x08001914                debug_uart_init
 .text.uart_write
                0x080019a8       0x30 ./Src/uart.o
 .text.compute_uart_bd
                0x080019d8       0x26 ./Src/uart.o
 *fill*         0x080019fe        0x2 
 .text.uart_set_baudrate
                0x08001a00       0x28 ./Src/uart.o
 .text.ip_assigned_callback
                0x08001a28       0x18 ./Src/w5500_driver.o
                0x08001a28                ip_assigned_callback
 .text.ip_update_callback
                0x08001a40       0x18 ./Src/w5500_driver.o
                0x08001a40                ip_update_callback
 .text.ip_conflict_callback
                0x08001a58       0x18 ./Src/w5500_driver.o
                0x08001a58                ip_conflict_callback
 .text.wizchip_cs_pin_init
                0x08001a70       0x3c ./Src/w5500_driver.o
                0x08001a70                wizchip_cs_pin_init
 .text.wizchip_pin_cs_select
                0x08001aac       0x20 ./Src/w5500_driver.o
                0x08001aac                wizchip_pin_cs_select
 .text.wizchip_pin_cs_deselect
                0x08001acc       0x20 ./Src/w5500_driver.o
                0x08001acc                wizchip_pin_cs_deselect
 .text.wizchip_read_burst
                0x08001aec       0x28 ./Src/w5500_driver.o
                0x08001aec                wizchip_read_burst
 .text.wizchip_read_byte
                0x08001b14       0x1a ./Src/w5500_driver.o
                0x08001b14                wizchip_read_byte
 *fill*         0x08001b2e        0x2 
 .text.wizchip_write_burst
                0x08001b30       0x28 ./Src/w5500_driver.o
                0x08001b30                wizchip_write_burst
 .text.wizchip_write_byte
                0x08001b58       0x1c ./Src/w5500_driver.o
                0x08001b58                wizchip_write_byte
 .text.w5500_spi_init
                0x08001b74       0x58 ./Src/w5500_driver.o
                0x08001b74                w5500_spi_init
 .text.w5500_init
                0x08001bcc      0x180 ./Src/w5500_driver.o
                0x08001bcc                w5500_init
 .text.Reset_Handler
                0x08001d4c       0x50 ./Startup/startup_stm32f411retx.o
                0x08001d4c                Reset_Handler
 .text.Default_Handler
                0x08001d9c        0x2 ./Startup/startup_stm32f411retx.o
                0x08001d9c                RTC_Alarm_IRQHandler
                0x08001d9c                EXTI2_IRQHandler
                0x08001d9c                DebugMon_Handler
                0x08001d9c                SPI4_IRQHandler
                0x08001d9c                TIM1_CC_IRQHandler
                0x08001d9c                DMA2_Stream5_IRQHandler
                0x08001d9c                HardFault_Handler
                0x08001d9c                DMA1_Stream5_IRQHandler
                0x08001d9c                PVD_IRQHandler
                0x08001d9c                SDIO_IRQHandler
                0x08001d9c                TAMP_STAMP_IRQHandler
                0x08001d9c                PendSV_Handler
                0x08001d9c                NMI_Handler
                0x08001d9c                EXTI3_IRQHandler
                0x08001d9c                TIM1_UP_TIM10_IRQHandler
                0x08001d9c                I2C3_ER_IRQHandler
                0x08001d9c                EXTI0_IRQHandler
                0x08001d9c                I2C2_EV_IRQHandler
                0x08001d9c                DMA1_Stream2_IRQHandler
                0x08001d9c                FPU_IRQHandler
                0x08001d9c                UsageFault_Handler
                0x08001d9c                DMA2_Stream2_IRQHandler
                0x08001d9c                SPI1_IRQHandler
                0x08001d9c                TIM1_BRK_TIM9_IRQHandler
                0x08001d9c                DMA2_Stream3_IRQHandler
                0x08001d9c                USART6_IRQHandler
                0x08001d9c                DMA2_Stream0_IRQHandler
                0x08001d9c                TIM4_IRQHandler
                0x08001d9c                I2C1_EV_IRQHandler
                0x08001d9c                DMA1_Stream6_IRQHandler
                0x08001d9c                DMA1_Stream1_IRQHandler
                0x08001d9c                TIM3_IRQHandler
                0x08001d9c                RCC_IRQHandler
                0x08001d9c                Default_Handler
                0x08001d9c                EXTI15_10_IRQHandler
                0x08001d9c                ADC_IRQHandler
                0x08001d9c                DMA1_Stream7_IRQHandler
                0x08001d9c                SPI5_IRQHandler
                0x08001d9c                TIM5_IRQHandler
                0x08001d9c                DMA2_Stream7_IRQHandler
                0x08001d9c                I2C3_EV_IRQHandler
                0x08001d9c                EXTI9_5_IRQHandler
                0x08001d9c                RTC_WKUP_IRQHandler
                0x08001d9c                SPI2_IRQHandler
                0x08001d9c                MemManage_Handler
                0x08001d9c                DMA1_Stream0_IRQHandler
                0x08001d9c                SVC_Handler
                0x08001d9c                EXTI4_IRQHandler
                0x08001d9c                WWDG_IRQHandler
                0x08001d9c                TIM2_IRQHandler
                0x08001d9c                OTG_FS_WKUP_IRQHandler
                0x08001d9c                TIM1_TRG_COM_TIM11_IRQHandler
                0x08001d9c                EXTI1_IRQHandler
                0x08001d9c                USART2_IRQHandler
                0x08001d9c                I2C2_ER_IRQHandler
                0x08001d9c                DMA2_Stream1_IRQHandler
                0x08001d9c                FLASH_IRQHandler
                0x08001d9c                DMA2_Stream4_IRQHandler
                0x08001d9c                BusFault_Handler
                0x08001d9c                USART1_IRQHandler
                0x08001d9c                OTG_FS_IRQHandler
                0x08001d9c                SPI3_IRQHandler
                0x08001d9c                DMA1_Stream4_IRQHandler
                0x08001d9c                I2C1_ER_IRQHandler
                0x08001d9c                DMA2_Stream6_IRQHandler
                0x08001d9c                DMA1_Stream3_IRQHandler
 *fill*         0x08001d9e        0x2 
 .text.default_ip_assign
                0x08001da0       0x38 ./Wiznet_W5500/dhcp.o
                0x08001da0                default_ip_assign
 .text.default_ip_update
                0x08001dd8       0x2c ./Wiznet_W5500/dhcp.o
                0x08001dd8                default_ip_update
 .text.default_ip_conflict
                0x08001e04       0x28 ./Wiznet_W5500/dhcp.o
                0x08001e04                default_ip_conflict
 .text.reg_dhcp_cbfunc
                0x08001e2c       0x68 ./Wiznet_W5500/dhcp.o
                0x08001e2c                reg_dhcp_cbfunc
 .text.makeDHCPMSG
                0x08001e94      0x1ec ./Wiznet_W5500/dhcp.o
                0x08001e94                makeDHCPMSG
 .text.send_DHCP_DISCOVER
                0x08002080      0x38c ./Wiznet_W5500/dhcp.o
                0x08002080                send_DHCP_DISCOVER
 .text.send_DHCP_REQUEST
                0x0800240c      0x514 ./Wiznet_W5500/dhcp.o
                0x0800240c                send_DHCP_REQUEST
 .text.send_DHCP_DECLINE
                0x08002920      0x2a4 ./Wiznet_W5500/dhcp.o
                0x08002920                send_DHCP_DECLINE
 .text.parseDHCPMSG
                0x08002bc4      0x43c ./Wiznet_W5500/dhcp.o
                0x08002bc4                parseDHCPMSG
 .text.DHCP_run
                0x08003000      0x234 ./Wiznet_W5500/dhcp.o
                0x08003000                DHCP_run
 .text.check_DHCP_timeout
                0x08003234       0xc0 ./Wiznet_W5500/dhcp.o
                0x08003234                check_DHCP_timeout
 .text.check_DHCP_leasedIP
                0x080032f4       0x7c ./Wiznet_W5500/dhcp.o
                0x080032f4                check_DHCP_leasedIP
 .text.DHCP_init
                0x08003370      0x128 ./Wiznet_W5500/dhcp.o
                0x08003370                DHCP_init
 .text.reset_DHCP_timeout
                0x08003498       0x2c ./Wiznet_W5500/dhcp.o
                0x08003498                reset_DHCP_timeout
 .text.getIPfromDHCP
                0x080034c4       0x40 ./Wiznet_W5500/dhcp.o
                0x080034c4                getIPfromDHCP
 .text.getGWfromDHCP
                0x08003504       0x40 ./Wiznet_W5500/dhcp.o
                0x08003504                getGWfromDHCP
 .text.getSNfromDHCP
                0x08003544       0x40 ./Wiznet_W5500/dhcp.o
                0x08003544                getSNfromDHCP
 .text.NibbleToHex
                0x08003584       0x32 ./Wiznet_W5500/dhcp.o
                0x08003584                NibbleToHex
 *fill*         0x080035b6        0x2 
 .text.socket   0x080035b8      0x228 ./Wiznet_W5500/socket.o
                0x080035b8                socket
 .text.close    0x080037e0       0xdc ./Wiznet_W5500/socket.o
                0x080037e0                close
 .text.sendto   0x080038bc      0x268 ./Wiznet_W5500/socket.o
                0x080038bc                sendto
 .text.recvfrom
                0x08003b24      0x3d8 ./Wiznet_W5500/socket.o
                0x08003b24                recvfrom
 .text.WIZCHIP_READ
                0x08003efc       0x98 ./Wiznet_W5500/w5500.o
                0x08003efc                WIZCHIP_READ
 .text.WIZCHIP_WRITE
                0x08003f94       0x9c ./Wiznet_W5500/w5500.o
                0x08003f94                WIZCHIP_WRITE
 .text.WIZCHIP_READ_BUF
                0x08004030       0xc0 ./Wiznet_W5500/w5500.o
                0x08004030                WIZCHIP_READ_BUF
 .text.WIZCHIP_WRITE_BUF
                0x080040f0       0xc0 ./Wiznet_W5500/w5500.o
                0x080040f0                WIZCHIP_WRITE_BUF
 .text.getSn_TX_FSR
                0x080041b0       0x92 ./Wiznet_W5500/w5500.o
                0x080041b0                getSn_TX_FSR
 .text.getSn_RX_RSR
                0x08004242       0x92 ./Wiznet_W5500/w5500.o
                0x08004242                getSn_RX_RSR
 .text.wiz_send_data
                0x080042d4       0xb4 ./Wiznet_W5500/w5500.o
                0x080042d4                wiz_send_data
 .text.wiz_recv_data
                0x08004388       0xb4 ./Wiznet_W5500/w5500.o
                0x08004388                wiz_recv_data
 .text.wiz_recv_ignore
                0x0800443c       0x8c ./Wiznet_W5500/w5500.o
                0x0800443c                wiz_recv_ignore
 .text.wizchip_cris_enter
                0x080044c8        0xe ./Wiznet_W5500/wizchip_conf.o
                0x080044c8                wizchip_cris_enter
 .text.wizchip_cris_exit
                0x080044d6        0xe ./Wiznet_W5500/wizchip_conf.o
                0x080044d6                wizchip_cris_exit
 .text.wizchip_cs_select
                0x080044e4        0xe ./Wiznet_W5500/wizchip_conf.o
                0x080044e4                wizchip_cs_select
 .text.wizchip_cs_deselect
                0x080044f2        0xe ./Wiznet_W5500/wizchip_conf.o
                0x080044f2                wizchip_cs_deselect
 .text.wizchip_bus_readdata
                0x08004500       0x1a ./Wiznet_W5500/wizchip_conf.o
                0x08004500                wizchip_bus_readdata
 .text.wizchip_bus_writedata
                0x0800451a       0x1e ./Wiznet_W5500/wizchip_conf.o
                0x0800451a                wizchip_bus_writedata
 .text.wizchip_spi_readbyte
                0x08004538       0x10 ./Wiznet_W5500/wizchip_conf.o
                0x08004538                wizchip_spi_readbyte
 .text.wizchip_spi_writebyte
                0x08004548       0x16 ./Wiznet_W5500/wizchip_conf.o
                0x08004548                wizchip_spi_writebyte
 .text.wizchip_spi_readburst
                0x0800455e       0x18 ./Wiznet_W5500/wizchip_conf.o
                0x0800455e                wizchip_spi_readburst
 .text.wizchip_spi_writeburst
                0x08004576       0x18 ./Wiznet_W5500/wizchip_conf.o
                0x08004576                wizchip_spi_writeburst
 *fill*         0x0800458e        0x2 
 .text.reg_wizchip_cs_cbfunc
                0x08004590       0x4c ./Wiznet_W5500/wizchip_conf.o
                0x08004590                reg_wizchip_cs_cbfunc
 .text.reg_wizchip_spi_cbfunc
                0x080045dc       0x58 ./Wiznet_W5500/wizchip_conf.o
                0x080045dc                reg_wizchip_spi_cbfunc
 .text.reg_wizchip_spiburst_cbfunc
                0x08004634       0x58 ./Wiznet_W5500/wizchip_conf.o
                0x08004634                reg_wizchip_spiburst_cbfunc
 .text.ctlwizchip
                0x0800468c      0x1c0 ./Wiznet_W5500/wizchip_conf.o
                0x0800468c                ctlwizchip
 .text.wizchip_sw_reset
                0x0800484c       0x98 ./Wiznet_W5500/wizchip_conf.o
                0x0800484c                wizchip_sw_reset
 .text.wizchip_init
                0x080048e4      0x118 ./Wiznet_W5500/wizchip_conf.o
                0x080048e4                wizchip_init
 .text.wizchip_clrinterrupt
                0x080049fc       0x68 ./Wiznet_W5500/wizchip_conf.o
                0x080049fc                wizchip_clrinterrupt
 .text.wizchip_getinterrupt
                0x08004a64       0x4a ./Wiznet_W5500/wizchip_conf.o
                0x08004a64                wizchip_getinterrupt
 .text.wizchip_setinterruptmask
                0x08004aae       0x36 ./Wiznet_W5500/wizchip_conf.o
                0x08004aae                wizchip_setinterruptmask
 .text.wizchip_getinterruptmask
                0x08004ae4       0x46 ./Wiznet_W5500/wizchip_conf.o
                0x08004ae4                wizchip_getinterruptmask
 .text.wizphy_getphylink
                0x08004b2a       0x2c ./Wiznet_W5500/wizchip_conf.o
                0x08004b2a                wizphy_getphylink
 .text.wizphy_getphypmode
                0x08004b56       0x32 ./Wiznet_W5500/wizchip_conf.o
                0x08004b56                wizphy_getphypmode
 .text.wizphy_reset
                0x08004b88       0x4e ./Wiznet_W5500/wizchip_conf.o
                0x08004b88                wizphy_reset
 .text.wizphy_setphyconf
                0x08004bd6       0x84 ./Wiznet_W5500/wizchip_conf.o
                0x08004bd6                wizphy_setphyconf
 *fill*         0x08004c5a        0x2 
 .text.wizphy_getphyconf
                0x08004c5c       0xd4 ./Wiznet_W5500/wizchip_conf.o
                0x08004c5c                wizphy_getphyconf
 .text.wizphy_setphypmode
                0x08004d30       0x94 ./Wiznet_W5500/wizchip_conf.o
                0x08004d30                wizphy_setphypmode
 .text.wizchip_setnetinfo
                0x08004dc4       0x80 ./Wiznet_W5500/wizchip_conf.o
                0x08004dc4                wizchip_setnetinfo
 .text.sbrk_aligned
                0x08004e44       0x44 C:/ST/STM32CubeIDE_1.15.1/STM32CubeIDE/plugins/com.st.stm32cube.ide.mcu.externaltools.gnu-tools-for-stm32.12.3.rel1.win32_1.0.100.202403111256/tools/bin/../lib/gcc/arm-none-eabi/12.3.1/../../../../arm-none-eabi/lib/thumb/v7e-m+fp/hard\libc_nano.a(libc_a-mallocr.o)
 .text._malloc_r
                0x08004e88      0x100 C:/ST/STM32CubeIDE_1.15.1/STM32CubeIDE/plugins/com.st.stm32cube.ide.mcu.externaltools.gnu-tools-for-stm32.12.3.rel1.win32_1.0.100.202403111256/tools/bin/../lib/gcc/arm-none-eabi/12.3.1/../../../../arm-none-eabi/lib/thumb/v7e-m+fp/hard\libc_nano.a(libc_a-mallocr.o)
                0x08004e88                _malloc_r
 .text.__malloc_lock
                0x08004f88        0xc C:/ST/STM32CubeIDE_1.15.1/STM32CubeIDE/plugins/com.st.stm32cube.ide.mcu.externaltools.gnu-tools-for-stm32.12.3.rel1.win32_1.0.100.202403111256/tools/bin/../lib/gcc/arm-none-eabi/12.3.1/../../../../arm-none-eabi/lib/thumb/v7e-m+fp/hard\libc_nano.a(libc_a-mlock.o)
                0x08004f88                __malloc_lock
 .text.__malloc_unlock
                0x08004f94        0xc C:/ST/STM32CubeIDE_1.15.1/STM32CubeIDE/plugins/com.st.stm32cube.ide.mcu.externaltools.gnu-tools-for-stm32.12.3.rel1.win32_1.0.100.202403111256/tools/bin/../lib/gcc/arm-none-eabi/12.3.1/../../../../arm-none-eabi/lib/thumb/v7e-m+fp/hard\libc_nano.a(libc_a-mlock.o)
                0x08004f94                __malloc_unlock
 .text.std      0x08004fa0       0x6c C:/ST/STM32CubeIDE_1.15.1/STM32CubeIDE/plugins/com.st.stm32cube.ide.mcu.externaltools.gnu-tools-for-stm32.12.3.rel1.win32_1.0.100.202403111256/tools/bin/../lib/gcc/arm-none-eabi/12.3.1/../../../../arm-none-eabi/lib/thumb/v7e-m+fp/hard\libc_nano.a(libc_a-findfp.o)
 .text.stdio_exit_handler
                0x0800500c       0x18 C:/ST/STM32CubeIDE_1.15.1/STM32CubeIDE/plugins/com.st.stm32cube.ide.mcu.externaltools.gnu-tools-for-stm32.12.3.rel1.win32_1.0.100.202403111256/tools/bin/../lib/gcc/arm-none-eabi/12.3.1/../../../../arm-none-eabi/lib/thumb/v7e-m+fp/hard\libc_nano.a(libc_a-findfp.o)
 .text.cleanup_stdio
                0x08005024       0x40 C:/ST/STM32CubeIDE_1.15.1/STM32CubeIDE/plugins/com.st.stm32cube.ide.mcu.externaltools.gnu-tools-for-stm32.12.3.rel1.win32_1.0.100.202403111256/tools/bin/../lib/gcc/arm-none-eabi/12.3.1/../../../../arm-none-eabi/lib/thumb/v7e-m+fp/hard\libc_nano.a(libc_a-findfp.o)
 .text.global_stdio_init.part.0
                0x08005064       0x3c C:/ST/STM32CubeIDE_1.15.1/STM32CubeIDE/plugins/com.st.stm32cube.ide.mcu.externaltools.gnu-tools-for-stm32.12.3.rel1.win32_1.0.100.202403111256/tools/bin/../lib/gcc/arm-none-eabi/12.3.1/../../../../arm-none-eabi/lib/thumb/v7e-m+fp/hard\libc_nano.a(libc_a-findfp.o)
 .text.__sfp_lock_acquire
                0x080050a0        0xc C:/ST/STM32CubeIDE_1.15.1/STM32CubeIDE/plugins/com.st.stm32cube.ide.mcu.externaltools.gnu-tools-for-stm32.12.3.rel1.win32_1.0.100.202403111256/tools/bin/../lib/gcc/arm-none-eabi/12.3.1/../../../../arm-none-eabi/lib/thumb/v7e-m+fp/hard\libc_nano.a(libc_a-findfp.o)
                0x080050a0                __sfp_lock_acquire
 .text.__sfp_lock_release
                0x080050ac        0xc C:/ST/STM32CubeIDE_1.15.1/STM32CubeIDE/plugins/com.st.stm32cube.ide.mcu.externaltools.gnu-tools-for-stm32.12.3.rel1.win32_1.0.100.202403111256/tools/bin/../lib/gcc/arm-none-eabi/12.3.1/../../../../arm-none-eabi/lib/thumb/v7e-m+fp/hard\libc_nano.a(libc_a-findfp.o)
                0x080050ac                __sfp_lock_release
 .text.__sinit  0x080050b8       0x30 C:/ST/STM32CubeIDE_1.15.1/STM32CubeIDE/plugins/com.st.stm32cube.ide.mcu.externaltools.gnu-tools-for-stm32.12.3.rel1.win32_1.0.100.202403111256/tools/bin/../lib/gcc/arm-none-eabi/12.3.1/../../../../arm-none-eabi/lib/thumb/v7e-m+fp/hard\libc_nano.a(libc_a-findfp.o)
                0x080050b8                __sinit
 .text._fwalk_sglue
                0x080050e8       0x3c C:/ST/STM32CubeIDE_1.15.1/STM32CubeIDE/plugins/com.st.stm32cube.ide.mcu.externaltools.gnu-tools-for-stm32.12.3.rel1.win32_1.0.100.202403111256/tools/bin/../lib/gcc/arm-none-eabi/12.3.1/../../../../arm-none-eabi/lib/thumb/v7e-m+fp/hard\libc_nano.a(libc_a-fwalk.o)
                0x080050e8                _fwalk_sglue
 .text.printf   0x08005124       0x24 C:/ST/STM32CubeIDE_1.15.1/STM32CubeIDE/plugins/com.st.stm32cube.ide.mcu.externaltools.gnu-tools-for-stm32.12.3.rel1.win32_1.0.100.202403111256/tools/bin/../lib/gcc/arm-none-eabi/12.3.1/../../../../arm-none-eabi/lib/thumb/v7e-m+fp/hard\libc_nano.a(libc_a-printf.o)
                0x08005124                iprintf
                0x08005124                printf
 .text._puts_r  0x08005148       0xaa C:/ST/STM32CubeIDE_1.15.1/STM32CubeIDE/plugins/com.st.stm32cube.ide.mcu.externaltools.gnu-tools-for-stm32.12.3.rel1.win32_1.0.100.202403111256/tools/bin/../lib/gcc/arm-none-eabi/12.3.1/../../../../arm-none-eabi/lib/thumb/v7e-m+fp/hard\libc_nano.a(libc_a-puts.o)
                0x08005148                _puts_r
 *fill*         0x080051f2        0x2 
 .text.puts     0x080051f4       0x10 C:/ST/STM32CubeIDE_1.15.1/STM32CubeIDE/plugins/com.st.stm32cube.ide.mcu.externaltools.gnu-tools-for-stm32.12.3.rel1.win32_1.0.100.202403111256/tools/bin/../lib/gcc/arm-none-eabi/12.3.1/../../../../arm-none-eabi/lib/thumb/v7e-m+fp/hard\libc_nano.a(libc_a-puts.o)
                0x080051f4                puts
 .text.sprintf  0x08005204       0x40 C:/ST/STM32CubeIDE_1.15.1/STM32CubeIDE/plugins/com.st.stm32cube.ide.mcu.externaltools.gnu-tools-for-stm32.12.3.rel1.win32_1.0.100.202403111256/tools/bin/../lib/gcc/arm-none-eabi/12.3.1/../../../../arm-none-eabi/lib/thumb/v7e-m+fp/hard\libc_nano.a(libc_a-sprintf.o)
                0x08005204                siprintf
                0x08005204                sprintf
 .text.__sread  0x08005244       0x22 C:/ST/STM32CubeIDE_1.15.1/STM32CubeIDE/plugins/com.st.stm32cube.ide.mcu.externaltools.gnu-tools-for-stm32.12.3.rel1.win32_1.0.100.202403111256/tools/bin/../lib/gcc/arm-none-eabi/12.3.1/../../../../arm-none-eabi/lib/thumb/v7e-m+fp/hard\libc_nano.a(libc_a-stdio.o)
                0x08005244                __sread
 .text.__swrite
                0x08005266       0x38 C:/ST/STM32CubeIDE_1.15.1/STM32CubeIDE/plugins/com.st.stm32cube.ide.mcu.externaltools.gnu-tools-for-stm32.12.3.rel1.win32_1.0.100.202403111256/tools/bin/../lib/gcc/arm-none-eabi/12.3.1/../../../../arm-none-eabi/lib/thumb/v7e-m+fp/hard\libc_nano.a(libc_a-stdio.o)
                0x08005266                __swrite
 .text.__sseek  0x0800529e       0x24 C:/ST/STM32CubeIDE_1.15.1/STM32CubeIDE/plugins/com.st.stm32cube.ide.mcu.externaltools.gnu-tools-for-stm32.12.3.rel1.win32_1.0.100.202403111256/tools/bin/../lib/gcc/arm-none-eabi/12.3.1/../../../../arm-none-eabi/lib/thumb/v7e-m+fp/hard\libc_nano.a(libc_a-stdio.o)
                0x0800529e                __sseek
 .text.__sclose
                0x080052c2        0x8 C:/ST/STM32CubeIDE_1.15.1/STM32CubeIDE/plugins/com.st.stm32cube.ide.mcu.externaltools.gnu-tools-for-stm32.12.3.rel1.win32_1.0.100.202403111256/tools/bin/../lib/gcc/arm-none-eabi/12.3.1/../../../../arm-none-eabi/lib/thumb/v7e-m+fp/hard\libc_nano.a(libc_a-stdio.o)
                0x080052c2                __sclose
 .text.__swbuf_r
                0x080052ca       0x7c C:/ST/STM32CubeIDE_1.15.1/STM32CubeIDE/plugins/com.st.stm32cube.ide.mcu.externaltools.gnu-tools-for-stm32.12.3.rel1.win32_1.0.100.202403111256/tools/bin/../lib/gcc/arm-none-eabi/12.3.1/../../../../arm-none-eabi/lib/thumb/v7e-m+fp/hard\libc_nano.a(libc_a-wbuf.o)
                0x080052ca                __swbuf_r
 *fill*         0x08005346        0x2 
 .text.__swsetup_r
                0x08005348       0xac C:/ST/STM32CubeIDE_1.15.1/STM32CubeIDE/plugins/com.st.stm32cube.ide.mcu.externaltools.gnu-tools-for-stm32.12.3.rel1.win32_1.0.100.202403111256/tools/bin/../lib/gcc/arm-none-eabi/12.3.1/../../../../arm-none-eabi/lib/thumb/v7e-m+fp/hard\libc_nano.a(libc_a-wsetup.o)
                0x08005348                __swsetup_r
 .text.memset   0x080053f4       0x10 C:/ST/STM32CubeIDE_1.15.1/STM32CubeIDE/plugins/com.st.stm32cube.ide.mcu.externaltools.gnu-tools-for-stm32.12.3.rel1.win32_1.0.100.202403111256/tools/bin/../lib/gcc/arm-none-eabi/12.3.1/../../../../arm-none-eabi/lib/thumb/v7e-m+fp/hard\libc_nano.a(libc_a-memset.o)
                0x080053f4                memset
 .text.strchr   0x08005404       0x1a C:/ST/STM32CubeIDE_1.15.1/STM32CubeIDE/plugins/com.st.stm32cube.ide.mcu.externaltools.gnu-tools-for-stm32.12.3.rel1.win32_1.0.100.202403111256/tools/bin/../lib/gcc/arm-none-eabi/12.3.1/../../../../arm-none-eabi/lib/thumb/v7e-m+fp/hard\libc_nano.a(libc_a-strchr.o)
                0x08005404                strchr
 .text.strncpy  0x0800541e       0x26 C:/ST/STM32CubeIDE_1.15.1/STM32CubeIDE/plugins/com.st.stm32cube.ide.mcu.externaltools.gnu-tools-for-stm32.12.3.rel1.win32_1.0.100.202403111256/tools/bin/../lib/gcc/arm-none-eabi/12.3.1/../../../../arm-none-eabi/lib/thumb/v7e-m+fp/hard\libc_nano.a(libc_a-strncpy.o)
                0x0800541e                strncpy
 .text._close_r
                0x08005444       0x20 C:/ST/STM32CubeIDE_1.15.1/STM32CubeIDE/plugins/com.st.stm32cube.ide.mcu.externaltools.gnu-tools-for-stm32.12.3.rel1.win32_1.0.100.202403111256/tools/bin/../lib/gcc/arm-none-eabi/12.3.1/../../../../arm-none-eabi/lib/thumb/v7e-m+fp/hard\libc_nano.a(libc_a-closer.o)
                0x08005444                _close_r
 .text._lseek_r
                0x08005464       0x24 C:/ST/STM32CubeIDE_1.15.1/STM32CubeIDE/plugins/com.st.stm32cube.ide.mcu.externaltools.gnu-tools-for-stm32.12.3.rel1.win32_1.0.100.202403111256/tools/bin/../lib/gcc/arm-none-eabi/12.3.1/../../../../arm-none-eabi/lib/thumb/v7e-m+fp/hard\libc_nano.a(libc_a-lseekr.o)
                0x08005464                _lseek_r
 .text._read_r  0x08005488       0x24 C:/ST/STM32CubeIDE_1.15.1/STM32CubeIDE/plugins/com.st.stm32cube.ide.mcu.externaltools.gnu-tools-for-stm32.12.3.rel1.win32_1.0.100.202403111256/tools/bin/../lib/gcc/arm-none-eabi/12.3.1/../../../../arm-none-eabi/lib/thumb/v7e-m+fp/hard\libc_nano.a(libc_a-readr.o)
                0x08005488                _read_r
 .text._sbrk_r  0x080054ac       0x20 C:/ST/STM32CubeIDE_1.15.1/STM32CubeIDE/plugins/com.st.stm32cube.ide.mcu.externaltools.gnu-tools-for-stm32.12.3.rel1.win32_1.0.100.202403111256/tools/bin/../lib/gcc/arm-none-eabi/12.3.1/../../../../arm-none-eabi/lib/thumb/v7e-m+fp/hard\libc_nano.a(libc_a-sbrkr.o)
                0x080054ac                _sbrk_r
 .text._write_r
                0x080054cc       0x24 C:/ST/STM32CubeIDE_1.15.1/STM32CubeIDE/plugins/com.st.stm32cube.ide.mcu.externaltools.gnu-tools-for-stm32.12.3.rel1.win32_1.0.100.202403111256/tools/bin/../lib/gcc/arm-none-eabi/12.3.1/../../../../arm-none-eabi/lib/thumb/v7e-m+fp/hard\libc_nano.a(libc_a-writer.o)
                0x080054cc                _write_r
 .text.__errno  0x080054f0        0xc C:/ST/STM32CubeIDE_1.15.1/STM32CubeIDE/plugins/com.st.stm32cube.ide.mcu.externaltools.gnu-tools-for-stm32.12.3.rel1.win32_1.0.100.202403111256/tools/bin/../lib/gcc/arm-none-eabi/12.3.1/../../../../arm-none-eabi/lib/thumb/v7e-m+fp/hard\libc_nano.a(libc_a-errno.o)
                0x080054f0                __errno
 .text.__libc_init_array
                0x080054fc       0x48 C:/ST/STM32CubeIDE_1.15.1/STM32CubeIDE/plugins/com.st.stm32cube.ide.mcu.externaltools.gnu-tools-for-stm32.12.3.rel1.win32_1.0.100.202403111256/tools/bin/../lib/gcc/arm-none-eabi/12.3.1/../../../../arm-none-eabi/lib/thumb/v7e-m+fp/hard\libc_nano.a(libc_a-init.o)
                0x080054fc                __libc_init_array
 .text.__retarget_lock_init_recursive
                0x08005544        0x2 C:/ST/STM32CubeIDE_1.15.1/STM32CubeIDE/plugins/com.st.stm32cube.ide.mcu.externaltools.gnu-tools-for-stm32.12.3.rel1.win32_1.0.100.202403111256/tools/bin/../lib/gcc/arm-none-eabi/12.3.1/../../../../arm-none-eabi/lib/thumb/v7e-m+fp/hard\libc_nano.a(libc_a-lock.o)
                0x08005544                __retarget_lock_init_recursive
 .text.__retarget_lock_acquire_recursive
                0x08005546        0x2 C:/ST/STM32CubeIDE_1.15.1/STM32CubeIDE/plugins/com.st.stm32cube.ide.mcu.externaltools.gnu-tools-for-stm32.12.3.rel1.win32_1.0.100.202403111256/tools/bin/../lib/gcc/arm-none-eabi/12.3.1/../../../../arm-none-eabi/lib/thumb/v7e-m+fp/hard\libc_nano.a(libc_a-lock.o)
                0x08005546                __retarget_lock_acquire_recursive
 .text.__retarget_lock_release_recursive
                0x08005548        0x2 C:/ST/STM32CubeIDE_1.15.1/STM32CubeIDE/plugins/com.st.stm32cube.ide.mcu.externaltools.gnu-tools-for-stm32.12.3.rel1.win32_1.0.100.202403111256/tools/bin/../lib/gcc/arm-none-eabi/12.3.1/../../../../arm-none-eabi/lib/thumb/v7e-m+fp/hard\libc_nano.a(libc_a-lock.o)
                0x08005548                __retarget_lock_release_recursive
 .text.strcpy   0x0800554a       0x10 C:/ST/STM32CubeIDE_1.15.1/STM32CubeIDE/plugins/com.st.stm32cube.ide.mcu.externaltools.gnu-tools-for-stm32.12.3.rel1.win32_1.0.100.202403111256/tools/bin/../lib/gcc/arm-none-eabi/12.3.1/../../../../arm-none-eabi/lib/thumb/v7e-m+fp/hard\libc_nano.a(libc_a-strcpy.o)
                0x0800554a                strcpy
 .text.memcpy   0x0800555a       0x1c C:/ST/STM32CubeIDE_1.15.1/STM32CubeIDE/plugins/com.st.stm32cube.ide.mcu.externaltools.gnu-tools-for-stm32.12.3.rel1.win32_1.0.100.202403111256/tools/bin/../lib/gcc/arm-none-eabi/12.3.1/../../../../arm-none-eabi/lib/thumb/v7e-m+fp/hard\libc_nano.a(libc_a-memcpy-stub.o)
                0x0800555a                memcpy
 *fill*         0x08005576        0x2 
 .text._free_r  0x08005578       0x94 C:/ST/STM32CubeIDE_1.15.1/STM32CubeIDE/plugins/com.st.stm32cube.ide.mcu.externaltools.gnu-tools-for-stm32.12.3.rel1.win32_1.0.100.202403111256/tools/bin/../lib/gcc/arm-none-eabi/12.3.1/../../../../arm-none-eabi/lib/thumb/v7e-m+fp/hard\libc_nano.a(libc_a-freer.o)
                0x08005578                _free_r
 .text.__ssputs_r
                0x0800560c       0xb6 C:/ST/STM32CubeIDE_1.15.1/STM32CubeIDE/plugins/com.st.stm32cube.ide.mcu.externaltools.gnu-tools-for-stm32.12.3.rel1.win32_1.0.100.202403111256/tools/bin/../lib/gcc/arm-none-eabi/12.3.1/../../../../arm-none-eabi/lib/thumb/v7e-m+fp/hard\libc_nano.a(libc_a-nano-svfprintf.o)
                0x0800560c                __ssputs_r
 *fill*         0x080056c2        0x2 
 .text._svfprintf_r
                0x080056c4      0x1f8 C:/ST/STM32CubeIDE_1.15.1/STM32CubeIDE/plugins/com.st.stm32cube.ide.mcu.externaltools.gnu-tools-for-stm32.12.3.rel1.win32_1.0.100.202403111256/tools/bin/../lib/gcc/arm-none-eabi/12.3.1/../../../../arm-none-eabi/lib/thumb/v7e-m+fp/hard\libc_nano.a(libc_a-nano-svfprintf.o)
                0x080056c4                _svfiprintf_r
                0x080056c4                _svfprintf_r
 .text.__sfputc_r
                0x080058bc       0x2e C:/ST/STM32CubeIDE_1.15.1/STM32CubeIDE/plugins/com.st.stm32cube.ide.mcu.externaltools.gnu-tools-for-stm32.12.3.rel1.win32_1.0.100.202403111256/tools/bin/../lib/gcc/arm-none-eabi/12.3.1/../../../../arm-none-eabi/lib/thumb/v7e-m+fp/hard\libc_nano.a(libc_a-nano-vfprintf.o)
 .text.__sfputs_r
                0x080058ea       0x24 C:/ST/STM32CubeIDE_1.15.1/STM32CubeIDE/plugins/com.st.stm32cube.ide.mcu.externaltools.gnu-tools-for-stm32.12.3.rel1.win32_1.0.100.202403111256/tools/bin/../lib/gcc/arm-none-eabi/12.3.1/../../../../arm-none-eabi/lib/thumb/v7e-m+fp/hard\libc_nano.a(libc_a-nano-vfprintf.o)
                0x080058ea                __sfputs_r
 *fill*         0x0800590e        0x2 
 .text._vfprintf_r
                0x08005910      0x230 C:/ST/STM32CubeIDE_1.15.1/STM32CubeIDE/plugins/com.st.stm32cube.ide.mcu.externaltools.gnu-tools-for-stm32.12.3.rel1.win32_1.0.100.202403111256/tools/bin/../lib/gcc/arm-none-eabi/12.3.1/../../../../arm-none-eabi/lib/thumb/v7e-m+fp/hard\libc_nano.a(libc_a-nano-vfprintf.o)
                0x08005910                _vfprintf_r
                0x08005910                _vfiprintf_r
 .text._printf_common
                0x08005b40       0xda C:/ST/STM32CubeIDE_1.15.1/STM32CubeIDE/plugins/com.st.stm32cube.ide.mcu.externaltools.gnu-tools-for-stm32.12.3.rel1.win32_1.0.100.202403111256/tools/bin/../lib/gcc/arm-none-eabi/12.3.1/../../../../arm-none-eabi/lib/thumb/v7e-m+fp/hard\libc_nano.a(libc_a-nano-vfprintf_i.o)
                0x08005b40                _printf_common
 *fill*         0x08005c1a        0x2 
 .text._printf_i
                0x08005c1c      0x240 C:/ST/STM32CubeIDE_1.15.1/STM32CubeIDE/plugins/com.st.stm32cube.ide.mcu.externaltools.gnu-tools-for-stm32.12.3.rel1.win32_1.0.100.202403111256/tools/bin/../lib/gcc/arm-none-eabi/12.3.1/../../../../arm-none-eabi/lib/thumb/v7e-m+fp/hard\libc_nano.a(libc_a-nano-vfprintf_i.o)
                0x08005c1c                _printf_i
 .text.__sflush_r
                0x08005e5c      0x108 C:/ST/STM32CubeIDE_1.15.1/STM32CubeIDE/plugins/com.st.stm32cube.ide.mcu.externaltools.gnu-tools-for-stm32.12.3.rel1.win32_1.0.100.202403111256/tools/bin/../lib/gcc/arm-none-eabi/12.3.1/../../../../arm-none-eabi/lib/thumb/v7e-m+fp/hard\libc_nano.a(libc_a-fflush.o)
                0x08005e5c                __sflush_r
 .text._fflush_r
                0x08005f64       0x50 C:/ST/STM32CubeIDE_1.15.1/STM32CubeIDE/plugins/com.st.stm32cube.ide.mcu.externaltools.gnu-tools-for-stm32.12.3.rel1.win32_1.0.100.202403111256/tools/bin/../lib/gcc/arm-none-eabi/12.3.1/../../../../arm-none-eabi/lib/thumb/v7e-m+fp/hard\libc_nano.a(libc_a-fflush.o)
                0x08005f64                _fflush_r
 .text.__swhatbuf_r
                0x08005fb4       0x4c C:/ST/STM32CubeIDE_1.15.1/STM32CubeIDE/plugins/com.st.stm32cube.ide.mcu.externaltools.gnu-tools-for-stm32.12.3.rel1.win32_1.0.100.202403111256/tools/bin/../lib/gcc/arm-none-eabi/12.3.1/../../../../arm-none-eabi/lib/thumb/v7e-m+fp/hard\libc_nano.a(libc_a-makebuf.o)
                0x08005fb4                __swhatbuf_r
 .text.__smakebuf_r
                0x08006000       0x78 C:/ST/STM32CubeIDE_1.15.1/STM32CubeIDE/plugins/com.st.stm32cube.ide.mcu.externaltools.gnu-tools-for-stm32.12.3.rel1.win32_1.0.100.202403111256/tools/bin/../lib/gcc/arm-none-eabi/12.3.1/../../../../arm-none-eabi/lib/thumb/v7e-m+fp/hard\libc_nano.a(libc_a-makebuf.o)
                0x08006000                __smakebuf_r
 .text.memmove  0x08006078       0x34 C:/ST/STM32CubeIDE_1.15.1/STM32CubeIDE/plugins/com.st.stm32cube.ide.mcu.externaltools.gnu-tools-for-stm32.12.3.rel1.win32_1.0.100.202403111256/tools/bin/../lib/gcc/arm-none-eabi/12.3.1/../../../../arm-none-eabi/lib/thumb/v7e-m+fp/hard\libc_nano.a(libc_a-memmove.o)
                0x08006078                memmove
 .text._fstat_r
                0x080060ac       0x24 C:/ST/STM32CubeIDE_1.15.1/STM32CubeIDE/plugins/com.st.stm32cube.ide.mcu.externaltools.gnu-tools-for-stm32.12.3.rel1.win32_1.0.100.202403111256/tools/bin/../lib/gcc/arm-none-eabi/12.3.1/../../../../arm-none-eabi/lib/thumb/v7e-m+fp/hard\libc_nano.a(libc_a-fstatr.o)
                0x080060ac                _fstat_r
 .text._isatty_r
                0x080060d0       0x20 C:/ST/STM32CubeIDE_1.15.1/STM32CubeIDE/plugins/com.st.stm32cube.ide.mcu.externaltools.gnu-tools-for-stm32.12.3.rel1.win32_1.0.100.202403111256/tools/bin/../lib/gcc/arm-none-eabi/12.3.1/../../../../arm-none-eabi/lib/thumb/v7e-m+fp/hard\libc_nano.a(libc_a-isattyr.o)
                0x080060d0                _isatty_r
 .text._realloc_r
                0x080060f0       0x5c C:/ST/STM32CubeIDE_1.15.1/STM32CubeIDE/plugins/com.st.stm32cube.ide.mcu.externaltools.gnu-tools-for-stm32.12.3.rel1.win32_1.0.100.202403111256/tools/bin/../lib/gcc/arm-none-eabi/12.3.1/../../../../arm-none-eabi/lib/thumb/v7e-m+fp/hard\libc_nano.a(libc_a-reallocr.o)
                0x080060f0                _realloc_r
 .text._malloc_usable_size_r
                0x0800614c       0x10 C:/ST/STM32CubeIDE_1.15.1/STM32CubeIDE/plugins/com.st.stm32cube.ide.mcu.externaltools.gnu-tools-for-stm32.12.3.rel1.win32_1.0.100.202403111256/tools/bin/../lib/gcc/arm-none-eabi/12.3.1/../../../../arm-none-eabi/lib/thumb/v7e-m+fp/hard\libc_nano.a(libc_a-msizer.o)
                0x0800614c                _malloc_usable_size_r
 *(.glue_7)
 .glue_7        0x0800615c        0x0 linker stubs
 *(.glue_7t)
 .glue_7t       0x0800615c        0x0 linker stubs
 *(.eh_frame)
 .eh_frame      0x0800615c        0x0 C:/ST/STM32CubeIDE_1.15.1/STM32CubeIDE/plugins/com.st.stm32cube.ide.mcu.externaltools.gnu-tools-for-stm32.12.3.rel1.win32_1.0.100.202403111256/tools/bin/../lib/gcc/arm-none-eabi/12.3.1/thumb/v7e-m+fp/hard/crtbegin.o
 *(.init)
 .init          0x0800615c        0x4 C:/ST/STM32CubeIDE_1.15.1/STM32CubeIDE/plugins/com.st.stm32cube.ide.mcu.externaltools.gnu-tools-for-stm32.12.3.rel1.win32_1.0.100.202403111256/tools/bin/../lib/gcc/arm-none-eabi/12.3.1/thumb/v7e-m+fp/hard/crti.o
                0x0800615c                _init
 .init          0x08006160        0x8 C:/ST/STM32CubeIDE_1.15.1/STM32CubeIDE/plugins/com.st.stm32cube.ide.mcu.externaltools.gnu-tools-for-stm32.12.3.rel1.win32_1.0.100.202403111256/tools/bin/../lib/gcc/arm-none-eabi/12.3.1/thumb/v7e-m+fp/hard/crtn.o
 *(.fini)
 .fini          0x08006168        0x4 C:/ST/STM32CubeIDE_1.15.1/STM32CubeIDE/plugins/com.st.stm32cube.ide.mcu.externaltools.gnu-tools-for-stm32.12.3.rel1.win32_1.0.100.202403111256/tools/bin/../lib/gcc/arm-none-eabi/12.3.1/thumb/v7e-m+fp/hard/crti.o
                0x08006168                _fini
 .fini          0x0800616c        0x8 C:/ST/STM32CubeIDE_1.15.1/STM32CubeIDE/plugins/com.st.stm32cube.ide.mcu.externaltools.gnu-tools-for-stm32.12.3.rel1.win32_1.0.100.202403111256/tools/bin/../lib/gcc/arm-none-eabi/12.3.1/thumb/v7e-m+fp/hard/crtn.o
                0x08006174                        . = ALIGN (0x4)
                0x08006174                        _etext = .

.vfp11_veneer   0x08006174        0x0
 .vfp11_veneer  0x08006174        0x0 linker stubs

.v4_bx          0x08006174        0x0
 .v4_bx         0x08006174        0x0 linker stubs

.iplt           0x08006174        0x0
 .iplt          0x08006174        0x0 C:/ST/STM32CubeIDE_1.15.1/STM32CubeIDE/plugins/com.st.stm32cube.ide.mcu.externaltools.gnu-tools-for-stm32.12.3.rel1.win32_1.0.100.202403111256/tools/bin/../lib/gcc/arm-none-eabi/12.3.1/thumb/v7e-m+fp/hard/crtbegin.o

.rodata         0x08006174      0x250
                0x08006174                        . = ALIGN (0x4)
 *(.rodata)
 .rodata        0x08006174      0x172 ./Src/main.o
 *fill*         0x080062e6        0x2 
 .rodata        0x080062e8       0x94 ./Src/w5500_driver.o
 .rodata        0x0800637c       0x12 ./Wiznet_W5500/dhcp.o
 *(.rodata*)
 .rodata._svfprintf_r.str1.1
                0x0800638e       0x11 C:/ST/STM32CubeIDE_1.15.1/STM32CubeIDE/plugins/com.st.stm32cube.ide.mcu.externaltools.gnu-tools-for-stm32.12.3.rel1.win32_1.0.100.202403111256/tools/bin/../lib/gcc/arm-none-eabi/12.3.1/../../../../arm-none-eabi/lib/thumb/v7e-m+fp/hard\libc_nano.a(libc_a-nano-svfprintf.o)
 .rodata._vfprintf_r.str1.1
                0x0800639f       0x11 C:/ST/STM32CubeIDE_1.15.1/STM32CubeIDE/plugins/com.st.stm32cube.ide.mcu.externaltools.gnu-tools-for-stm32.12.3.rel1.win32_1.0.100.202403111256/tools/bin/../lib/gcc/arm-none-eabi/12.3.1/../../../../arm-none-eabi/lib/thumb/v7e-m+fp/hard\libc_nano.a(libc_a-nano-vfprintf.o)
 .rodata._printf_i.str1.1
                0x0800639f       0x22 C:/ST/STM32CubeIDE_1.15.1/STM32CubeIDE/plugins/com.st.stm32cube.ide.mcu.externaltools.gnu-tools-for-stm32.12.3.rel1.win32_1.0.100.202403111256/tools/bin/../lib/gcc/arm-none-eabi/12.3.1/../../../../arm-none-eabi/lib/thumb/v7e-m+fp/hard\libc_nano.a(libc_a-nano-vfprintf_i.o)
                0x080063c4                        . = ALIGN (0x4)
 *fill*         0x080063c1        0x3 

.ARM.extab      0x080063c4        0x0
                0x080063c4                        . = ALIGN (0x4)
 *(.ARM.extab* .gnu.linkonce.armextab.*)
                0x080063c4                        . = ALIGN (0x4)

.ARM            0x080063c4        0x8
                0x080063c4                        . = ALIGN (0x4)
                0x080063c4                        __exidx_start = .
 *(.ARM.exidx*)
 .ARM.exidx     0x080063c4        0x8 C:/ST/STM32CubeIDE_1.15.1/STM32CubeIDE/plugins/com.st.stm32cube.ide.mcu.externaltools.gnu-tools-for-stm32.12.3.rel1.win32_1.0.100.202403111256/tools/bin/../lib/gcc/arm-none-eabi/12.3.1/../../../../arm-none-eabi/lib/thumb/v7e-m+fp/hard\libc_nano.a(libc_a-strlen.o)
 .ARM.exidx     0x080063cc        0x0 C:/ST/STM32CubeIDE_1.15.1/STM32CubeIDE/plugins/com.st.stm32cube.ide.mcu.externaltools.gnu-tools-for-stm32.12.3.rel1.win32_1.0.100.202403111256/tools/bin/../lib/gcc/arm-none-eabi/12.3.1/../../../../arm-none-eabi/lib/thumb/v7e-m+fp/hard\libc_nano.a(libc_a-memchr.o)
                                  0x8 (size before relaxing)
                0x080063cc                        __exidx_end = .
                0x080063cc                        . = ALIGN (0x4)

.rel.dyn        0x080063cc        0x0
 .rel.iplt      0x080063cc        0x0 C:/ST/STM32CubeIDE_1.15.1/STM32CubeIDE/plugins/com.st.stm32cube.ide.mcu.externaltools.gnu-tools-for-stm32.12.3.rel1.win32_1.0.100.202403111256/tools/bin/../lib/gcc/arm-none-eabi/12.3.1/thumb/v7e-m+fp/hard/crtbegin.o

.preinit_array  0x080063cc        0x0
                0x080063cc                        . = ALIGN (0x4)
                0x080063cc                        PROVIDE (__preinit_array_start = .)
 *(.preinit_array*)
                0x080063cc                        PROVIDE (__preinit_array_end = .)
                0x080063cc                        . = ALIGN (0x4)

.init_array     0x080063cc        0x4
                0x080063cc                        . = ALIGN (0x4)
                0x080063cc                        PROVIDE (__init_array_start = .)
 *(SORT_BY_NAME(.init_array.*))
 *(.init_array*)
 .init_array    0x080063cc        0x4 C:/ST/STM32CubeIDE_1.15.1/STM32CubeIDE/plugins/com.st.stm32cube.ide.mcu.externaltools.gnu-tools-for-stm32.12.3.rel1.win32_1.0.100.202403111256/tools/bin/../lib/gcc/arm-none-eabi/12.3.1/thumb/v7e-m+fp/hard/crtbegin.o
                0x080063d0                        PROVIDE (__init_array_end = .)
                0x080063d0                        . = ALIGN (0x4)

.fini_array     0x080063d0        0x4
                0x080063d0                        . = ALIGN (0x4)
                [!provide]                        PROVIDE (__fini_array_start = .)
 *(SORT_BY_NAME(.fini_array.*))
 *(.fini_array*)
 .fini_array    0x080063d0        0x4 C:/ST/STM32CubeIDE_1.15.1/STM32CubeIDE/plugins/com.st.stm32cube.ide.mcu.externaltools.gnu-tools-for-stm32.12.3.rel1.win32_1.0.100.202403111256/tools/bin/../lib/gcc/arm-none-eabi/12.3.1/thumb/v7e-m+fp/hard/crtbegin.o
                [!provide]                        PROVIDE (__fini_array_end = .)
                0x080063d4                        . = ALIGN (0x4)
                0x080063d4                        _sidata = LOADADDR (.data)

.data           0x20000000       0xd0 load address 0x080063d4
                0x20000000                        . = ALIGN (0x4)
                0x20000000                        _sdata = .
 *(.data)
 *(.data*)
 .data.dns_server
                0x20000000        0x4 ./Src/main.o
                0x20000000                dns_server
 .data.domain_name
                0x20000004        0xc ./Src/main.o
                0x20000004                domain_name
 .data.net_info
                0x20000010       0x17 ./Src/w5500_driver.o
                0x20000010                net_info
 *fill*         0x20000027        0x1 
 .data.dhcp_lease_time
                0x20000028        0x4 ./Wiznet_W5500/dhcp.o
                0x20000028                dhcp_lease_time
 .data.dhcp_tick_next
                0x2000002c        0x4 ./Wiznet_W5500/dhcp.o
                0x2000002c                dhcp_tick_next
 .data.HOST_NAME
                0x20000030        0x8 ./Wiznet_W5500/dhcp.o
                0x20000030                HOST_NAME
 .data.dhcp_ip_assign
                0x20000038        0x4 ./Wiznet_W5500/dhcp.o
                0x20000038                dhcp_ip_assign
 .data.dhcp_ip_update
                0x2000003c        0x4 ./Wiznet_W5500/dhcp.o
                0x2000003c                dhcp_ip_update
 .data.dhcp_ip_conflict
                0x20000040        0x4 ./Wiznet_W5500/dhcp.o
                0x20000040                dhcp_ip_conflict
 .data.sock_any_port
                0x20000044        0x2 ./Wiznet_W5500/socket.o
 *fill*         0x20000046        0x2 
 .data.WIZCHIP  0x20000048       0x2c ./Wiznet_W5500/wizchip_conf.o
                0x20000048                WIZCHIP
 .data.__sglue  0x20000074        0xc C:/ST/STM32CubeIDE_1.15.1/STM32CubeIDE/plugins/com.st.stm32cube.ide.mcu.externaltools.gnu-tools-for-stm32.12.3.rel1.win32_1.0.100.202403111256/tools/bin/../lib/gcc/arm-none-eabi/12.3.1/../../../../arm-none-eabi/lib/thumb/v7e-m+fp/hard\libc_nano.a(libc_a-findfp.o)
                0x20000074                __sglue
 .data._impure_ptr
                0x20000080        0x4 C:/ST/STM32CubeIDE_1.15.1/STM32CubeIDE/plugins/com.st.stm32cube.ide.mcu.externaltools.gnu-tools-for-stm32.12.3.rel1.win32_1.0.100.202403111256/tools/bin/../lib/gcc/arm-none-eabi/12.3.1/../../../../arm-none-eabi/lib/thumb/v7e-m+fp/hard\libc_nano.a(libc_a-impure.o)
                0x20000080                _impure_ptr
 .data._impure_data
                0x20000084       0x4c C:/ST/STM32CubeIDE_1.15.1/STM32CubeIDE/plugins/com.st.stm32cube.ide.mcu.externaltools.gnu-tools-for-stm32.12.3.rel1.win32_1.0.100.202403111256/tools/bin/../lib/gcc/arm-none-eabi/12.3.1/../../../../arm-none-eabi/lib/thumb/v7e-m+fp/hard\libc_nano.a(libc_a-impure.o)
                0x20000084                _impure_data
 *(.RamFunc)
 *(.RamFunc*)
                0x200000d0                        . = ALIGN (0x4)
                0x200000d0                        _edata = .

.igot.plt       0x200000d0        0x0 load address 0x080064a4
 .igot.plt      0x200000d0        0x0 C:/ST/STM32CubeIDE_1.15.1/STM32CubeIDE/plugins/com.st.stm32cube.ide.mcu.externaltools.gnu-tools-for-stm32.12.3.rel1.win32_1.0.100.202403111256/tools/bin/../lib/gcc/arm-none-eabi/12.3.1/thumb/v7e-m+fp/hard/crtbegin.o
                0x200000d0                        . = ALIGN (0x4)

.bss            0x200000d0     0x222c load address 0x080064a4
                0x200000d0                        _sbss = .
                0x200000d0                        __bss_start__ = _sbss
 *(.bss)
 .bss           0x200000d0       0x1c C:/ST/STM32CubeIDE_1.15.1/STM32CubeIDE/plugins/com.st.stm32cube.ide.mcu.externaltools.gnu-tools-for-stm32.12.3.rel1.win32_1.0.100.202403111256/tools/bin/../lib/gcc/arm-none-eabi/12.3.1/thumb/v7e-m+fp/hard/crtbegin.o
 *(.bss*)
 .bss.pDNSMSG   0x200000ec        0x4 ./Src/dns.o
                0x200000ec                pDNSMSG
 .bss.DNS_SOCKET
                0x200000f0        0x1 ./Src/dns.o
                0x200000f0                DNS_SOCKET
 *fill*         0x200000f1        0x1 
 .bss.DNS_MSGID
                0x200000f2        0x2 ./Src/dns.o
                0x200000f2                DNS_MSGID
 .bss.dns_1s_tick
                0x200000f4        0x4 ./Src/dns.o
                0x200000f4                dns_1s_tick
 .bss.retry_count
                0x200000f8        0x1 ./Src/dns.o
 .bss.flag_process_dns_success
                0x200000f9        0x1 ./Src/main.o
                0x200000f9                flag_process_dns_success
 *fill*         0x200000fa        0x2 
 .bss.domain_ip
                0x200000fc        0x4 ./Src/main.o
                0x200000fc                domain_ip
 .bss.data_buff
                0x20000100     0x1b58 ./Src/main.o
                0x20000100                data_buff
 .bss.__sbrk_heap_end
                0x20001c58        0x4 ./Src/sysmem.o
 .bss.g_curr_tick
                0x20001c5c        0x4 ./Src/timebase.o
                0x20001c5c                g_curr_tick
 .bss.g_curr_tick_p
                0x20001c60        0x4 ./Src/timebase.o
                0x20001c60                g_curr_tick_p
 .bss.hspi1     0x20001c64       0x44 ./Src/w5500_driver.o
                0x20001c64                hspi1
 .bss.temp_buffer
                0x20001ca8       0xaa ./Src/w5500_driver.o
                0x20001ca8                temp_buffer
 *fill*         0x20001d52        0x2 
 .bss.dhcp_buffer
                0x20001d54      0x400 ./Src/w5500_driver.o
                0x20001d54                dhcp_buffer
 .bss.is_ip_assigned
                0x20002154        0x1 ./Src/w5500_driver.o
                0x20002154                is_ip_assigned
 .bss.DHCP_SOCKET
                0x20002155        0x1 ./Wiznet_W5500/dhcp.o
                0x20002155                DHCP_SOCKET
 *fill*         0x20002156        0x2 
 .bss.DHCP_SIP  0x20002158        0x4 ./Wiznet_W5500/dhcp.o
                0x20002158                DHCP_SIP
 .bss.DHCP_REAL_SIP
                0x2000215c        0x4 ./Wiznet_W5500/dhcp.o
                0x2000215c                DHCP_REAL_SIP
 .bss.OLD_allocated_ip
                0x20002160        0x4 ./Wiznet_W5500/dhcp.o
                0x20002160                OLD_allocated_ip
 .bss.DHCP_allocated_ip
                0x20002164        0x4 ./Wiznet_W5500/dhcp.o
                0x20002164                DHCP_allocated_ip
 .bss.DHCP_allocated_gw
                0x20002168        0x4 ./Wiznet_W5500/dhcp.o
                0x20002168                DHCP_allocated_gw
 .bss.DHCP_allocated_sn
                0x2000216c        0x4 ./Wiznet_W5500/dhcp.o
                0x2000216c                DHCP_allocated_sn
 .bss.DHCP_allocated_dns
                0x20002170        0x4 ./Wiznet_W5500/dhcp.o
                0x20002170                DHCP_allocated_dns
 .bss.dhcp_state
                0x20002174        0x1 ./Wiznet_W5500/dhcp.o
                0x20002174                dhcp_state
 .bss.dhcp_retry_count
                0x20002175        0x1 ./Wiznet_W5500/dhcp.o
                0x20002175                dhcp_retry_count
 *fill*         0x20002176        0x2 
 .bss.dhcp_tick_1s
                0x20002178        0x4 ./Wiznet_W5500/dhcp.o
                0x20002178                dhcp_tick_1s
 .bss.DHCP_XID  0x2000217c        0x4 ./Wiznet_W5500/dhcp.o
                0x2000217c                DHCP_XID
 .bss.pDHCPMSG  0x20002180        0x4 ./Wiznet_W5500/dhcp.o
                0x20002180                pDHCPMSG
 .bss.DHCP_CHADDR
                0x20002184        0x6 ./Wiznet_W5500/dhcp.o
                0x20002184                DHCP_CHADDR
 .bss.sock_io_mode
                0x2000218a        0x2 ./Wiznet_W5500/socket.o
 .bss.sock_is_sending
                0x2000218c        0x2 ./Wiznet_W5500/socket.o
 *fill*         0x2000218e        0x2 
 .bss.sock_remained_size
                0x20002190       0x10 ./Wiznet_W5500/socket.o
 .bss.sock_pack_info
                0x200021a0        0x8 ./Wiznet_W5500/socket.o
                0x200021a0                sock_pack_info
 .bss._DNS_     0x200021a8        0x4 ./Wiznet_W5500/wizchip_conf.o
 .bss._DHCP_    0x200021ac        0x1 ./Wiznet_W5500/wizchip_conf.o
 *fill*         0x200021ad        0x3 
 .bss.__malloc_sbrk_start
                0x200021b0        0x4 C:/ST/STM32CubeIDE_1.15.1/STM32CubeIDE/plugins/com.st.stm32cube.ide.mcu.externaltools.gnu-tools-for-stm32.12.3.rel1.win32_1.0.100.202403111256/tools/bin/../lib/gcc/arm-none-eabi/12.3.1/../../../../arm-none-eabi/lib/thumb/v7e-m+fp/hard\libc_nano.a(libc_a-mallocr.o)
                0x200021b0                __malloc_sbrk_start
 .bss.__malloc_free_list
                0x200021b4        0x4 C:/ST/STM32CubeIDE_1.15.1/STM32CubeIDE/plugins/com.st.stm32cube.ide.mcu.externaltools.gnu-tools-for-stm32.12.3.rel1.win32_1.0.100.202403111256/tools/bin/../lib/gcc/arm-none-eabi/12.3.1/../../../../arm-none-eabi/lib/thumb/v7e-m+fp/hard\libc_nano.a(libc_a-mallocr.o)
                0x200021b4                __malloc_free_list
 .bss.__sf      0x200021b8      0x138 C:/ST/STM32CubeIDE_1.15.1/STM32CubeIDE/plugins/com.st.stm32cube.ide.mcu.externaltools.gnu-tools-for-stm32.12.3.rel1.win32_1.0.100.202403111256/tools/bin/../lib/gcc/arm-none-eabi/12.3.1/../../../../arm-none-eabi/lib/thumb/v7e-m+fp/hard\libc_nano.a(libc_a-findfp.o)
                0x200021b8                __sf
 .bss.__stdio_exit_handler
                0x200022f0        0x4 C:/ST/STM32CubeIDE_1.15.1/STM32CubeIDE/plugins/com.st.stm32cube.ide.mcu.externaltools.gnu-tools-for-stm32.12.3.rel1.win32_1.0.100.202403111256/tools/bin/../lib/gcc/arm-none-eabi/12.3.1/../../../../arm-none-eabi/lib/thumb/v7e-m+fp/hard\libc_nano.a(libc_a-findfp.o)
                0x200022f0                __stdio_exit_handler
 .bss.errno     0x200022f4        0x4 C:/ST/STM32CubeIDE_1.15.1/STM32CubeIDE/plugins/com.st.stm32cube.ide.mcu.externaltools.gnu-tools-for-stm32.12.3.rel1.win32_1.0.100.202403111256/tools/bin/../lib/gcc/arm-none-eabi/12.3.1/../../../../arm-none-eabi/lib/thumb/v7e-m+fp/hard\libc_nano.a(libc_a-reent.o)
                0x200022f4                errno
 .bss.__lock___malloc_recursive_mutex
                0x200022f8        0x1 C:/ST/STM32CubeIDE_1.15.1/STM32CubeIDE/plugins/com.st.stm32cube.ide.mcu.externaltools.gnu-tools-for-stm32.12.3.rel1.win32_1.0.100.202403111256/tools/bin/../lib/gcc/arm-none-eabi/12.3.1/../../../../arm-none-eabi/lib/thumb/v7e-m+fp/hard\libc_nano.a(libc_a-lock.o)
                0x200022f8                __lock___malloc_recursive_mutex
 .bss.__lock___sfp_recursive_mutex
                0x200022f9        0x1 C:/ST/STM32CubeIDE_1.15.1/STM32CubeIDE/plugins/com.st.stm32cube.ide.mcu.externaltools.gnu-tools-for-stm32.12.3.rel1.win32_1.0.100.202403111256/tools/bin/../lib/gcc/arm-none-eabi/12.3.1/../../../../arm-none-eabi/lib/thumb/v7e-m+fp/hard\libc_nano.a(libc_a-lock.o)
                0x200022f9                __lock___sfp_recursive_mutex
 *(COMMON)
                0x200022fc                        . = ALIGN (0x4)
 *fill*         0x200022fa        0x2 
                0x200022fc                        _ebss = .
                0x200022fc                        __bss_end__ = _ebss

._user_heap_stack
                0x200022fc      0x604 load address 0x080064a4
                0x20002300                        . = ALIGN (0x8)
 *fill*         0x200022fc        0x4 
                [!provide]                        PROVIDE (end = .)
                0x20002300                        PROVIDE (_end = .)
                0x20002500                        . = (. + _Min_Heap_Size)
 *fill*         0x20002300      0x200 
                0x20002900                        . = (. + _Min_Stack_Size)
 *fill*         0x20002500      0x400 
                0x20002900                        . = ALIGN (0x8)

/DISCARD/
 libc.a(*)
 libm.a(*)
 libgcc.a(*)

.ARM.attributes
                0x00000000       0x30
 *(.ARM.attributes)
 .ARM.attributes
                0x00000000       0x22 C:/ST/STM32CubeIDE_1.15.1/STM32CubeIDE/plugins/com.st.stm32cube.ide.mcu.externaltools.gnu-tools-for-stm32.12.3.rel1.win32_1.0.100.202403111256/tools/bin/../lib/gcc/arm-none-eabi/12.3.1/thumb/v7e-m+fp/hard/crti.o
 .ARM.attributes
                0x00000022       0x34 C:/ST/STM32CubeIDE_1.15.1/STM32CubeIDE/plugins/com.st.stm32cube.ide.mcu.externaltools.gnu-tools-for-stm32.12.3.rel1.win32_1.0.100.202403111256/tools/bin/../lib/gcc/arm-none-eabi/12.3.1/thumb/v7e-m+fp/hard/crtbegin.o
 .ARM.attributes
                0x00000056       0x34 ./Src/adc.o
 .ARM.attributes
                0x0000008a       0x34 ./Src/bsp.o
 .ARM.attributes
                0x000000be       0x34 ./Src/dns.o
 .ARM.attributes
                0x000000f2       0x34 ./Src/fpu.o
 .ARM.attributes
                0x00000126       0x34 ./Src/main.o
 .ARM.attributes
                0x0000015a       0x34 ./Src/spi.o
 .ARM.attributes
                0x0000018e       0x34 ./Src/syscalls.o
 .ARM.attributes
                0x000001c2       0x34 ./Src/sysmem.o
 .ARM.attributes
                0x000001f6       0x34 ./Src/timebase.o
 .ARM.attributes
                0x0000022a       0x34 ./Src/uart.o
 .ARM.attributes
                0x0000025e       0x34 ./Src/w5500_driver.o
 .ARM.attributes
                0x00000292       0x21 ./Startup/startup_stm32f411retx.o
 .ARM.attributes
                0x000002b3       0x34 ./Wiznet_W5500/dhcp.o
 .ARM.attributes
                0x000002e7       0x34 ./Wiznet_W5500/socket.o
 .ARM.attributes
                0x0000031b       0x34 ./Wiznet_W5500/w5500.o
 .ARM.attributes
                0x0000034f       0x34 ./Wiznet_W5500/wizchip_conf.o
 .ARM.attributes
                0x00000383       0x34 C:/ST/STM32CubeIDE_1.15.1/STM32CubeIDE/plugins/com.st.stm32cube.ide.mcu.externaltools.gnu-tools-for-stm32.12.3.rel1.win32_1.0.100.202403111256/tools/bin/../lib/gcc/arm-none-eabi/12.3.1/../../../../arm-none-eabi/lib/thumb/v7e-m+fp/hard\libc_nano.a(libc_a-mallocr.o)
 .ARM.attributes
                0x000003b7       0x34 C:/ST/STM32CubeIDE_1.15.1/STM32CubeIDE/plugins/com.st.stm32cube.ide.mcu.externaltools.gnu-tools-for-stm32.12.3.rel1.win32_1.0.100.202403111256/tools/bin/../lib/gcc/arm-none-eabi/12.3.1/../../../../arm-none-eabi/lib/thumb/v7e-m+fp/hard\libc_nano.a(libc_a-mlock.o)
 .ARM.attributes
                0x000003eb       0x34 C:/ST/STM32CubeIDE_1.15.1/STM32CubeIDE/plugins/com.st.stm32cube.ide.mcu.externaltools.gnu-tools-for-stm32.12.3.rel1.win32_1.0.100.202403111256/tools/bin/../lib/gcc/arm-none-eabi/12.3.1/../../../../arm-none-eabi/lib/thumb/v7e-m+fp/hard\libc_nano.a(libc_a-findfp.o)
 .ARM.attributes
                0x0000041f       0x34 C:/ST/STM32CubeIDE_1.15.1/STM32CubeIDE/plugins/com.st.stm32cube.ide.mcu.externaltools.gnu-tools-for-stm32.12.3.rel1.win32_1.0.100.202403111256/tools/bin/../lib/gcc/arm-none-eabi/12.3.1/../../../../arm-none-eabi/lib/thumb/v7e-m+fp/hard\libc_nano.a(libc_a-fwalk.o)
 .ARM.attributes
                0x00000453       0x34 C:/ST/STM32CubeIDE_1.15.1/STM32CubeIDE/plugins/com.st.stm32cube.ide.mcu.externaltools.gnu-tools-for-stm32.12.3.rel1.win32_1.0.100.202403111256/tools/bin/../lib/gcc/arm-none-eabi/12.3.1/../../../../arm-none-eabi/lib/thumb/v7e-m+fp/hard\libc_nano.a(libc_a-printf.o)
 .ARM.attributes
                0x00000487       0x34 C:/ST/STM32CubeIDE_1.15.1/STM32CubeIDE/plugins/com.st.stm32cube.ide.mcu.externaltools.gnu-tools-for-stm32.12.3.rel1.win32_1.0.100.202403111256/tools/bin/../lib/gcc/arm-none-eabi/12.3.1/../../../../arm-none-eabi/lib/thumb/v7e-m+fp/hard\libc_nano.a(libc_a-puts.o)
 .ARM.attributes
                0x000004bb       0x34 C:/ST/STM32CubeIDE_1.15.1/STM32CubeIDE/plugins/com.st.stm32cube.ide.mcu.externaltools.gnu-tools-for-stm32.12.3.rel1.win32_1.0.100.202403111256/tools/bin/../lib/gcc/arm-none-eabi/12.3.1/../../../../arm-none-eabi/lib/thumb/v7e-m+fp/hard\libc_nano.a(libc_a-sprintf.o)
 .ARM.attributes
                0x000004ef       0x34 C:/ST/STM32CubeIDE_1.15.1/STM32CubeIDE/plugins/com.st.stm32cube.ide.mcu.externaltools.gnu-tools-for-stm32.12.3.rel1.win32_1.0.100.202403111256/tools/bin/../lib/gcc/arm-none-eabi/12.3.1/../../../../arm-none-eabi/lib/thumb/v7e-m+fp/hard\libc_nano.a(libc_a-stdio.o)
 .ARM.attributes
                0x00000523       0x34 C:/ST/STM32CubeIDE_1.15.1/STM32CubeIDE/plugins/com.st.stm32cube.ide.mcu.externaltools.gnu-tools-for-stm32.12.3.rel1.win32_1.0.100.202403111256/tools/bin/../lib/gcc/arm-none-eabi/12.3.1/../../../../arm-none-eabi/lib/thumb/v7e-m+fp/hard\libc_nano.a(libc_a-wbuf.o)
 .ARM.attributes
                0x00000557       0x34 C:/ST/STM32CubeIDE_1.15.1/STM32CubeIDE/plugins/com.st.stm32cube.ide.mcu.externaltools.gnu-tools-for-stm32.12.3.rel1.win32_1.0.100.202403111256/tools/bin/../lib/gcc/arm-none-eabi/12.3.1/../../../../arm-none-eabi/lib/thumb/v7e-m+fp/hard\libc_nano.a(libc_a-wsetup.o)
 .ARM.attributes
                0x0000058b       0x34 C:/ST/STM32CubeIDE_1.15.1/STM32CubeIDE/plugins/com.st.stm32cube.ide.mcu.externaltools.gnu-tools-for-stm32.12.3.rel1.win32_1.0.100.202403111256/tools/bin/../lib/gcc/arm-none-eabi/12.3.1/../../../../arm-none-eabi/lib/thumb/v7e-m+fp/hard\libc_nano.a(libc_a-memset.o)
 .ARM.attributes
                0x000005bf       0x34 C:/ST/STM32CubeIDE_1.15.1/STM32CubeIDE/plugins/com.st.stm32cube.ide.mcu.externaltools.gnu-tools-for-stm32.12.3.rel1.win32_1.0.100.202403111256/tools/bin/../lib/gcc/arm-none-eabi/12.3.1/../../../../arm-none-eabi/lib/thumb/v7e-m+fp/hard\libc_nano.a(libc_a-strchr.o)
 .ARM.attributes
                0x000005f3       0x34 C:/ST/STM32CubeIDE_1.15.1/STM32CubeIDE/plugins/com.st.stm32cube.ide.mcu.externaltools.gnu-tools-for-stm32.12.3.rel1.win32_1.0.100.202403111256/tools/bin/../lib/gcc/arm-none-eabi/12.3.1/../../../../arm-none-eabi/lib/thumb/v7e-m+fp/hard\libc_nano.a(libc_a-strncpy.o)
 .ARM.attributes
                0x00000627       0x34 C:/ST/STM32CubeIDE_1.15.1/STM32CubeIDE/plugins/com.st.stm32cube.ide.mcu.externaltools.gnu-tools-for-stm32.12.3.rel1.win32_1.0.100.202403111256/tools/bin/../lib/gcc/arm-none-eabi/12.3.1/../../../../arm-none-eabi/lib/thumb/v7e-m+fp/hard\libc_nano.a(libc_a-closer.o)
 .ARM.attributes
                0x0000065b       0x34 C:/ST/STM32CubeIDE_1.15.1/STM32CubeIDE/plugins/com.st.stm32cube.ide.mcu.externaltools.gnu-tools-for-stm32.12.3.rel1.win32_1.0.100.202403111256/tools/bin/../lib/gcc/arm-none-eabi/12.3.1/../../../../arm-none-eabi/lib/thumb/v7e-m+fp/hard\libc_nano.a(libc_a-reent.o)
 .ARM.attributes
                0x0000068f       0x34 C:/ST/STM32CubeIDE_1.15.1/STM32CubeIDE/plugins/com.st.stm32cube.ide.mcu.externaltools.gnu-tools-for-stm32.12.3.rel1.win32_1.0.100.202403111256/tools/bin/../lib/gcc/arm-none-eabi/12.3.1/../../../../arm-none-eabi/lib/thumb/v7e-m+fp/hard\libc_nano.a(libc_a-impure.o)
 .ARM.attributes
                0x000006c3       0x34 C:/ST/STM32CubeIDE_1.15.1/STM32CubeIDE/plugins/com.st.stm32cube.ide.mcu.externaltools.gnu-tools-for-stm32.12.3.rel1.win32_1.0.100.202403111256/tools/bin/../lib/gcc/arm-none-eabi/12.3.1/../../../../arm-none-eabi/lib/thumb/v7e-m+fp/hard\libc_nano.a(libc_a-lseekr.o)
 .ARM.attributes
                0x000006f7       0x34 C:/ST/STM32CubeIDE_1.15.1/STM32CubeIDE/plugins/com.st.stm32cube.ide.mcu.externaltools.gnu-tools-for-stm32.12.3.rel1.win32_1.0.100.202403111256/tools/bin/../lib/gcc/arm-none-eabi/12.3.1/../../../../arm-none-eabi/lib/thumb/v7e-m+fp/hard\libc_nano.a(libc_a-readr.o)
 .ARM.attributes
                0x0000072b       0x34 C:/ST/STM32CubeIDE_1.15.1/STM32CubeIDE/plugins/com.st.stm32cube.ide.mcu.externaltools.gnu-tools-for-stm32.12.3.rel1.win32_1.0.100.202403111256/tools/bin/../lib/gcc/arm-none-eabi/12.3.1/../../../../arm-none-eabi/lib/thumb/v7e-m+fp/hard\libc_nano.a(libc_a-sbrkr.o)
 .ARM.attributes
                0x0000075f       0x34 C:/ST/STM32CubeIDE_1.15.1/STM32CubeIDE/plugins/com.st.stm32cube.ide.mcu.externaltools.gnu-tools-for-stm32.12.3.rel1.win32_1.0.100.202403111256/tools/bin/../lib/gcc/arm-none-eabi/12.3.1/../../../../arm-none-eabi/lib/thumb/v7e-m+fp/hard\libc_nano.a(libc_a-writer.o)
 .ARM.attributes
                0x00000793       0x34 C:/ST/STM32CubeIDE_1.15.1/STM32CubeIDE/plugins/com.st.stm32cube.ide.mcu.externaltools.gnu-tools-for-stm32.12.3.rel1.win32_1.0.100.202403111256/tools/bin/../lib/gcc/arm-none-eabi/12.3.1/../../../../arm-none-eabi/lib/thumb/v7e-m+fp/hard\libc_nano.a(libc_a-errno.o)
 .ARM.attributes
                0x000007c7       0x34 C:/ST/STM32CubeIDE_1.15.1/STM32CubeIDE/plugins/com.st.stm32cube.ide.mcu.externaltools.gnu-tools-for-stm32.12.3.rel1.win32_1.0.100.202403111256/tools/bin/../lib/gcc/arm-none-eabi/12.3.1/../../../../arm-none-eabi/lib/thumb/v7e-m+fp/hard\libc_nano.a(libc_a-init.o)
 .ARM.attributes
                0x000007fb       0x34 C:/ST/STM32CubeIDE_1.15.1/STM32CubeIDE/plugins/com.st.stm32cube.ide.mcu.externaltools.gnu-tools-for-stm32.12.3.rel1.win32_1.0.100.202403111256/tools/bin/../lib/gcc/arm-none-eabi/12.3.1/../../../../arm-none-eabi/lib/thumb/v7e-m+fp/hard\libc_nano.a(libc_a-lock.o)
 .ARM.attributes
                0x0000082f       0x34 C:/ST/STM32CubeIDE_1.15.1/STM32CubeIDE/plugins/com.st.stm32cube.ide.mcu.externaltools.gnu-tools-for-stm32.12.3.rel1.win32_1.0.100.202403111256/tools/bin/../lib/gcc/arm-none-eabi/12.3.1/../../../../arm-none-eabi/lib/thumb/v7e-m+fp/hard\libc_nano.a(libc_a-strcpy.o)
 .ARM.attributes
                0x00000863       0x34 C:/ST/STM32CubeIDE_1.15.1/STM32CubeIDE/plugins/com.st.stm32cube.ide.mcu.externaltools.gnu-tools-for-stm32.12.3.rel1.win32_1.0.100.202403111256/tools/bin/../lib/gcc/arm-none-eabi/12.3.1/../../../../arm-none-eabi/lib/thumb/v7e-m+fp/hard\libc_nano.a(libc_a-memcpy-stub.o)
 .ARM.attributes
                0x00000897       0x17 C:/ST/STM32CubeIDE_1.15.1/STM32CubeIDE/plugins/com.st.stm32cube.ide.mcu.externaltools.gnu-tools-for-stm32.12.3.rel1.win32_1.0.100.202403111256/tools/bin/../lib/gcc/arm-none-eabi/12.3.1/../../../../arm-none-eabi/lib/thumb/v7e-m+fp/hard\libc_nano.a(libc_a-strlen.o)
 .ARM.attributes
                0x000008ae       0x34 C:/ST/STM32CubeIDE_1.15.1/STM32CubeIDE/plugins/com.st.stm32cube.ide.mcu.externaltools.gnu-tools-for-stm32.12.3.rel1.win32_1.0.100.202403111256/tools/bin/../lib/gcc/arm-none-eabi/12.3.1/../../../../arm-none-eabi/lib/thumb/v7e-m+fp/hard\libc_nano.a(libc_a-freer.o)
 .ARM.attributes
                0x000008e2       0x34 C:/ST/STM32CubeIDE_1.15.1/STM32CubeIDE/plugins/com.st.stm32cube.ide.mcu.externaltools.gnu-tools-for-stm32.12.3.rel1.win32_1.0.100.202403111256/tools/bin/../lib/gcc/arm-none-eabi/12.3.1/../../../../arm-none-eabi/lib/thumb/v7e-m+fp/hard\libc_nano.a(libc_a-nano-svfprintf.o)
 .ARM.attributes
                0x00000916       0x34 C:/ST/STM32CubeIDE_1.15.1/STM32CubeIDE/plugins/com.st.stm32cube.ide.mcu.externaltools.gnu-tools-for-stm32.12.3.rel1.win32_1.0.100.202403111256/tools/bin/../lib/gcc/arm-none-eabi/12.3.1/../../../../arm-none-eabi/lib/thumb/v7e-m+fp/hard\libc_nano.a(libc_a-nano-vfprintf.o)
 .ARM.attributes
                0x0000094a       0x34 C:/ST/STM32CubeIDE_1.15.1/STM32CubeIDE/plugins/com.st.stm32cube.ide.mcu.externaltools.gnu-tools-for-stm32.12.3.rel1.win32_1.0.100.202403111256/tools/bin/../lib/gcc/arm-none-eabi/12.3.1/../../../../arm-none-eabi/lib/thumb/v7e-m+fp/hard\libc_nano.a(libc_a-nano-vfprintf_i.o)
 .ARM.attributes
                0x0000097e       0x34 C:/ST/STM32CubeIDE_1.15.1/STM32CubeIDE/plugins/com.st.stm32cube.ide.mcu.externaltools.gnu-tools-for-stm32.12.3.rel1.win32_1.0.100.202403111256/tools/bin/../lib/gcc/arm-none-eabi/12.3.1/../../../../arm-none-eabi/lib/thumb/v7e-m+fp/hard\libc_nano.a(libc_a-fflush.o)
 .ARM.attributes
                0x000009b2       0x34 C:/ST/STM32CubeIDE_1.15.1/STM32CubeIDE/plugins/com.st.stm32cube.ide.mcu.externaltools.gnu-tools-for-stm32.12.3.rel1.win32_1.0.100.202403111256/tools/bin/../lib/gcc/arm-none-eabi/12.3.1/../../../../arm-none-eabi/lib/thumb/v7e-m+fp/hard\libc_nano.a(libc_a-makebuf.o)
 .ARM.attributes
                0x000009e6       0x34 C:/ST/STM32CubeIDE_1.15.1/STM32CubeIDE/plugins/com.st.stm32cube.ide.mcu.externaltools.gnu-tools-for-stm32.12.3.rel1.win32_1.0.100.202403111256/tools/bin/../lib/gcc/arm-none-eabi/12.3.1/../../../../arm-none-eabi/lib/thumb/v7e-m+fp/hard\libc_nano.a(libc_a-memmove.o)
 .ARM.attributes
                0x00000a1a       0x34 C:/ST/STM32CubeIDE_1.15.1/STM32CubeIDE/plugins/com.st.stm32cube.ide.mcu.externaltools.gnu-tools-for-stm32.12.3.rel1.win32_1.0.100.202403111256/tools/bin/../lib/gcc/arm-none-eabi/12.3.1/../../../../arm-none-eabi/lib/thumb/v7e-m+fp/hard\libc_nano.a(libc_a-fstatr.o)
 .ARM.attributes
                0x00000a4e       0x34 C:/ST/STM32CubeIDE_1.15.1/STM32CubeIDE/plugins/com.st.stm32cube.ide.mcu.externaltools.gnu-tools-for-stm32.12.3.rel1.win32_1.0.100.202403111256/tools/bin/../lib/gcc/arm-none-eabi/12.3.1/../../../../arm-none-eabi/lib/thumb/v7e-m+fp/hard\libc_nano.a(libc_a-isattyr.o)
 .ARM.attributes
                0x00000a82       0x1c C:/ST/STM32CubeIDE_1.15.1/STM32CubeIDE/plugins/com.st.stm32cube.ide.mcu.externaltools.gnu-tools-for-stm32.12.3.rel1.win32_1.0.100.202403111256/tools/bin/../lib/gcc/arm-none-eabi/12.3.1/../../../../arm-none-eabi/lib/thumb/v7e-m+fp/hard\libc_nano.a(libc_a-memchr.o)
 .ARM.attributes
                0x00000a9e       0x34 C:/ST/STM32CubeIDE_1.15.1/STM32CubeIDE/plugins/com.st.stm32cube.ide.mcu.externaltools.gnu-tools-for-stm32.12.3.rel1.win32_1.0.100.202403111256/tools/bin/../lib/gcc/arm-none-eabi/12.3.1/../../../../arm-none-eabi/lib/thumb/v7e-m+fp/hard\libc_nano.a(libc_a-reallocr.o)
 .ARM.attributes
                0x00000ad2       0x34 C:/ST/STM32CubeIDE_1.15.1/STM32CubeIDE/plugins/com.st.stm32cube.ide.mcu.externaltools.gnu-tools-for-stm32.12.3.rel1.win32_1.0.100.202403111256/tools/bin/../lib/gcc/arm-none-eabi/12.3.1/../../../../arm-none-eabi/lib/thumb/v7e-m+fp/hard\libc_nano.a(libc_a-msizer.o)
 .ARM.attributes
                0x00000b06       0x22 C:/ST/STM32CubeIDE_1.15.1/STM32CubeIDE/plugins/com.st.stm32cube.ide.mcu.externaltools.gnu-tools-for-stm32.12.3.rel1.win32_1.0.100.202403111256/tools/bin/../lib/gcc/arm-none-eabi/12.3.1/thumb/v7e-m+fp/hard/crtn.o
OUTPUT(10_w5500_dns_http-c.elf elf32-littlearm)
LOAD linker stubs
LOAD C:/ST/STM32CubeIDE_1.15.1/STM32CubeIDE/plugins/com.st.stm32cube.ide.mcu.externaltools.gnu-tools-for-stm32.12.3.rel1.win32_1.0.100.202403111256/tools/bin/../lib/gcc/arm-none-eabi/12.3.1/../../../../arm-none-eabi/lib/thumb/v7e-m+fp/hard\libc.a
LOAD C:/ST/STM32CubeIDE_1.15.1/STM32CubeIDE/plugins/com.st.stm32cube.ide.mcu.externaltools.gnu-tools-for-stm32.12.3.rel1.win32_1.0.100.202403111256/tools/bin/../lib/gcc/arm-none-eabi/12.3.1/../../../../arm-none-eabi/lib/thumb/v7e-m+fp/hard\libm.a
LOAD C:/ST/STM32CubeIDE_1.15.1/STM32CubeIDE/plugins/com.st.stm32cube.ide.mcu.externaltools.gnu-tools-for-stm32.12.3.rel1.win32_1.0.100.202403111256/tools/bin/../lib/gcc/arm-none-eabi/12.3.1/thumb/v7e-m+fp/hard\libgcc.a

.debug_info     0x00000000     0x56c5
 .debug_info    0x00000000      0x3fc ./Src/adc.o
 .debug_info    0x000003fc      0x333 ./Src/bsp.o
 .debug_info    0x0000072f      0x765 ./Src/dns.o
 .debug_info    0x00000e94      0x249 ./Src/fpu.o
 .debug_info    0x000010dd      0x3a5 ./Src/main.o
 .debug_info    0x00001482      0x708 ./Src/spi.o
 .debug_info    0x00001b8a      0x6a3 ./Src/syscalls.o
 .debug_info    0x0000222d      0x168 ./Src/sysmem.o
 .debug_info    0x00002395      0x1d7 ./Src/timebase.o
 .debug_info    0x0000256c      0x418 ./Src/uart.o
 .debug_info    0x00002984      0xa1d ./Src/w5500_driver.o
 .debug_info    0x000033a1       0x30 ./Startup/startup_stm32f411retx.o
 .debug_info    0x000033d1      0xa1e ./Wiznet_W5500/dhcp.o
 .debug_info    0x00003def      0x727 ./Wiznet_W5500/socket.o
 .debug_info    0x00004516      0x539 ./Wiznet_W5500/w5500.o
 .debug_info    0x00004a4f      0xc76 ./Wiznet_W5500/wizchip_conf.o

.debug_abbrev   0x00000000     0x194a
 .debug_abbrev  0x00000000      0x107 ./Src/adc.o
 .debug_abbrev  0x00000107       0xd2 ./Src/bsp.o
 .debug_abbrev  0x000001d9      0x239 ./Src/dns.o
 .debug_abbrev  0x00000412       0xb8 ./Src/fpu.o
 .debug_abbrev  0x000004ca      0x1f0 ./Src/main.o
 .debug_abbrev  0x000006ba      0x1af ./Src/spi.o
 .debug_abbrev  0x00000869      0x1b6 ./Src/syscalls.o
 .debug_abbrev  0x00000a1f       0xbc ./Src/sysmem.o
 .debug_abbrev  0x00000adb      0x16e ./Src/timebase.o
 .debug_abbrev  0x00000c49      0x141 ./Src/uart.o
 .debug_abbrev  0x00000d8a      0x261 ./Src/w5500_driver.o
 .debug_abbrev  0x00000feb       0x24 ./Startup/startup_stm32f411retx.o
 .debug_abbrev  0x0000100f      0x23a ./Wiznet_W5500/dhcp.o
 .debug_abbrev  0x00001249      0x1c1 ./Wiznet_W5500/socket.o
 .debug_abbrev  0x0000140a      0x21f ./Wiznet_W5500/w5500.o
 .debug_abbrev  0x00001629      0x321 ./Wiznet_W5500/wizchip_conf.o

.debug_aranges  0x00000000      0x638
 .debug_aranges
                0x00000000       0x30 ./Src/adc.o
 .debug_aranges
                0x00000030       0x40 ./Src/bsp.o
 .debug_aranges
                0x00000070       0x70 ./Src/dns.o
 .debug_aranges
                0x000000e0       0x20 ./Src/fpu.o
 .debug_aranges
                0x00000100       0x38 ./Src/main.o
 .debug_aranges
                0x00000138       0x40 ./Src/spi.o
 .debug_aranges
                0x00000178       0xa8 ./Src/syscalls.o
 .debug_aranges
                0x00000220       0x20 ./Src/sysmem.o
 .debug_aranges
                0x00000240       0x40 ./Src/timebase.o
 .debug_aranges
                0x00000280       0x40 ./Src/uart.o
 .debug_aranges
                0x000002c0       0x78 ./Src/w5500_driver.o
 .debug_aranges
                0x00000338       0x28 ./Startup/startup_stm32f411retx.o
 .debug_aranges
                0x00000360       0xc8 ./Wiznet_W5500/dhcp.o
 .debug_aranges
                0x00000428       0x78 ./Wiznet_W5500/socket.o
 .debug_aranges
                0x000004a0       0x60 ./Wiznet_W5500/w5500.o
 .debug_aranges
                0x00000500      0x138 ./Wiznet_W5500/wizchip_conf.o

.debug_rnglists
                0x00000000      0x499
 .debug_rnglists
                0x00000000       0x1f ./Src/adc.o
 .debug_rnglists
                0x0000001f       0x2b ./Src/bsp.o
 .debug_rnglists
                0x0000004a       0x54 ./Src/dns.o
 .debug_rnglists
                0x0000009e       0x13 ./Src/fpu.o
 .debug_rnglists
                0x000000b1       0x27 ./Src/main.o
 .debug_rnglists
                0x000000d8       0x30 ./Src/spi.o
 .debug_rnglists
                0x00000108       0x79 ./Src/syscalls.o
 .debug_rnglists
                0x00000181       0x13 ./Src/sysmem.o
 .debug_rnglists
                0x00000194       0x2b ./Src/timebase.o
 .debug_rnglists
                0x000001bf       0x2c ./Src/uart.o
 .debug_rnglists
                0x000001eb       0x56 ./Src/w5500_driver.o
 .debug_rnglists
                0x00000241       0x19 ./Startup/startup_stm32f411retx.o
 .debug_rnglists
                0x0000025a       0x99 ./Wiznet_W5500/dhcp.o
 .debug_rnglists
                0x000002f3       0x6d ./Wiznet_W5500/socket.o
 .debug_rnglists
                0x00000360       0x4c ./Wiznet_W5500/w5500.o
 .debug_rnglists
                0x000003ac       0xed ./Wiznet_W5500/wizchip_conf.o

.debug_macro    0x00000000    0x11149
 .debug_macro   0x00000000      0x108 ./Src/adc.o
 .debug_macro   0x00000108      0xac0 ./Src/adc.o
 .debug_macro   0x00000bc8       0x22 ./Src/adc.o
 .debug_macro   0x00000bea       0x8e ./Src/adc.o
 .debug_macro   0x00000c78       0x51 ./Src/adc.o
 .debug_macro   0x00000cc9      0x103 ./Src/adc.o
 .debug_macro   0x00000dcc       0x6a ./Src/adc.o
 .debug_macro   0x00000e36      0x1df ./Src/adc.o
 .debug_macro   0x00001015       0x28 ./Src/adc.o
 .debug_macro   0x0000103d       0x28 ./Src/adc.o
 .debug_macro   0x00001065       0x1c ./Src/adc.o
 .debug_macro   0x00001081       0x22 ./Src/adc.o
 .debug_macro   0x000010a3       0xd9 ./Src/adc.o
 .debug_macro   0x0000117c     0x102d ./Src/adc.o
 .debug_macro   0x000021a9      0x11f ./Src/adc.o
 .debug_macro   0x000022c8     0xb937 ./Src/adc.o
 .debug_macro   0x0000dbff       0x43 ./Src/adc.o
 .debug_macro   0x0000dc42      0x105 ./Src/bsp.o
 .debug_macro   0x0000dd47       0x22 ./Src/bsp.o
 .debug_macro   0x0000dd69      0x26a ./Src/dns.o
 .debug_macro   0x0000dfd3       0x5b ./Src/dns.o
 .debug_macro   0x0000e02e       0x2a ./Src/dns.o
 .debug_macro   0x0000e058       0x94 ./Src/dns.o
 .debug_macro   0x0000e0ec       0x43 ./Src/dns.o
 .debug_macro   0x0000e12f       0x34 ./Src/dns.o
 .debug_macro   0x0000e163      0x189 ./Src/dns.o
 .debug_macro   0x0000e2ec       0x16 ./Src/dns.o
 .debug_macro   0x0000e302       0x43 ./Src/dns.o
 .debug_macro   0x0000e345       0x57 ./Src/dns.o
 .debug_macro   0x0000e39c       0x34 ./Src/dns.o
 .debug_macro   0x0000e3d0       0x10 ./Src/dns.o
 .debug_macro   0x0000e3e0       0x58 ./Src/dns.o
 .debug_macro   0x0000e438       0x8e ./Src/dns.o
 .debug_macro   0x0000e4c6       0x1c ./Src/dns.o
 .debug_macro   0x0000e4e2      0x177 ./Src/dns.o
 .debug_macro   0x0000e659      0x369 ./Src/dns.o
 .debug_macro   0x0000e9c2       0x10 ./Src/dns.o
 .debug_macro   0x0000e9d2       0x35 ./Src/dns.o
 .debug_macro   0x0000ea07       0x20 ./Src/dns.o
 .debug_macro   0x0000ea27       0x16 ./Src/dns.o
 .debug_macro   0x0000ea3d       0x16 ./Src/dns.o
 .debug_macro   0x0000ea53       0x29 ./Src/dns.o
 .debug_macro   0x0000ea7c       0x66 ./Src/dns.o
 .debug_macro   0x0000eae2      0x5e7 ./Src/dns.o
 .debug_macro   0x0000f0c9       0x66 ./Src/dns.o
 .debug_macro   0x0000f12f       0xd8 ./Src/dns.o
 .debug_macro   0x0000f207       0x2e ./Src/dns.o
 .debug_macro   0x0000f235       0xce ./Src/fpu.o
 .debug_macro   0x0000f303      0x287 ./Src/main.o
 .debug_macro   0x0000f58a       0x16 ./Src/main.o
 .debug_macro   0x0000f5a0       0x9e ./Src/main.o
 .debug_macro   0x0000f63e      0x10b ./Src/main.o
 .debug_macro   0x0000f749       0x10 ./Src/main.o
 .debug_macro   0x0000f759       0x16 ./Src/main.o
 .debug_macro   0x0000f76f       0x16 ./Src/main.o
 .debug_macro   0x0000f785      0x146 ./Src/main.o
 .debug_macro   0x0000f8cb       0x10 ./Src/main.o
 .debug_macro   0x0000f8db       0x7c ./Src/main.o
 .debug_macro   0x0000f957       0x6c ./Src/main.o
 .debug_macro   0x0000f9c3       0x2e ./Src/main.o
 .debug_macro   0x0000f9f1       0x6a ./Src/main.o
 .debug_macro   0x0000fa5b       0xfb ./Src/spi.o
 .debug_macro   0x0000fb56      0x274 ./Src/syscalls.o
 .debug_macro   0x0000fdca       0x10 ./Src/syscalls.o
 .debug_macro   0x0000fdda       0x10 ./Src/syscalls.o
 .debug_macro   0x0000fdea       0x10 ./Src/syscalls.o
 .debug_macro   0x0000fdfa       0x10 ./Src/syscalls.o
 .debug_macro   0x0000fe0a       0x1c ./Src/syscalls.o
 .debug_macro   0x0000fe26       0x52 ./Src/syscalls.o
 .debug_macro   0x0000fe78       0x22 ./Src/syscalls.o
 .debug_macro   0x0000fe9a       0x10 ./Src/syscalls.o
 .debug_macro   0x0000feaa       0x52 ./Src/syscalls.o
 .debug_macro   0x0000fefc       0xcf ./Src/syscalls.o
 .debug_macro   0x0000ffcb       0x1c ./Src/syscalls.o
 .debug_macro   0x0000ffe7       0x3d ./Src/syscalls.o
 .debug_macro   0x00010024       0x35 ./Src/syscalls.o
 .debug_macro   0x00010059      0x12c ./Src/syscalls.o
 .debug_macro   0x00010185       0x10 ./Src/syscalls.o
 .debug_macro   0x00010195      0x242 ./Src/syscalls.o
 .debug_macro   0x000103d7       0x1c ./Src/syscalls.o
 .debug_macro   0x000103f3       0x10 ./Src/syscalls.o
 .debug_macro   0x00010403      0x18a ./Src/syscalls.o
 .debug_macro   0x0001058d       0x16 ./Src/syscalls.o
 .debug_macro   0x000105a3       0xce ./Src/syscalls.o
 .debug_macro   0x00010671       0xff ./Src/sysmem.o
 .debug_macro   0x00010770      0x23c ./Src/sysmem.o
 .debug_macro   0x000109ac      0x108 ./Src/timebase.o
 .debug_macro   0x00010ab4      0x108 ./Src/uart.o
 .debug_macro   0x00010bbc      0x243 ./Src/w5500_driver.o
 .debug_macro   0x00010dff       0x1c ./Src/w5500_driver.o
 .debug_macro   0x00010e1b      0x145 ./Wiznet_W5500/dhcp.o
 .debug_macro   0x00010f60       0xb8 ./Wiznet_W5500/socket.o
 .debug_macro   0x00011018       0x9d ./Wiznet_W5500/w5500.o
 .debug_macro   0x000110b5       0x94 ./Wiznet_W5500/wizchip_conf.o

.debug_line     0x00000000     0x8ad5
 .debug_line    0x00000000      0x62d ./Src/adc.o
 .debug_line    0x0000062d      0x64e ./Src/bsp.o
 .debug_line    0x00000c7b      0xb07 ./Src/dns.o
 .debug_line    0x00001782      0x579 ./Src/fpu.o
 .debug_line    0x00001cfb      0x967 ./Src/main.o
 .debug_line    0x00002662      0xb46 ./Src/spi.o
 .debug_line    0x000031a8      0x8ad ./Src/syscalls.o
 .debug_line    0x00003a55      0x57e ./Src/sysmem.o
 .debug_line    0x00003fd3      0x69a ./Src/timebase.o
 .debug_line    0x0000466d      0x69a ./Src/uart.o
 .debug_line    0x00004d07      0x9ce ./Src/w5500_driver.o
 .debug_line    0x000056d5       0x7b ./Startup/startup_stm32f411retx.o
 .debug_line    0x00005750     0x1359 ./Wiznet_W5500/dhcp.o
 .debug_line    0x00006aa9      0xd79 ./Wiznet_W5500/socket.o
 .debug_line    0x00007822      0x756 ./Wiznet_W5500/w5500.o
 .debug_line    0x00007f78      0xb5d ./Wiznet_W5500/wizchip_conf.o

.debug_str      0x00000000    0x5aa71
 .debug_str     0x00000000    0x4f722 ./Src/adc.o
                              0x4f890 (size before relaxing)
 .debug_str     0x0004f722       0xd7 ./Src/bsp.o
                              0x4f85e (size before relaxing)
 .debug_str     0x0004f7f9     0x67c0 ./Src/dns.o
                               0xa5d7 (size before relaxing)
 .debug_str     0x00055fb9       0x6c ./Src/fpu.o
                              0x4f6b9 (size before relaxing)
 .debug_str     0x00056025     0x1102 ./Src/main.o
                              0x56c34 (size before relaxing)
 .debug_str     0x00057127      0x278 ./Src/spi.o
                              0x5003b (size before relaxing)
 .debug_str     0x0005739f     0x1fb9 ./Src/syscalls.o
                               0x98cf (size before relaxing)
 .debug_str     0x00059358       0x66 ./Src/sysmem.o
                               0x60e7 (size before relaxing)
 .debug_str     0x000593be      0x10f ./Src/timebase.o
                              0x4f791 (size before relaxing)
 .debug_str     0x000594cd       0xd5 ./Src/uart.o
                              0x4f89c (size before relaxing)
 .debug_str     0x000595a2      0x24e ./Src/w5500_driver.o
                              0x56ad1 (size before relaxing)
 .debug_str     0x000597f0       0x85 ./Startup/startup_stm32f411retx.o
 .debug_str     0x00059875      0x8b5 ./Wiznet_W5500/dhcp.o
                               0x7669 (size before relaxing)
 .debug_str     0x0005a12a      0x3f4 ./Wiznet_W5500/socket.o
                               0x70c1 (size before relaxing)
 .debug_str     0x0005a51e       0xea ./Wiznet_W5500/w5500.o
                               0x6a7c (size before relaxing)
 .debug_str     0x0005a608      0x469 ./Wiznet_W5500/wizchip_conf.o
                               0x7372 (size before relaxing)

.comment        0x00000000       0x43
 .comment       0x00000000       0x43 ./Src/adc.o
                                 0x44 (size before relaxing)
 .comment       0x00000043       0x44 ./Src/bsp.o
 .comment       0x00000043       0x44 ./Src/dns.o
 .comment       0x00000043       0x44 ./Src/fpu.o
 .comment       0x00000043       0x44 ./Src/main.o
 .comment       0x00000043       0x44 ./Src/spi.o
 .comment       0x00000043       0x44 ./Src/syscalls.o
 .comment       0x00000043       0x44 ./Src/sysmem.o
 .comment       0x00000043       0x44 ./Src/timebase.o
 .comment       0x00000043       0x44 ./Src/uart.o
 .comment       0x00000043       0x44 ./Src/w5500_driver.o
 .comment       0x00000043       0x44 ./Wiznet_W5500/dhcp.o
 .comment       0x00000043       0x44 ./Wiznet_W5500/socket.o
 .comment       0x00000043       0x44 ./Wiznet_W5500/w5500.o
 .comment       0x00000043       0x44 ./Wiznet_W5500/wizchip_conf.o

.debug_frame    0x00000000     0x2024
 .debug_frame   0x00000000       0x70 ./Src/adc.o
 .debug_frame   0x00000070       0xb0 ./Src/bsp.o
 .debug_frame   0x00000120      0x1b0 ./Src/dns.o
 .debug_frame   0x000002d0       0x30 ./Src/fpu.o
 .debug_frame   0x00000300       0x9c ./Src/main.o
 .debug_frame   0x0000039c       0xcc ./Src/spi.o
 .debug_frame   0x00000468      0x2ac ./Src/syscalls.o
 .debug_frame   0x00000714       0x34 ./Src/sysmem.o
 .debug_frame   0x00000748       0xb0 ./Src/timebase.o
 .debug_frame   0x000007f8       0xc4 ./Src/uart.o
 .debug_frame   0x000008bc      0x1a8 ./Src/w5500_driver.o
 .debug_frame   0x00000a64      0x32c ./Wiznet_W5500/dhcp.o
 .debug_frame   0x00000d90      0x1d4 ./Wiznet_W5500/socket.o
 .debug_frame   0x00000f64      0x16c ./Wiznet_W5500/w5500.o
 .debug_frame   0x000010d0      0x534 ./Wiznet_W5500/wizchip_conf.o
 .debug_frame   0x00001604       0x50 C:/ST/STM32CubeIDE_1.15.1/STM32CubeIDE/plugins/com.st.stm32cube.ide.mcu.externaltools.gnu-tools-for-stm32.12.3.rel1.win32_1.0.100.202403111256/tools/bin/../lib/gcc/arm-none-eabi/12.3.1/../../../../arm-none-eabi/lib/thumb/v7e-m+fp/hard\libc_nano.a(libc_a-mallocr.o)
 .debug_frame   0x00001654       0x30 C:/ST/STM32CubeIDE_1.15.1/STM32CubeIDE/plugins/com.st.stm32cube.ide.mcu.externaltools.gnu-tools-for-stm32.12.3.rel1.win32_1.0.100.202403111256/tools/bin/../lib/gcc/arm-none-eabi/12.3.1/../../../../arm-none-eabi/lib/thumb/v7e-m+fp/hard\libc_nano.a(libc_a-mlock.o)
 .debug_frame   0x00001684      0x144 C:/ST/STM32CubeIDE_1.15.1/STM32CubeIDE/plugins/com.st.stm32cube.ide.mcu.externaltools.gnu-tools-for-stm32.12.3.rel1.win32_1.0.100.202403111256/tools/bin/../lib/gcc/arm-none-eabi/12.3.1/../../../../arm-none-eabi/lib/thumb/v7e-m+fp/hard\libc_nano.a(libc_a-findfp.o)
 .debug_frame   0x000017c8       0x34 C:/ST/STM32CubeIDE_1.15.1/STM32CubeIDE/plugins/com.st.stm32cube.ide.mcu.externaltools.gnu-tools-for-stm32.12.3.rel1.win32_1.0.100.202403111256/tools/bin/../lib/gcc/arm-none-eabi/12.3.1/../../../../arm-none-eabi/lib/thumb/v7e-m+fp/hard\libc_nano.a(libc_a-fwalk.o)
 .debug_frame   0x000017fc       0x6c C:/ST/STM32CubeIDE_1.15.1/STM32CubeIDE/plugins/com.st.stm32cube.ide.mcu.externaltools.gnu-tools-for-stm32.12.3.rel1.win32_1.0.100.202403111256/tools/bin/../lib/gcc/arm-none-eabi/12.3.1/../../../../arm-none-eabi/lib/thumb/v7e-m+fp/hard\libc_nano.a(libc_a-printf.o)
 .debug_frame   0x00001868       0x3c C:/ST/STM32CubeIDE_1.15.1/STM32CubeIDE/plugins/com.st.stm32cube.ide.mcu.externaltools.gnu-tools-for-stm32.12.3.rel1.win32_1.0.100.202403111256/tools/bin/../lib/gcc/arm-none-eabi/12.3.1/../../../../arm-none-eabi/lib/thumb/v7e-m+fp/hard\libc_nano.a(libc_a-puts.o)